CP3 Nuc 3D
2026-05-20 04:38:12,929 [INFO] WRITING LOG OUTPUT TO /scicore/home/basler/basler0004/.cellpose/run.log
2026-05-20 04:38:12,929 [INFO] 
cellpose version: 	3.1.1.3 
platform:       	linux 
python version: 	3.11.15 
torch version:  	2.9.0+cu130
2026-05-20 04:38:13,206 [INFO] ** TORCH CUDA version installed and working. **
2026-05-20 04:38:13,206 [INFO] >>>> using GPU (CUDA)
2026-05-20 04:38:13,207 [WARNING] pretrained model has incorrect path, using cyto3
2026-05-20 04:38:13,222 [INFO] >>>> running cellpose on 1 images using chan_to_seg GRAY and chan (opt) NONE
2026-05-20 04:38:13,222 [INFO] >> cyto3 << model set to be used
2026-05-20 04:38:13,278 [INFO] >>>> loading model /scicore/home/basler/basler0004/.cellpose/models/cyto3
2026-05-20 04:38:13,609 [INFO] >>>> model diam_mean =  30.000 (ROIs rescaled to this size during training)
2026-05-20 04:38:13,610 [INFO] >>>> using diameter 50.000 for all images
2026-05-20 04:38:13,612 [INFO] 0%|          | 0/1 [00:00<?, ?it/s]
2026-05-20 04:38:13,720 [INFO] reading tiff with 101 planes
2026-05-20 04:38:19,704 [WARNING] z_axis not specified, assuming it is dim 0
2026-05-20 04:38:19,706 [WARNING] if this is actually the channel_axis, use 'model.eval(channel_axis=0, ...)'
2026-05-20 04:38:19,707 [INFO] multi-stack tiff read in as having 101 planes 1 channels
2026-05-20 04:38:27,097 [INFO] resizing 3D image with rescale=0.60 and anisotropy=2.43
2026-05-20 04:38:29,711 [INFO] running YX: 147 planes of size (1632, 1632)
2026-05-20 04:38:29,712 [INFO] 
2026-05-20 04:38:29,712 [INFO] 0%|          | 0/14 [00:00<?, ?it/s]
2026-05-20 04:38:29,712 [INFO] [A
2026-05-20 04:39:00,358 [INFO] 
2026-05-20 04:39:00,360 [INFO] 86%|########5 | 12/14 [00:30<00:05,  2.55s/it]
2026-05-20 04:39:00,360 [INFO] [A
2026-05-20 04:39:03,592 [INFO] 100%|##########| 14/14 [00:33<00:00,  2.42s/it]
2026-05-20 04:39:07,828 [INFO] running ZY: 1632 planes of size (147, 1632)
2026-05-20 04:39:07,828 [INFO] 
2026-05-20 04:39:07,828 [INFO] 0%|          | 0/17 [00:00<?, ?it/s]
2026-05-20 04:39:07,828 [INFO] [A
2026-05-20 04:39:37,915 [INFO] 
2026-05-20 04:39:37,915 [INFO] 100%|##########| 17/17 [00:30<00:00,  1.77s/it]
2026-05-20 04:39:37,915 [INFO] [A
2026-05-20 04:39:37,915 [INFO] 100%|##########| 17/17 [00:30<00:00,  1.77s/it]
2026-05-20 04:39:40,425 [INFO] running ZX: 1632 planes of size (147, 1632)
2026-05-20 04:39:40,425 [INFO] 
2026-05-20 04:39:40,425 [INFO] 0%|          | 0/17 [00:00<?, ?it/s]
2026-05-20 04:39:40,425 [INFO] [A
2026-05-20 04:40:12,381 [INFO] 
2026-05-20 04:40:12,381 [INFO] 65%|######4   | 11/17 [00:31<00:17,  2.91s/it]
2026-05-20 04:40:12,381 [INFO] [A
2026-05-20 04:40:23,615 [INFO] 
2026-05-20 04:40:23,616 [INFO] 65%|######4   | 11/17 [00:43<00:17,  2.91s/it]
2026-05-20 04:40:23,616 [INFO] [A
2026-05-20 04:40:28,070 [INFO] 100%|##########| 17/17 [00:47<00:00,  2.80s/it]
2026-05-20 04:40:34,896 [INFO] resizing 3D flows and cellprob to original image size
2026-05-20 04:40:48,390 [INFO] network run in 141.29s
2026-05-20 04:40:48,498 [INFO] smoothing flows with sigma=1.74
2026-05-20 04:42:42,906 [INFO] masks created in 37.16s
2026-05-20 04:43:31,602 [INFO] 100%|##########| 1/1 [05:17<00:00, 317.99s/it]
2026-05-20 04:43:31,602 [INFO] 100%|##########| 1/1 [05:17<00:00, 317.99s/it]
2026-05-20 04:43:31,603 [INFO] >>>> completed in 318.396 sec
