CP3 Cell 3D
2026-05-20 04:43:46,633 [INFO] WRITING LOG OUTPUT TO /scicore/home/basler/basler0004/.cellpose/run.log
2026-05-20 04:43:46,634 [INFO] 
cellpose version: 	3.1.1.3 
platform:       	linux 
python version: 	3.11.15 
torch version:  	2.9.0+cu130
2026-05-20 04:43:47,113 [INFO] ** TORCH CUDA version installed and working. **
2026-05-20 04:43:47,113 [INFO] >>>> using GPU (CUDA)
2026-05-20 04:43:47,113 [WARNING] pretrained model has incorrect path, using cyto3
2026-05-20 04:43:47,117 [INFO] >>>> running cellpose on 1 images using chan_to_seg GRAY and chan (opt) NONE
2026-05-20 04:43:47,117 [INFO] >> cyto3 << model set to be used
2026-05-20 04:43:47,174 [INFO] >>>> loading model /scicore/home/basler/basler0004/.cellpose/models/cyto3
2026-05-20 04:43:47,241 [INFO] >>>> model diam_mean =  30.000 (ROIs rescaled to this size during training)
2026-05-20 04:43:47,241 [INFO] >>>> using diameter 69.970 for all images
2026-05-20 04:43:47,243 [INFO] 0%|          | 0/1 [00:00<?, ?it/s]
2026-05-20 04:43:47,306 [INFO] reading tiff with 101 planes
2026-05-20 04:43:53,440 [WARNING] z_axis not specified, assuming it is dim 0
2026-05-20 04:43:53,440 [WARNING] if this is actually the channel_axis, use 'model.eval(channel_axis=0, ...)'
2026-05-20 04:43:53,441 [INFO] multi-stack tiff read in as having 101 planes 1 channels
2026-05-20 04:43:59,527 [INFO] resizing 3D image with rescale=0.43 and anisotropy=2.43
2026-05-20 04:44:00,648 [INFO] running YX: 105 planes of size (1166, 1166)
2026-05-20 04:44:00,648 [INFO] 
2026-05-20 04:44:00,648 [INFO] 0%|          | 0/6 [00:00<?, ?it/s]
2026-05-20 04:44:00,648 [INFO] [A
2026-05-20 04:44:14,326 [INFO] 100%|##########| 6/6 [00:13<00:00,  2.28s/it]
2026-05-20 04:44:15,866 [INFO] running ZY: 1166 planes of size (105, 1166)
2026-05-20 04:44:15,866 [INFO] 
2026-05-20 04:44:15,866 [INFO] 0%|          | 0/9 [00:00<?, ?it/s]
2026-05-20 04:44:15,866 [INFO] [A
2026-05-20 04:44:27,177 [INFO] 100%|##########| 9/9 [00:11<00:00,  1.26s/it]
2026-05-20 04:44:28,145 [INFO] running ZX: 1166 planes of size (105, 1166)
2026-05-20 04:44:28,146 [INFO] 
2026-05-20 04:44:28,146 [INFO] 0%|          | 0/9 [00:00<?, ?it/s]
2026-05-20 04:44:28,146 [INFO] [A
2026-05-20 04:44:45,065 [INFO] 100%|##########| 9/9 [00:16<00:00,  1.88s/it]
2026-05-20 04:44:48,139 [INFO] resizing 3D flows and cellprob to original image size
2026-05-20 04:44:58,246 [INFO] network run in 58.72s
2026-05-20 04:44:58,296 [INFO] smoothing flows with sigma=1.74
