CP3 Cell Stitch
2026-05-20 04:44:31,882 [INFO] WRITING LOG OUTPUT TO /scicore/home/basler/basler0004/.cellpose/run.log
2026-05-20 04:44:31,883 [INFO] 
cellpose version: 	3.1.1.3 
platform:       	linux 
python version: 	3.11.15 
torch version:  	2.9.0+cu130
2026-05-20 04:44:32,383 [INFO] ** TORCH CUDA version installed and working. **
2026-05-20 04:44:32,383 [INFO] >>>> using GPU (CUDA)
2026-05-20 04:44:32,384 [WARNING] pretrained model has incorrect path, using cyto3
2026-05-20 04:44:32,387 [INFO] >>>> running cellpose on 1 images using chan_to_seg GRAY and chan (opt) NONE
2026-05-20 04:44:32,388 [INFO] ** TORCH CUDA version installed and working. **
2026-05-20 04:44:32,388 [INFO] >>>> using GPU (CUDA)
2026-05-20 04:44:32,388 [INFO] >> cyto3 << model set to be used
2026-05-20 04:44:32,444 [INFO] >>>> loading model /scicore/home/basler/basler0004/.cellpose/models/cyto3
2026-05-20 04:44:32,516 [INFO] >>>> model diam_mean =  30.000 (ROIs rescaled to this size during training)
2026-05-20 04:44:32,519 [INFO] >>>> using diameter 69.970 for all images
2026-05-20 04:44:32,520 [INFO] 0%|          | 0/1 [00:00<?, ?it/s]
2026-05-20 04:44:32,527 [INFO] reading tiff with 101 planes
2026-05-20 04:44:33,837 [INFO] channels set to [0, 0]
2026-05-20 04:44:33,837 [INFO] ~~~ FINDING MASKS ~~~
2026-05-20 04:44:33,837 [WARNING] z_axis not specified, assuming it is dim 0
2026-05-20 04:44:33,837 [WARNING] if this is actually the channel_axis, use 'model.eval(channel_axis=0, ...)'
2026-05-20 04:44:33,837 [INFO] multi-stack tiff read in as having 101 planes 1 channels
2026-05-20 04:44:39,138 [INFO] 
2026-05-20 04:44:39,138 [INFO] 0%|          | 0/6 [00:00<?, ?it/s]
2026-05-20 04:44:39,138 [INFO] [A
2026-05-20 04:44:52,590 [INFO] 100%|##########| 6/6 [00:13<00:00,  2.24s/it]
2026-05-20 04:44:57,578 [INFO] network run in 18.44s
2026-05-20 04:44:57,578 [INFO] 
2026-05-20 04:44:57,578 [INFO] 0%|          | 0/101 [00:00<?, ?it/s]
2026-05-20 04:44:57,578 [INFO] [A
2026-05-20 04:45:27,730 [INFO] 
2026-05-20 04:45:27,730 [INFO] 25%|##4       | 25/101 [00:30<01:31,  1.21s/it]
2026-05-20 04:45:27,730 [INFO] [A
2026-05-20 04:45:42,522 [INFO] 
2026-05-20 04:45:42,522 [INFO] 25%|##4       | 25/101 [00:44<01:31,  1.21s/it]
2026-05-20 04:45:42,522 [INFO] [A
