CP3 Nuc 3D
2026-05-20 04:41:23,434 [INFO] WRITING LOG OUTPUT TO /scicore/home/basler/basler0004/.cellpose/run.log
2026-05-20 04:41:23,434 [INFO] 
cellpose version: 	3.1.1.3 
platform:       	linux 
python version: 	3.11.15 
torch version:  	2.9.0+cu130
2026-05-20 04:41:23,890 [INFO] ** TORCH CUDA version installed and working. **
2026-05-20 04:41:23,891 [INFO] >>>> using GPU (CUDA)
2026-05-20 04:41:23,891 [WARNING] pretrained model has incorrect path, using cyto3
2026-05-20 04:41:23,897 [INFO] >>>> running cellpose on 1 images using chan_to_seg GRAY and chan (opt) NONE
2026-05-20 04:41:23,897 [INFO] >> cyto3 << model set to be used
2026-05-20 04:41:23,954 [INFO] >>>> loading model /scicore/home/basler/basler0004/.cellpose/models/cyto3
2026-05-20 04:41:24,022 [INFO] >>>> model diam_mean =  30.000 (ROIs rescaled to this size during training)
2026-05-20 04:41:24,022 [INFO] >>>> using diameter 50.000 for all images
2026-05-20 04:41:24,024 [INFO] 0%|          | 0/1 [00:00<?, ?it/s]
2026-05-20 04:41:24,079 [INFO] reading tiff with 101 planes
2026-05-20 04:41:30,213 [WARNING] z_axis not specified, assuming it is dim 0
2026-05-20 04:41:30,213 [WARNING] if this is actually the channel_axis, use 'model.eval(channel_axis=0, ...)'
2026-05-20 04:41:30,213 [INFO] multi-stack tiff read in as having 101 planes 1 channels
2026-05-20 04:41:35,901 [INFO] resizing 3D image with rescale=0.60 and anisotropy=2.43
2026-05-20 04:41:38,027 [INFO] running YX: 147 planes of size (1632, 1632)
2026-05-20 04:41:38,027 [INFO] 
2026-05-20 04:41:38,028 [INFO] 0%|          | 0/14 [00:00<?, ?it/s]
2026-05-20 04:41:38,028 [INFO] [A
2026-05-20 04:42:08,826 [INFO] 
2026-05-20 04:42:08,826 [INFO] 93%|#########2| 13/14 [00:30<00:02,  2.37s/it]
2026-05-20 04:42:08,826 [INFO] [A
2026-05-20 04:42:09,745 [INFO] 100%|##########| 14/14 [00:31<00:00,  2.27s/it]
2026-05-20 04:42:14,351 [INFO] running ZY: 1632 planes of size (147, 1632)
2026-05-20 04:42:14,352 [INFO] 
2026-05-20 04:42:14,352 [INFO] 0%|          | 0/17 [00:00<?, ?it/s]
2026-05-20 04:42:14,352 [INFO] [A
2026-05-20 04:42:44,517 [INFO] 
2026-05-20 04:42:44,520 [INFO] 100%|##########| 17/17 [00:30<00:00,  1.77s/it]
2026-05-20 04:42:44,520 [INFO] [A
2026-05-20 04:42:44,520 [INFO] 100%|##########| 17/17 [00:30<00:00,  1.77s/it]
2026-05-20 04:42:47,328 [INFO] running ZX: 1632 planes of size (147, 1632)
2026-05-20 04:42:47,329 [INFO] 
2026-05-20 04:42:47,329 [INFO] 0%|          | 0/17 [00:00<?, ?it/s]
2026-05-20 04:42:47,329 [INFO] [A
2026-05-20 04:43:20,229 [INFO] 
2026-05-20 04:43:20,229 [INFO] 65%|######4   | 11/17 [00:32<00:17,  2.99s/it]
2026-05-20 04:43:20,229 [INFO] [A
2026-05-20 04:43:34,027 [INFO] 
2026-05-20 04:43:34,028 [INFO] 65%|######4   | 11/17 [00:46<00:17,  2.99s/it]
2026-05-20 04:43:34,028 [INFO] [A
2026-05-20 04:43:36,529 [INFO] 100%|##########| 17/17 [00:49<00:00,  2.89s/it]
2026-05-20 04:43:42,952 [INFO] resizing 3D flows and cellprob to original image size
2026-05-20 04:43:57,370 [INFO] network run in 141.47s
2026-05-20 04:43:57,478 [INFO] smoothing flows with sigma=1.74
