CP3 Nuc Stitch
2026-05-20 04:38:16,043 [INFO] WRITING LOG OUTPUT TO /scicore/home/basler/basler0004/.cellpose/run.log
2026-05-20 04:38:16,044 [INFO] 
cellpose version: 	3.1.1.3 
platform:       	linux 
python version: 	3.11.15 
torch version:  	2.9.0+cu130
2026-05-20 04:38:16,500 [INFO] ** TORCH CUDA version installed and working. **
2026-05-20 04:38:16,500 [INFO] >>>> using GPU (CUDA)
2026-05-20 04:38:16,501 [WARNING] pretrained model has incorrect path, using cyto3
2026-05-20 04:38:16,505 [INFO] >>>> running cellpose on 1 images using chan_to_seg GRAY and chan (opt) NONE
2026-05-20 04:38:16,505 [INFO] ** TORCH CUDA version installed and working. **
2026-05-20 04:38:16,506 [INFO] >>>> using GPU (CUDA)
2026-05-20 04:38:16,506 [INFO] >> cyto3 << model set to be used
2026-05-20 04:38:16,561 [INFO] >>>> loading model /scicore/home/basler/basler0004/.cellpose/models/cyto3
2026-05-20 04:38:16,630 [INFO] >>>> model diam_mean =  30.000 (ROIs rescaled to this size during training)
2026-05-20 04:38:16,632 [INFO] >>>> using diameter 50.000 for all images
2026-05-20 04:38:16,633 [INFO] 0%|          | 0/1 [00:00<?, ?it/s]
2026-05-20 04:38:16,635 [INFO] reading tiff with 101 planes
2026-05-20 04:38:19,703 [INFO] channels set to [0, 0]
2026-05-20 04:38:19,706 [INFO] ~~~ FINDING MASKS ~~~
2026-05-20 04:38:19,706 [WARNING] z_axis not specified, assuming it is dim 0
2026-05-20 04:38:19,706 [WARNING] if this is actually the channel_axis, use 'model.eval(channel_axis=0, ...)'
2026-05-20 04:38:19,707 [INFO] multi-stack tiff read in as having 101 planes 1 channels
2026-05-20 04:38:27,091 [INFO] 
2026-05-20 04:38:27,092 [INFO] 0%|          | 0/10 [00:00<?, ?it/s]
2026-05-20 04:38:27,092 [INFO] [A
2026-05-20 04:38:51,421 [INFO] 100%|##########| 10/10 [00:24<00:00,  2.43s/it]
2026-05-20 04:38:57,313 [INFO] network run in 30.22s
2026-05-20 04:38:57,313 [INFO] 
2026-05-20 04:38:57,313 [INFO] 0%|          | 0/101 [00:00<?, ?it/s]
2026-05-20 04:38:57,313 [INFO] [A
2026-05-20 04:39:27,535 [INFO] 
2026-05-20 04:39:27,536 [INFO] 59%|#####9    | 60/101 [00:30<00:20,  1.99it/s]
2026-05-20 04:39:27,536 [INFO] [A
2026-05-20 04:39:38,280 [INFO] 100%|##########| 101/101 [00:40<00:00,  2.47it/s]
2026-05-20 04:39:38,280 [INFO] stitching 101 planes using stitch_threshold=0.500 to make 3D masks
2026-05-20 04:39:59,480 [INFO] masks created in 62.17s
2026-05-20 04:41:03,358 [INFO] >>>> TOTAL TIME 163.65 sec
2026-05-20 04:41:08,020 [INFO] 100%|##########| 1/1 [02:51<00:00, 171.39s/it]
2026-05-20 04:41:08,020 [INFO] 100%|##########| 1/1 [02:51<00:00, 171.39s/it]
2026-05-20 04:41:08,020 [INFO] >>>> completed in 171.519 sec
