CP3 Nuc Stitch
2026-05-20 04:42:34,423 [INFO] WRITING LOG OUTPUT TO /scicore/home/basler/basler0004/.cellpose/run.log
2026-05-20 04:42:34,424 [INFO] 
cellpose version: 	3.1.1.3 
platform:       	linux 
python version: 	3.11.15 
torch version:  	2.9.0+cu130
2026-05-20 04:42:34,983 [INFO] ** TORCH CUDA version installed and working. **
2026-05-20 04:42:34,983 [INFO] >>>> using GPU (CUDA)
2026-05-20 04:42:34,984 [WARNING] pretrained model has incorrect path, using cyto3
2026-05-20 04:42:34,990 [INFO] >>>> running cellpose on 1 images using chan_to_seg GRAY and chan (opt) NONE
2026-05-20 04:42:34,990 [INFO] ** TORCH CUDA version installed and working. **
2026-05-20 04:42:34,990 [INFO] >>>> using GPU (CUDA)
2026-05-20 04:42:34,990 [INFO] >> cyto3 << model set to be used
2026-05-20 04:42:35,049 [INFO] >>>> loading model /scicore/home/basler/basler0004/.cellpose/models/cyto3
2026-05-20 04:42:35,124 [INFO] >>>> model diam_mean =  30.000 (ROIs rescaled to this size during training)
2026-05-20 04:42:35,126 [INFO] >>>> using diameter 50.000 for all images
2026-05-20 04:42:35,127 [INFO] 0%|          | 0/1 [00:00<?, ?it/s]
2026-05-20 04:42:35,136 [INFO] reading tiff with 101 planes
2026-05-20 04:42:36,859 [INFO] channels set to [0, 0]
2026-05-20 04:42:36,859 [INFO] ~~~ FINDING MASKS ~~~
2026-05-20 04:42:36,859 [WARNING] z_axis not specified, assuming it is dim 0
2026-05-20 04:42:36,859 [WARNING] if this is actually the channel_axis, use 'model.eval(channel_axis=0, ...)'
2026-05-20 04:42:36,859 [INFO] multi-stack tiff read in as having 101 planes 1 channels
2026-05-20 04:42:42,036 [INFO] 
2026-05-20 04:42:42,036 [INFO] 0%|          | 0/10 [00:00<?, ?it/s]
2026-05-20 04:42:42,036 [INFO] [A
2026-05-20 04:43:04,243 [INFO] 100%|##########| 10/10 [00:22<00:00,  2.22s/it]
2026-05-20 04:43:09,811 [INFO] network run in 27.78s
2026-05-20 04:43:09,811 [INFO] 
2026-05-20 04:43:09,811 [INFO] 0%|          | 0/101 [00:00<?, ?it/s]
2026-05-20 04:43:09,811 [INFO] [A
2026-05-20 04:43:39,892 [INFO] 
2026-05-20 04:43:39,893 [INFO] 45%|####4     | 45/101 [00:30<00:37,  1.50it/s]
2026-05-20 04:43:39,893 [INFO] [A
2026-05-20 04:43:48,891 [INFO] No cell pixels found.
2026-05-20 04:43:48,948 [INFO] No cell pixels found.
2026-05-20 04:43:49,006 [INFO] No cell pixels found.
2026-05-20 04:43:49,064 [INFO] No cell pixels found.
2026-05-20 04:43:49,121 [INFO] No cell pixels found.
2026-05-20 04:43:49,179 [INFO] No cell pixels found.
2026-05-20 04:43:49,236 [INFO] No cell pixels found.
2026-05-20 04:43:49,294 [INFO] No cell pixels found.
2026-05-20 04:43:49,352 [INFO] No cell pixels found.
2026-05-20 04:43:49,411 [INFO] No cell pixels found.
2026-05-20 04:43:49,469 [INFO] No cell pixels found.
2026-05-20 04:43:49,526 [INFO] No cell pixels found.
2026-05-20 04:43:49,584 [INFO] No cell pixels found.
2026-05-20 04:43:49,641 [INFO] No cell pixels found.
2026-05-20 04:43:49,698 [INFO] No cell pixels found.
2026-05-20 04:43:49,756 [INFO] No cell pixels found.
2026-05-20 04:43:49,813 [INFO] No cell pixels found.
2026-05-20 04:43:49,870 [INFO] No cell pixels found.
2026-05-20 04:43:49,927 [INFO] No cell pixels found.
2026-05-20 04:43:49,985 [INFO] No cell pixels found.
2026-05-20 04:43:50,042 [INFO] No cell pixels found.
2026-05-20 04:43:50,099 [INFO] No cell pixels found.
2026-05-20 04:43:50,156 [INFO] No cell pixels found.
2026-05-20 04:43:50,204 [INFO] 100%|##########| 101/101 [00:40<00:00,  2.50it/s]
2026-05-20 04:43:50,204 [INFO] stitching 101 planes using stitch_threshold=0.500 to make 3D masks
2026-05-20 04:44:10,305 [INFO] masks created in 60.49s
2026-05-20 04:45:07,115 [INFO] >>>> TOTAL TIME 150.26 sec
2026-05-20 04:45:11,692 [INFO] 100%|##########| 1/1 [02:36<00:00, 156.56s/it]
2026-05-20 04:45:11,692 [INFO] 100%|##########| 1/1 [02:36<00:00, 156.56s/it]
2026-05-20 04:45:11,692 [INFO] >>>> completed in 156.708 sec
