CPSAM Cell 3D
2026-05-20 04:38:14,902 [INFO] WRITING LOG OUTPUT TO /scicore/home/basler/basler0004/.cellpose/run.log
2026-05-20 04:38:14,902 [INFO] 
cellpose version: 	4.1.1 
platform:       	linux 
python version: 	3.11.15 
torch version:  	2.9.0+cu130
2026-05-20 04:38:15,231 [INFO] ** TORCH CUDA version installed and working. **
2026-05-20 04:38:15,232 [INFO] >>>> using GPU (CUDA)
2026-05-20 04:38:15,232 [WARNING] the '--diam_mean' flag is deprecated in v4.0.1+ and no longer used
2026-05-20 04:38:15,237 [INFO] >>>> running cellpose on 1 images using all channels
2026-05-20 04:38:16,902 [INFO] >>>> loading model /scicore/home/basler/basler0004/.cellpose/models/cpsam
2026-05-20 04:38:19,380 [INFO] 0%|          | 0/1 [00:00<?, ?it/s]
2026-05-20 04:38:19,380 [INFO] loading image as 3D zstack
2026-05-20 04:38:19,383 [INFO] reading tiff with 101 planes
2026-05-20 04:38:35,472 [INFO] resizing 3D image with anisotropy=2.786
2026-05-20 04:38:36,852 [INFO] running YX: 110 planes of size (1069, 1069)
2026-05-20 04:38:36,852 [INFO] 
2026-05-20 04:38:36,853 [INFO] 0%|          | 0/9 [00:00<?, ?it/s]
2026-05-20 04:38:36,853 [INFO] [A
2026-05-20 04:39:07,082 [INFO] 
2026-05-20 04:39:07,084 [INFO] 56%|#####5    | 5/9 [00:30<00:24,  6.05s/it]
2026-05-20 04:39:07,084 [INFO] [A
2026-05-20 04:39:19,381 [INFO] 
2026-05-20 04:39:19,381 [INFO] 56%|#####5    | 5/9 [00:42<00:24,  6.05s/it]
2026-05-20 04:39:19,381 [INFO] [A
2026-05-20 04:39:27,948 [INFO] 100%|##########| 9/9 [00:51<00:00,  5.68s/it]
2026-05-20 04:39:29,242 [INFO] running ZY: 1069 planes of size (110, 1069)
2026-05-20 04:39:29,243 [INFO] 
2026-05-20 04:39:29,243 [INFO] 0%|          | 0/13 [00:00<?, ?it/s]
2026-05-20 04:39:29,243 [INFO] [A
2026-05-20 04:40:02,086 [INFO] 
2026-05-20 04:40:02,087 [INFO] 38%|###8      | 5/13 [00:32<00:52,  6.57s/it]
2026-05-20 04:40:02,087 [INFO] [A
2026-05-20 04:40:19,383 [INFO] 
2026-05-20 04:40:19,383 [INFO] 38%|###8      | 5/13 [00:50<00:52,  6.57s/it]
2026-05-20 04:40:19,383 [INFO] [A
2026-05-20 04:40:33,441 [INFO] 
2026-05-20 04:40:33,441 [INFO] 77%|#######6  | 10/13 [01:04<00:19,  6.39s/it]
2026-05-20 04:40:33,441 [INFO] [A
2026-05-20 04:40:49,384 [INFO] 
2026-05-20 04:40:49,385 [INFO] 77%|#######6  | 10/13 [01:20<00:19,  6.39s/it]
2026-05-20 04:40:49,385 [INFO] [A
2026-05-20 04:40:51,570 [INFO] 100%|##########| 13/13 [01:22<00:00,  6.33s/it]
2026-05-20 04:40:52,859 [INFO] running ZX: 1069 planes of size (110, 1069)
2026-05-20 04:40:52,859 [INFO] 
2026-05-20 04:40:52,859 [INFO] 0%|          | 0/13 [00:00<?, ?it/s]
2026-05-20 04:40:52,859 [INFO] [A
2026-05-20 04:41:26,954 [INFO] 
2026-05-20 04:41:26,954 [INFO] 38%|###8      | 5/13 [00:34<00:54,  6.82s/it]
2026-05-20 04:41:26,954 [INFO] [A
2026-05-20 04:41:39,386 [INFO] 
2026-05-20 04:41:39,387 [INFO] 38%|###8      | 5/13 [00:46<00:54,  6.82s/it]
2026-05-20 04:41:39,387 [INFO] [A
2026-05-20 04:42:01,040 [INFO] 
2026-05-20 04:42:01,040 [INFO] 77%|#######6  | 10/13 [01:08<00:20,  6.82s/it]
2026-05-20 04:42:01,040 [INFO] [A
2026-05-20 04:42:19,388 [INFO] 
2026-05-20 04:42:19,388 [INFO] 77%|#######6  | 10/13 [01:26<00:20,  6.82s/it]
2026-05-20 04:42:19,389 [INFO] [A
2026-05-20 04:42:20,619 [INFO] 100%|##########| 13/13 [01:27<00:00,  6.75s/it]
2026-05-20 04:42:43,650 [INFO] resizing 3D flows and cellprobl to original image size
2026-05-20 04:42:52,735 [INFO] network run in 257.26s
2026-05-20 04:42:52,785 [INFO] smoothing flows with ZYX sigma=[0.69, 0.69, 0.69]
2026-05-20 04:45:30,387 [INFO] masks created in 102.41s
