CPSAM Cell Stitch
2026-05-20 04:38:14,007 [INFO] WRITING LOG OUTPUT TO /scicore/home/basler/basler0004/.cellpose/run.log
2026-05-20 04:38:14,008 [INFO] 
cellpose version: 	4.1.1 
platform:       	linux 
python version: 	3.11.15 
torch version:  	2.9.0+cu130
2026-05-20 04:38:14,317 [INFO] ** TORCH CUDA version installed and working. **
2026-05-20 04:38:14,317 [INFO] >>>> using GPU (CUDA)
2026-05-20 04:38:14,317 [WARNING] the '--diam_mean' flag is deprecated in v4.0.1+ and no longer used
2026-05-20 04:38:14,326 [INFO] >>>> running cellpose on 1 images using all channels
2026-05-20 04:38:16,145 [INFO] >>>> loading model /scicore/home/basler/basler0004/.cellpose/models/cpsam
2026-05-20 04:38:19,358 [INFO] 0%|          | 0/1 [00:00<?, ?it/s]
2026-05-20 04:38:19,358 [INFO] loading image as 3D zstack
2026-05-20 04:38:19,366 [INFO] reading tiff with 101 planes
2026-05-20 04:38:35,429 [INFO] 
2026-05-20 04:38:35,429 [INFO] 0%|          | 0/8 [00:00<?, ?it/s]
2026-05-20 04:38:35,429 [INFO] [A
2026-05-20 04:39:06,485 [INFO] 
2026-05-20 04:39:06,488 [INFO] 62%|######2   | 5/8 [00:31<00:18,  6.21s/it]
2026-05-20 04:39:06,488 [INFO] [A
2026-05-20 04:39:19,359 [INFO] 
2026-05-20 04:39:19,359 [INFO] 62%|######2   | 5/8 [00:43<00:18,  6.21s/it]
2026-05-20 04:39:19,359 [INFO] [A
2026-05-20 04:39:23,193 [INFO] 100%|##########| 8/8 [00:47<00:00,  5.97s/it]
2026-05-20 04:39:27,223 [INFO] network run in 51.79s
2026-05-20 04:39:27,223 [INFO] 
2026-05-20 04:39:27,223 [INFO] 0%|          | 0/101 [00:00<?, ?it/s]
2026-05-20 04:39:27,223 [INFO] [A
2026-05-20 04:39:58,042 [INFO] 
2026-05-20 04:39:58,042 [INFO] 25%|##4       | 25/101 [00:30<01:33,  1.23s/it]
2026-05-20 04:39:58,042 [INFO] [A
2026-05-20 04:40:09,360 [INFO] 
2026-05-20 04:40:09,361 [INFO] 25%|##4       | 25/101 [00:42<01:33,  1.23s/it]
2026-05-20 04:40:09,361 [INFO] [A
2026-05-20 04:40:28,074 [INFO] 
2026-05-20 04:40:28,074 [INFO] 50%|####9     | 50/101 [01:00<01:01,  1.21s/it]
2026-05-20 04:40:28,075 [INFO] [A
2026-05-20 04:40:39,362 [INFO] 
2026-05-20 04:40:39,362 [INFO] 50%|####9     | 50/101 [01:12<01:01,  1.21s/it]
2026-05-20 04:40:39,362 [INFO] [A
2026-05-20 04:40:58,521 [INFO] 
2026-05-20 04:40:58,521 [INFO] 85%|########5 | 86/101 [01:31<00:15,  1.01s/it]
2026-05-20 04:40:58,521 [INFO] [A
2026-05-20 04:41:04,457 [INFO] 100%|##########| 101/101 [01:37<00:00,  1.04it/s]
2026-05-20 04:41:04,457 [INFO] stitching 101 planes using stitch_threshold=0.500 to make 3D masks
2026-05-20 04:42:12,404 [INFO] masks created in 165.18s
2026-05-20 04:43:09,975 [INFO] 100%|##########| 1/1 [04:50<00:00, 290.62s/it]
2026-05-20 04:43:09,975 [INFO] 100%|##########| 1/1 [04:50<00:00, 290.62s/it]
2026-05-20 04:43:09,975 [INFO] >>>> completed in 295.658 sec
