CPSAM Nuc Stitch
2026-05-20 04:43:22,261 [INFO] WRITING LOG OUTPUT TO /scicore/home/basler/basler0004/.cellpose/run.log
2026-05-20 04:43:22,261 [INFO] 
cellpose version: 	4.1.1 
platform:       	linux 
python version: 	3.11.15 
torch version:  	2.9.0+cu130
2026-05-20 04:43:22,611 [INFO] ** TORCH CUDA version installed and working. **
2026-05-20 04:43:22,611 [INFO] >>>> using GPU (CUDA)
2026-05-20 04:43:22,611 [WARNING] the '--diam_mean' flag is deprecated in v4.0.1+ and no longer used
2026-05-20 04:43:22,618 [INFO] >>>> running cellpose on 1 images using all channels
2026-05-20 04:43:24,229 [INFO] >>>> loading model /scicore/home/basler/basler0004/.cellpose/models/cpsam
2026-05-20 04:43:24,858 [INFO] 0%|          | 0/1 [00:00<?, ?it/s]
2026-05-20 04:43:24,858 [INFO] loading image as 3D zstack
2026-05-20 04:43:24,865 [INFO] reading tiff with 101 planes
2026-05-20 04:43:38,544 [INFO] 
2026-05-20 04:43:38,544 [INFO] 0%|          | 0/21 [00:00<?, ?it/s]
2026-05-20 04:43:38,544 [INFO] [A
2026-05-20 04:44:12,201 [INFO] 
2026-05-20 04:44:12,204 [INFO] 38%|###8      | 8/21 [00:33<00:54,  4.21s/it]
2026-05-20 04:44:12,204 [INFO] [A
2026-05-20 04:44:24,859 [INFO] 
2026-05-20 04:44:24,860 [INFO] 38%|###8      | 8/21 [00:46<00:54,  4.21s/it]
2026-05-20 04:44:24,860 [INFO] [A
2026-05-20 04:44:45,690 [INFO] 
2026-05-20 04:44:45,690 [INFO] 76%|#######6  | 16/21 [01:07<00:20,  4.19s/it]
2026-05-20 04:44:45,690 [INFO] [A
2026-05-20 04:45:03,293 [INFO] 100%|##########| 21/21 [01:24<00:00,  4.04s/it]
2026-05-20 04:45:08,781 [INFO] network run in 90.24s
2026-05-20 04:45:08,781 [INFO] 
2026-05-20 04:45:08,781 [INFO] 0%|          | 0/101 [00:00<?, ?it/s]
2026-05-20 04:45:08,781 [INFO] [A
2026-05-20 04:45:38,816 [INFO] 
2026-05-20 04:45:38,816 [INFO] 43%|####2     | 43/101 [00:30<00:40,  1.43it/s]
2026-05-20 04:45:38,816 [INFO] [A
2026-05-20 04:45:45,957 [INFO] No cell pixels found.
2026-05-20 04:45:45,992 [INFO] No cell pixels found.
2026-05-20 04:45:46,028 [INFO] No cell pixels found.
2026-05-20 04:45:46,062 [INFO] No cell pixels found.
2026-05-20 04:45:46,096 [INFO] No cell pixels found.
2026-05-20 04:45:46,130 [INFO] No cell pixels found.
2026-05-20 04:45:46,163 [INFO] No cell pixels found.
2026-05-20 04:45:46,197 [INFO] No cell pixels found.
2026-05-20 04:45:46,231 [INFO] No cell pixels found.
2026-05-20 04:45:46,264 [INFO] No cell pixels found.
2026-05-20 04:45:46,298 [INFO] No cell pixels found.
2026-05-20 04:45:46,332 [INFO] No cell pixels found.
2026-05-20 04:45:46,365 [INFO] No cell pixels found.
2026-05-20 04:45:46,399 [INFO] No cell pixels found.
2026-05-20 04:45:46,433 [INFO] No cell pixels found.
2026-05-20 04:45:46,466 [INFO] No cell pixels found.
2026-05-20 04:45:46,500 [INFO] No cell pixels found.
2026-05-20 04:45:46,533 [INFO] No cell pixels found.
2026-05-20 04:45:46,567 [INFO] No cell pixels found.
2026-05-20 04:45:46,600 [INFO] No cell pixels found.
2026-05-20 04:45:46,634 [INFO] No cell pixels found.
2026-05-20 04:45:46,667 [INFO] No cell pixels found.
2026-05-20 04:45:46,700 [INFO] No cell pixels found.
2026-05-20 04:45:46,734 [INFO] No cell pixels found.
2026-05-20 04:45:46,769 [INFO] No cell pixels found.
2026-05-20 04:45:46,802 [INFO] No cell pixels found.
2026-05-20 04:45:46,835 [INFO] No cell pixels found.
2026-05-20 04:45:46,869 [INFO] No cell pixels found.
2026-05-20 04:45:46,903 [INFO] No cell pixels found.
2026-05-20 04:45:46,936 [INFO] No cell pixels found.
2026-05-20 04:45:46,960 [INFO] 100%|##########| 101/101 [00:38<00:00,  2.65it/s]
2026-05-20 04:45:46,960 [INFO] stitching 101 planes using stitch_threshold=0.500 to make 3D masks
