CPSAM NUC 3D
2026-05-20 04:38:14,549 [INFO] WRITING LOG OUTPUT TO /scicore/home/basler/basler0004/.cellpose/run.log
2026-05-20 04:38:14,549 [INFO] 
cellpose version: 	4.1.1 
platform:       	linux 
python version: 	3.11.15 
torch version:  	2.9.0+cu130
2026-05-20 04:38:15,096 [INFO] ** TORCH CUDA version installed and working. **
2026-05-20 04:38:15,099 [INFO] >>>> using GPU (CUDA)
2026-05-20 04:38:15,099 [WARNING] the '--diam_mean' flag is deprecated in v4.0.1+ and no longer used
2026-05-20 04:38:15,108 [INFO] >>>> running cellpose on 1 images using all channels
2026-05-20 04:38:16,826 [INFO] >>>> loading model /scicore/home/basler/basler0004/.cellpose/models/cpsam
2026-05-20 04:38:19,266 [INFO] 0%|          | 0/1 [00:00<?, ?it/s]
2026-05-20 04:38:19,266 [INFO] loading image as 3D zstack
2026-05-20 04:38:19,268 [INFO] reading tiff with 101 planes
2026-05-20 04:38:36,916 [INFO] resizing 3D image with anisotropy=2.43
2026-05-20 04:38:40,166 [INFO] running YX: 147 planes of size (1632, 1632)
2026-05-20 04:38:40,166 [INFO] 
2026-05-20 04:38:40,167 [INFO] 0%|          | 0/30 [00:00<?, ?it/s]
2026-05-20 04:38:40,167 [INFO] [A
2026-05-20 04:39:14,300 [INFO] 
2026-05-20 04:39:14,304 [INFO] 27%|##6       | 8/30 [00:34<01:33,  4.27s/it]
2026-05-20 04:39:14,304 [INFO] [A
2026-05-20 04:39:29,267 [INFO] 
2026-05-20 04:39:29,267 [INFO] 27%|##6       | 8/30 [00:49<01:33,  4.27s/it]
2026-05-20 04:39:29,267 [INFO] [A
2026-05-20 04:39:48,184 [INFO] 
2026-05-20 04:39:48,184 [INFO] 53%|#####3    | 16/30 [01:08<00:59,  4.25s/it]
2026-05-20 04:39:48,184 [INFO] [A
2026-05-20 04:39:59,268 [INFO] 
2026-05-20 04:39:59,269 [INFO] 53%|#####3    | 16/30 [01:19<00:59,  4.25s/it]
2026-05-20 04:39:59,269 [INFO] [A
2026-05-20 04:40:22,077 [INFO] 
2026-05-20 04:40:22,077 [INFO] 80%|########  | 24/30 [01:41<00:25,  4.24s/it]
2026-05-20 04:40:22,077 [INFO] [A
2026-05-20 04:40:39,270 [INFO] 
2026-05-20 04:40:39,271 [INFO] 80%|########  | 24/30 [01:59<00:25,  4.24s/it]
2026-05-20 04:40:39,271 [INFO] [A
2026-05-20 04:40:45,359 [INFO] 100%|##########| 30/30 [02:05<00:00,  4.17s/it]
2026-05-20 04:40:50,605 [INFO] running ZY: 1632 planes of size (147, 1632)
2026-05-20 04:40:50,605 [INFO] 
2026-05-20 04:40:50,606 [INFO] 0%|          | 0/38 [00:00<?, ?it/s]
2026-05-20 04:40:50,606 [INFO] [A
2026-05-20 04:41:22,815 [INFO] 
2026-05-20 04:41:22,815 [INFO] 18%|#8        | 7/38 [00:32<02:22,  4.60s/it]
2026-05-20 04:41:22,815 [INFO] [A
2026-05-20 04:41:39,273 [INFO] 
2026-05-20 04:41:39,273 [INFO] 18%|#8        | 7/38 [00:48<02:22,  4.60s/it]
2026-05-20 04:41:39,273 [INFO] [A
2026-05-20 04:41:54,142 [INFO] 
2026-05-20 04:41:54,142 [INFO] 37%|###6      | 14/38 [01:03<01:48,  4.53s/it]
2026-05-20 04:41:54,142 [INFO] [A
2026-05-20 04:42:09,274 [INFO] 
2026-05-20 04:42:09,275 [INFO] 37%|###6      | 14/38 [01:18<01:48,  4.53s/it]
2026-05-20 04:42:09,275 [INFO] [A
2026-05-20 04:42:25,526 [INFO] 
2026-05-20 04:42:25,526 [INFO] 55%|#####5    | 21/38 [01:34<01:16,  4.51s/it]
2026-05-20 04:42:25,526 [INFO] [A
2026-05-20 04:42:39,276 [INFO] 
2026-05-20 04:42:39,276 [INFO] 55%|#####5    | 21/38 [01:48<01:16,  4.51s/it]
2026-05-20 04:42:39,276 [INFO] [A
2026-05-20 04:42:56,919 [INFO] 
2026-05-20 04:42:56,919 [INFO] 74%|#######3  | 28/38 [02:06<00:44,  4.50s/it]
2026-05-20 04:42:56,919 [INFO] [A
2026-05-20 04:43:09,277 [INFO] 
2026-05-20 04:43:09,278 [INFO] 74%|#######3  | 28/38 [02:18<00:44,  4.50s/it]
2026-05-20 04:43:09,278 [INFO] [A
2026-05-20 04:43:28,415 [INFO] 
2026-05-20 04:43:28,416 [INFO] 92%|#########2| 35/38 [02:37<00:13,  4.50s/it]
2026-05-20 04:43:28,416 [INFO] [A
2026-05-20 04:43:39,279 [INFO] 
2026-05-20 04:43:39,279 [INFO] 92%|#########2| 35/38 [02:48<00:13,  4.50s/it]
2026-05-20 04:43:39,279 [INFO] [A
2026-05-20 04:43:41,803 [INFO] 100%|##########| 38/38 [02:51<00:00,  4.51s/it]
2026-05-20 04:43:46,371 [INFO] running ZX: 1632 planes of size (147, 1632)
2026-05-20 04:43:46,372 [INFO] 
2026-05-20 04:43:46,372 [INFO] 0%|          | 0/38 [00:00<?, ?it/s]
2026-05-20 04:43:46,373 [INFO] [A
2026-05-20 04:44:16,851 [INFO] 
2026-05-20 04:44:16,852 [INFO] 16%|#5        | 6/38 [00:30<02:42,  5.08s/it]
2026-05-20 04:44:16,852 [INFO] [A
2026-05-20 04:44:29,281 [INFO] 
2026-05-20 04:44:29,281 [INFO] 16%|#5        | 6/38 [00:42<02:42,  5.08s/it]
2026-05-20 04:44:29,281 [INFO] [A
2026-05-20 04:44:46,865 [INFO] 
2026-05-20 04:44:46,865 [INFO] 32%|###1      | 12/38 [01:00<02:10,  5.03s/it]
2026-05-20 04:44:46,865 [INFO] [A
2026-05-20 04:44:59,282 [INFO] 
2026-05-20 04:44:59,283 [INFO] 32%|###1      | 12/38 [01:12<02:10,  5.03s/it]
2026-05-20 04:44:59,283 [INFO] [A
2026-05-20 04:45:17,138 [INFO] 
2026-05-20 04:45:17,138 [INFO] 47%|####7     | 18/38 [01:30<01:40,  5.04s/it]
2026-05-20 04:45:17,138 [INFO] [A
2026-05-20 04:45:29,284 [INFO] 
2026-05-20 04:45:29,284 [INFO] 47%|####7     | 18/38 [01:42<01:40,  5.04s/it]
2026-05-20 04:45:29,284 [INFO] [A
2026-05-20 04:45:52,028 [INFO] 
2026-05-20 04:45:52,029 [INFO] 66%|######5   | 25/38 [02:05<01:05,  5.02s/it]
2026-05-20 04:45:52,029 [INFO] [A
