CPSAM Nuc Stitch
2026-05-20 04:38:14,417 [INFO] WRITING LOG OUTPUT TO /scicore/home/basler/basler0004/.cellpose/run.log
2026-05-20 04:38:14,417 [INFO] 
cellpose version: 	4.1.1 
platform:       	linux 
python version: 	3.11.15 
torch version:  	2.9.0+cu130
2026-05-20 04:38:15,078 [INFO] ** TORCH CUDA version installed and working. **
2026-05-20 04:38:15,078 [INFO] >>>> using GPU (CUDA)
2026-05-20 04:38:15,078 [WARNING] the '--diam_mean' flag is deprecated in v4.0.1+ and no longer used
2026-05-20 04:38:15,084 [INFO] >>>> running cellpose on 1 images using all channels
2026-05-20 04:38:18,348 [INFO] >>>> loading model /scicore/home/basler/basler0004/.cellpose/models/cpsam
2026-05-20 04:38:19,266 [INFO] 0%|          | 0/1 [00:00<?, ?it/s]
2026-05-20 04:38:19,266 [INFO] loading image as 3D zstack
2026-05-20 04:38:19,268 [INFO] reading tiff with 101 planes
2026-05-20 04:38:36,934 [INFO] 
2026-05-20 04:38:36,934 [INFO] 0%|          | 0/21 [00:00<?, ?it/s]
2026-05-20 04:38:36,934 [INFO] [A
2026-05-20 04:39:07,173 [INFO] 
2026-05-20 04:39:07,175 [INFO] 33%|###3      | 7/21 [00:30<01:00,  4.32s/it]
2026-05-20 04:39:07,175 [INFO] [A
2026-05-20 04:39:19,267 [INFO] 
2026-05-20 04:39:19,268 [INFO] 33%|###3      | 7/21 [00:42<01:00,  4.32s/it]
2026-05-20 04:39:19,268 [INFO] [A
2026-05-20 04:39:41,036 [INFO] 
2026-05-20 04:39:41,037 [INFO] 71%|#######1  | 15/21 [01:04<00:25,  4.27s/it]
2026-05-20 04:39:41,037 [INFO] [A
2026-05-20 04:39:59,275 [INFO] 
2026-05-20 04:39:59,276 [INFO] 71%|#######1  | 15/21 [01:22<00:25,  4.27s/it]
2026-05-20 04:39:59,276 [INFO] [A
2026-05-20 04:40:03,074 [INFO] 100%|##########| 21/21 [01:26<00:00,  4.10s/it]
2026-05-20 04:40:08,512 [INFO] network run in 91.58s
2026-05-20 04:40:08,512 [INFO] 
2026-05-20 04:40:08,512 [INFO] 0%|          | 0/101 [00:00<?, ?it/s]
2026-05-20 04:40:08,512 [INFO] [A
2026-05-20 04:40:38,611 [INFO] 
2026-05-20 04:40:38,611 [INFO] 51%|#####1    | 52/101 [00:30<00:28,  1.73it/s]
2026-05-20 04:40:38,612 [INFO] [A
2026-05-20 04:40:49,291 [INFO] 
2026-05-20 04:40:49,292 [INFO] 51%|#####1    | 52/101 [00:40<00:28,  1.73it/s]
2026-05-20 04:40:49,292 [INFO] [A
2026-05-20 04:40:51,641 [INFO] 100%|##########| 101/101 [00:43<00:00,  2.34it/s]
2026-05-20 04:40:51,641 [INFO] stitching 101 planes using stitch_threshold=0.500 to make 3D masks
2026-05-20 04:41:47,057 [INFO] masks created in 98.55s
2026-05-20 04:42:48,657 [INFO] 100%|##########| 1/1 [04:29<00:00, 269.39s/it]
2026-05-20 04:42:48,657 [INFO] 100%|##########| 1/1 [04:29<00:00, 269.39s/it]
2026-05-20 04:42:48,657 [INFO] >>>> completed in 273.579 sec
