CPSAM NUC 3D
2026-05-20 04:43:03,018 [INFO] WRITING LOG OUTPUT TO /scicore/home/basler/basler0004/.cellpose/run.log
2026-05-20 04:43:03,018 [INFO] 
cellpose version: 	4.1.1 
platform:       	linux 
python version: 	3.11.15 
torch version:  	2.9.0+cu130
2026-05-20 04:43:03,472 [INFO] ** TORCH CUDA version installed and working. **
2026-05-20 04:43:03,472 [INFO] >>>> using GPU (CUDA)
2026-05-20 04:43:03,472 [WARNING] the '--diam_mean' flag is deprecated in v4.0.1+ and no longer used
2026-05-20 04:43:03,476 [INFO] >>>> running cellpose on 1 images using all channels
2026-05-20 04:43:05,176 [INFO] >>>> loading model /scicore/home/basler/basler0004/.cellpose/models/cpsam
2026-05-20 04:43:05,842 [INFO] 0%|          | 0/1 [00:00<?, ?it/s]
2026-05-20 04:43:05,842 [INFO] loading image as 3D zstack
2026-05-20 04:43:05,844 [INFO] reading tiff with 101 planes
2026-05-20 04:43:20,455 [INFO] resizing 3D image with anisotropy=2.43
2026-05-20 04:43:23,801 [INFO] running YX: 147 planes of size (1632, 1632)
2026-05-20 04:43:23,805 [INFO] 
2026-05-20 04:43:23,805 [INFO] 0%|          | 0/30 [00:00<?, ?it/s]
2026-05-20 04:43:23,805 [INFO] [A
2026-05-20 04:43:54,524 [INFO] 
2026-05-20 04:43:54,525 [INFO] 23%|##3       | 7/30 [00:30<01:40,  4.39s/it]
2026-05-20 04:43:54,525 [INFO] [A
2026-05-20 04:44:05,843 [INFO] 
2026-05-20 04:44:05,844 [INFO] 23%|##3       | 7/30 [00:42<01:40,  4.39s/it]
2026-05-20 04:44:05,844 [INFO] [A
2026-05-20 04:44:24,567 [INFO] 
2026-05-20 04:44:24,567 [INFO] 47%|####6     | 14/30 [01:00<01:09,  4.33s/it]
2026-05-20 04:44:24,567 [INFO] [A
2026-05-20 04:44:35,845 [INFO] 
2026-05-20 04:44:35,845 [INFO] 47%|####6     | 14/30 [01:12<01:09,  4.33s/it]
2026-05-20 04:44:35,845 [INFO] [A
2026-05-20 04:44:58,808 [INFO] 
2026-05-20 04:44:58,808 [INFO] 73%|#######3  | 22/30 [01:35<00:34,  4.31s/it]
2026-05-20 04:44:58,808 [INFO] [A
2026-05-20 04:45:15,850 [INFO] 
2026-05-20 04:45:15,850 [INFO] 73%|#######3  | 22/30 [01:52<00:34,  4.31s/it]
2026-05-20 04:45:15,850 [INFO] [A
2026-05-20 04:45:30,429 [INFO] 
2026-05-20 04:45:30,429 [INFO] 100%|##########| 30/30 [02:06<00:00,  4.16s/it]
2026-05-20 04:45:30,429 [INFO] [A
2026-05-20 04:45:30,429 [INFO] 100%|##########| 30/30 [02:06<00:00,  4.22s/it]
2026-05-20 04:45:35,058 [INFO] running ZY: 1632 planes of size (147, 1632)
2026-05-20 04:45:35,058 [INFO] 
2026-05-20 04:45:35,058 [INFO] 0%|          | 0/38 [00:00<?, ?it/s]
2026-05-20 04:45:35,058 [INFO] [A
