CPSAM Cell 3D
2026-05-20 04:45:23,560 [INFO] WRITING LOG OUTPUT TO /scicore/home/basler/basler0004/.cellpose/run.log
2026-05-20 04:45:23,561 [INFO] 
cellpose version: 	4.1.1 
platform:       	linux 
python version: 	3.11.15 
torch version:  	2.9.0+cu130
2026-05-20 04:45:24,085 [INFO] ** TORCH CUDA version installed and working. **
2026-05-20 04:45:24,086 [INFO] >>>> using GPU (CUDA)
2026-05-20 04:45:24,086 [WARNING] the '--diam_mean' flag is deprecated in v4.0.1+ and no longer used
2026-05-20 04:45:24,089 [INFO] >>>> running cellpose on 1 images using all channels
2026-05-20 04:45:25,877 [INFO] >>>> loading model /scicore/home/basler/basler0004/.cellpose/models/cpsam
2026-05-20 04:45:28,689 [INFO] 0%|          | 0/1 [00:00<?, ?it/s]
2026-05-20 04:45:28,690 [INFO] loading image as 3D zstack
2026-05-20 04:45:28,697 [INFO] reading tiff with 101 planes
2026-05-20 04:45:42,400 [INFO] resizing 3D image with anisotropy=2.786
2026-05-20 04:45:43,772 [INFO] running YX: 110 planes of size (1069, 1069)
2026-05-20 04:45:43,773 [INFO] 
2026-05-20 04:45:43,773 [INFO] 0%|          | 0/9 [00:00<?, ?it/s]
2026-05-20 04:45:43,773 [INFO] [A
