2026-05-19 19:10:48,863 [INFO] WRITING LOG OUTPUT TO /scicore/home/basler/basler0004/.cellpose/run.log
2026-05-19 19:10:48,863 [INFO] 
cellpose version: 	4.1.1 
platform:       	linux 
python version: 	3.11.15 
torch version:  	2.9.0+cu130
2026-05-19 19:10:49,604 [INFO] ** TORCH CUDA version installed and working. **
2026-05-19 19:10:49,604 [INFO] >>>> using GPU (CUDA)
2026-05-19 19:10:49,604 [WARNING] the '--diam_mean' flag is deprecated in v4.0.1+ and no longer used
2026-05-19 19:10:49,604 [INFO] >>>> running cellpose on 1 images using all channels
2026-05-19 19:10:51,283 [INFO] >>>> loading model /scicore/home/basler/basler0004/.cellpose/models/cpsam
2026-05-19 19:10:51,917 [INFO] 0%|          | 0/1 [00:00<?, ?it/s]
2026-05-19 19:10:51,917 [INFO] loading image as 3D zstack
2026-05-19 19:10:51,920 [INFO] reading tiff with 101 planes
2026-05-19 19:11:04,789 [INFO] 
2026-05-19 19:11:04,793 [INFO] 0%|          | 0/101 [00:00<?, ?it/s]
2026-05-19 19:11:04,793 [INFO] [A
2026-05-19 19:12:00,423 [INFO] 
2026-05-19 19:12:00,425 [INFO] 1%|          | 1/101 [00:55<1:32:42, 55.63s/it]
2026-05-19 19:12:00,425 [INFO] [A
2026-05-19 19:12:56,786 [INFO] 
2026-05-19 19:12:56,790 [INFO] 2%|1         | 2/101 [01:51<1:32:30, 56.06s/it]
2026-05-19 19:12:56,790 [INFO] [A
2026-05-19 19:13:52,825 [INFO] 
2026-05-19 19:13:52,826 [INFO] 3%|2         | 3/101 [02:48<1:31:33, 56.05s/it]
2026-05-19 19:13:52,826 [INFO] [A
2026-05-19 19:14:49,263 [INFO] 
2026-05-19 19:14:49,263 [INFO] 4%|3         | 4/101 [03:44<1:30:51, 56.20s/it]
2026-05-19 19:14:49,263 [INFO] [A
2026-05-19 19:15:45,562 [INFO] 
2026-05-19 19:15:45,563 [INFO] 5%|4         | 5/101 [04:40<1:29:58, 56.24s/it]
2026-05-19 19:15:45,563 [INFO] [A
2026-05-19 19:16:41,529 [INFO] 
2026-05-19 19:16:41,529 [INFO] 6%|5         | 6/101 [05:36<1:28:53, 56.15s/it]
2026-05-19 19:16:41,529 [INFO] [A
2026-05-19 19:17:37,792 [INFO] 
2026-05-19 19:17:37,793 [INFO] 7%|6         | 7/101 [06:32<1:28:01, 56.18s/it]
2026-05-19 19:17:37,793 [INFO] [A
2026-05-19 19:18:34,405 [INFO] 
2026-05-19 19:18:34,405 [INFO] 8%|7         | 8/101 [07:29<1:27:17, 56.32s/it]
2026-05-19 19:18:34,405 [INFO] [A
2026-05-19 19:19:31,121 [INFO] 
2026-05-19 19:19:31,122 [INFO] 9%|8         | 9/101 [08:26<1:26:32, 56.44s/it]
2026-05-19 19:19:31,122 [INFO] [A
2026-05-19 19:20:27,446 [INFO] 
2026-05-19 19:20:27,446 [INFO] 10%|9         | 10/101 [09:22<1:25:33, 56.41s/it]
2026-05-19 19:20:27,446 [INFO] [A
2026-05-19 19:21:23,416 [INFO] 
2026-05-19 19:21:23,416 [INFO] 11%|#         | 11/101 [10:18<1:24:24, 56.27s/it]
2026-05-19 19:21:23,416 [INFO] [A
2026-05-19 19:22:19,743 [INFO] 
2026-05-19 19:22:19,743 [INFO] 12%|#1        | 12/101 [11:14<1:23:29, 56.29s/it]
2026-05-19 19:22:19,743 [INFO] [A
2026-05-19 19:23:15,761 [INFO] 
2026-05-19 19:23:15,762 [INFO] 13%|#2        | 13/101 [12:10<1:22:26, 56.21s/it]
2026-05-19 19:23:15,762 [INFO] [A
