2026-05-20 01:30:41,722 [INFO] WRITING LOG OUTPUT TO /scicore/home/basler/basler0004/.cellpose/run.log
2026-05-20 01:30:41,722 [INFO] 
cellpose version: 	4.1.1 
platform:       	linux 
python version: 	3.11.15 
torch version:  	2.9.0+cu130
2026-05-20 01:30:42,268 [INFO] ** TORCH CUDA version installed and working. **
2026-05-20 01:30:42,269 [INFO] >>>> using GPU (CUDA)
2026-05-20 01:30:42,269 [WARNING] the '--diam_mean' flag is deprecated in v4.0.1+ and no longer used
2026-05-20 01:30:42,269 [INFO] >>>> running cellpose on 1 images using all channels
2026-05-20 01:30:44,004 [INFO] >>>> loading model /scicore/home/basler/basler0004/.cellpose/models/cpsam
2026-05-20 01:30:44,671 [INFO] 0%|          | 0/1 [00:00<?, ?it/s]
2026-05-20 01:30:44,671 [INFO] loading image as 3D zstack
2026-05-20 01:30:44,673 [INFO] reading tiff with 101 planes
2026-05-20 01:30:57,623 [INFO] resizing 3D image with anisotropy=2.786
2026-05-20 01:30:58,957 [INFO] running YX: 110 planes of size (1069, 1069)
2026-05-20 01:30:58,957 [INFO] 
2026-05-20 01:30:58,958 [INFO] 0%|          | 0/9 [00:00<?, ?it/s]
2026-05-20 01:30:58,958 [INFO] [A
2026-05-20 01:31:29,197 [INFO] 
2026-05-20 01:31:29,200 [INFO] 56%|#####5    | 5/9 [00:30<00:24,  6.05s/it]
2026-05-20 01:31:29,200 [INFO] [A
2026-05-20 01:31:44,672 [INFO] 
2026-05-20 01:31:44,673 [INFO] 56%|#####5    | 5/9 [00:45<00:24,  6.05s/it]
2026-05-20 01:31:44,673 [INFO] [A
2026-05-20 01:31:50,084 [INFO] 100%|##########| 9/9 [00:51<00:00,  5.68s/it]
2026-05-20 01:31:51,532 [INFO] running ZY: 1069 planes of size (110, 1069)
2026-05-20 01:31:51,533 [INFO] 
2026-05-20 01:31:51,533 [INFO] 0%|          | 0/13 [00:00<?, ?it/s]
2026-05-20 01:31:51,533 [INFO] [A
2026-05-20 01:32:24,561 [INFO] 
2026-05-20 01:32:24,561 [INFO] 38%|###8      | 5/13 [00:33<00:52,  6.61s/it]
2026-05-20 01:32:24,561 [INFO] [A
2026-05-20 01:32:34,674 [INFO] 
2026-05-20 01:32:34,675 [INFO] 38%|###8      | 5/13 [00:43<00:52,  6.61s/it]
2026-05-20 01:32:34,675 [INFO] [A
2026-05-20 01:32:56,176 [INFO] 
2026-05-20 01:32:56,177 [INFO] 77%|#######6  | 10/13 [01:04<00:19,  6.44s/it]
2026-05-20 01:32:56,177 [INFO] [A
2026-05-20 01:33:14,460 [INFO] 100%|##########| 13/13 [01:22<00:00,  6.38s/it]
2026-05-20 01:33:15,734 [INFO] running ZX: 1069 planes of size (110, 1069)
2026-05-20 01:33:15,735 [INFO] 
2026-05-20 01:33:15,735 [INFO] 0%|          | 0/13 [00:00<?, ?it/s]
2026-05-20 01:33:15,735 [INFO] [A
2026-05-20 01:33:49,619 [INFO] 
2026-05-20 01:33:49,620 [INFO] 38%|###8      | 5/13 [00:33<00:54,  6.78s/it]
2026-05-20 01:33:49,620 [INFO] [A
2026-05-20 01:34:04,677 [INFO] 
2026-05-20 01:34:04,678 [INFO] 38%|###8      | 5/13 [00:48<00:54,  6.78s/it]
2026-05-20 01:34:04,678 [INFO] [A
2026-05-20 01:34:23,494 [INFO] 
2026-05-20 01:34:23,494 [INFO] 77%|#######6  | 10/13 [01:07<00:20,  6.78s/it]
2026-05-20 01:34:23,494 [INFO] [A
2026-05-20 01:34:34,679 [INFO] 
2026-05-20 01:34:34,679 [INFO] 77%|#######6  | 10/13 [01:18<00:20,  6.78s/it]
2026-05-20 01:34:34,679 [INFO] [A
2026-05-20 01:34:43,081 [INFO] 100%|##########| 13/13 [01:27<00:00,  6.72s/it]
2026-05-20 01:35:08,068 [INFO] resizing 3D flows and cellprobl to original image size
2026-05-20 01:35:17,665 [INFO] network run in 260.04s
2026-05-20 01:35:17,717 [INFO] smoothing flows with ZYX sigma=[0.69, 0.69, 0.69]
2026-05-20 01:37:07,737 [INFO] masks created in 55.38s
2026-05-20 01:37:54,157 [INFO] 100%|##########| 1/1 [07:09<00:00, 429.49s/it]
2026-05-20 01:37:54,157 [INFO] 100%|##########| 1/1 [07:09<00:00, 429.49s/it]
2026-05-20 01:37:54,157 [INFO] >>>> completed in 431.888 sec
