2026-05-20 00:49:57,077 [INFO] WRITING LOG OUTPUT TO /scicore/home/basler/basler0004/.cellpose/run.log
2026-05-20 00:49:57,077 [INFO] 
cellpose version: 	4.1.1 
platform:       	linux 
python version: 	3.11.15 
torch version:  	2.9.0+cu130
2026-05-20 00:49:57,829 [INFO] ** TORCH CUDA version installed and working. **
2026-05-20 00:49:57,830 [INFO] >>>> using GPU (CUDA)
2026-05-20 00:49:57,830 [WARNING] the '--diam_mean' flag is deprecated in v4.0.1+ and no longer used
2026-05-20 00:49:57,830 [INFO] >>>> running cellpose on 1 images using all channels
2026-05-20 00:49:59,481 [INFO] >>>> loading model /scicore/home/basler/basler0004/.cellpose/models/cpsam
2026-05-20 00:50:00,226 [INFO] 0%|          | 0/1 [00:00<?, ?it/s]
2026-05-20 00:50:00,226 [INFO] loading image as 3D zstack
2026-05-20 00:50:00,229 [INFO] reading tiff with 101 planes
2026-05-20 00:50:13,090 [INFO] 
2026-05-20 00:50:13,092 [INFO] 0%|          | 0/10 [00:00<?, ?it/s]
2026-05-20 00:50:13,092 [INFO] [A
2026-05-20 00:50:43,798 [INFO] 
2026-05-20 00:50:43,801 [INFO] 60%|######    | 6/10 [00:30<00:20,  5.12s/it]
2026-05-20 00:50:43,802 [INFO] [A
2026-05-20 00:51:00,016 [INFO] 100%|##########| 10/10 [00:46<00:00,  4.69s/it]
2026-05-20 00:51:04,701 [INFO] network run in 51.61s
2026-05-20 00:51:04,702 [INFO] 
2026-05-20 00:51:04,702 [INFO] 0%|          | 0/101 [00:00<?, ?it/s]
2026-05-20 00:51:04,702 [INFO] [A
2026-05-20 00:51:35,112 [INFO] 
2026-05-20 00:51:35,116 [INFO] 27%|##6       | 27/101 [00:30<01:23,  1.13s/it]
2026-05-20 00:51:35,116 [INFO] [A
2026-05-20 00:51:50,229 [INFO] 
2026-05-20 00:51:50,232 [INFO] 27%|##6       | 27/101 [00:45<01:23,  1.13s/it]
2026-05-20 00:51:50,232 [INFO] [A
2026-05-20 00:52:05,617 [INFO] 
2026-05-20 00:52:05,620 [INFO] 54%|#####4    | 55/101 [01:00<00:50,  1.10s/it]
2026-05-20 00:52:05,620 [INFO] [A
2026-05-20 00:52:20,244 [INFO] 
2026-05-20 00:52:20,249 [INFO] 54%|#####4    | 55/101 [01:15<00:50,  1.10s/it]
2026-05-20 00:52:20,249 [INFO] [A
2026-05-20 00:52:35,775 [INFO] 
2026-05-20 00:52:35,775 [INFO] 90%|######### | 91/101 [01:31<00:09,  1.04it/s]
2026-05-20 00:52:35,775 [INFO] [A
2026-05-20 00:52:40,055 [INFO] 100%|##########| 101/101 [01:35<00:00,  1.06it/s]
2026-05-20 00:52:40,055 [INFO] stitching 101 planes using stitch_threshold=0.456 to make 3D masks
2026-05-20 00:53:53,615 [INFO] masks created in 168.91s
2026-05-20 00:54:47,922 [INFO] 100%|##########| 1/1 [04:47<00:00, 287.70s/it]
2026-05-20 00:54:47,925 [INFO] 100%|##########| 1/1 [04:47<00:00, 287.70s/it]
2026-05-20 00:54:47,925 [INFO] >>>> completed in 290.095 sec
