2026-05-20 00:55:03,536 [INFO] WRITING LOG OUTPUT TO /scicore/home/basler/basler0004/.cellpose/run.log
2026-05-20 00:55:03,536 [INFO] 
cellpose version: 	4.1.1 
platform:       	linux 
python version: 	3.11.15 
torch version:  	2.9.0+cu130
2026-05-20 00:55:04,259 [INFO] ** TORCH CUDA version installed and working. **
2026-05-20 00:55:04,259 [INFO] >>>> using GPU (CUDA)
2026-05-20 00:55:04,259 [WARNING] the '--diam_mean' flag is deprecated in v4.0.1+ and no longer used
2026-05-20 00:55:04,259 [INFO] >>>> running cellpose on 1 images using all channels
2026-05-20 00:55:06,037 [INFO] >>>> loading model /scicore/home/basler/basler0004/.cellpose/models/cpsam
2026-05-20 00:55:06,670 [INFO] 0%|          | 0/1 [00:00<?, ?it/s]
2026-05-20 00:55:06,670 [INFO] loading image as 3D zstack
2026-05-20 00:55:06,672 [INFO] reading tiff with 101 planes
2026-05-20 00:55:19,582 [INFO] 
2026-05-20 00:55:19,582 [INFO] 0%|          | 0/8 [00:00<?, ?it/s]
2026-05-20 00:55:19,582 [INFO] [A
2026-05-20 00:55:49,865 [INFO] 
2026-05-20 00:55:49,865 [INFO] 62%|######2   | 5/8 [00:30<00:18,  6.06s/it]
2026-05-20 00:55:49,865 [INFO] [A
2026-05-20 00:56:06,432 [INFO] 100%|##########| 8/8 [00:46<00:00,  5.86s/it]
2026-05-20 00:56:10,978 [INFO] network run in 51.40s
2026-05-20 00:56:10,979 [INFO] 
2026-05-20 00:56:10,979 [INFO] 0%|          | 0/101 [00:00<?, ?it/s]
2026-05-20 00:56:10,979 [INFO] [A
2026-05-20 00:56:42,054 [INFO] 
2026-05-20 00:56:42,054 [INFO] 28%|##7       | 28/101 [00:31<01:21,  1.11s/it]
2026-05-20 00:56:42,054 [INFO] [A
2026-05-20 00:56:56,673 [INFO] 
2026-05-20 00:56:56,674 [INFO] 28%|##7       | 28/101 [00:45<01:21,  1.11s/it]
2026-05-20 00:56:56,674 [INFO] [A
2026-05-20 00:57:12,403 [INFO] 
2026-05-20 00:57:12,403 [INFO] 55%|#####5    | 56/101 [01:01<00:49,  1.09s/it]
2026-05-20 00:57:12,403 [INFO] [A
2026-05-20 00:57:26,675 [INFO] 
2026-05-20 00:57:26,675 [INFO] 55%|#####5    | 56/101 [01:15<00:49,  1.09s/it]
2026-05-20 00:57:26,675 [INFO] [A
2026-05-20 00:57:42,686 [INFO] 
2026-05-20 00:57:42,687 [INFO] 93%|#########3| 94/101 [01:31<00:06,  1.07it/s]
2026-05-20 00:57:42,687 [INFO] [A
2026-05-20 00:57:45,479 [INFO] 100%|##########| 101/101 [01:34<00:00,  1.07it/s]
2026-05-20 00:57:45,479 [INFO] stitching 101 planes using stitch_threshold=0.456 to make 3D masks
2026-05-20 00:58:59,588 [INFO] masks created in 168.61s
2026-05-20 00:59:53,822 [INFO] 100%|##########| 1/1 [04:47<00:00, 287.15s/it]
2026-05-20 00:59:53,823 [INFO] 100%|##########| 1/1 [04:47<00:00, 287.15s/it]
2026-05-20 00:59:53,823 [INFO] >>>> completed in 289.564 sec
