
  0%|          | 0/101 [00:00<?, ?it/s][A
 14%|█▍        | 14/101 [00:00<00:00, 132.37it/s][A
 28%|██▊       | 28/101 [00:00<00:00, 134.49it/s][A
 42%|████▏     | 42/101 [00:00<00:00, 134.29it/s][A
 55%|█████▌    | 56/101 [00:00<00:00, 134.90it/s][A
 69%|██████▉   | 70/101 [00:00<00:00, 136.10it/s][A
 83%|████████▎ | 84/101 [00:00<00:00, 137.34it/s][A
 97%|█████████▋| 98/101 [00:00<00:00, 137.63it/s][A100%|██████████| 101/101 [00:00<00:00, 136.31it/s]
Traceback (most recent call last):
  File "<frozen runpy>", line 198, in _run_module_as_main
  File "<frozen runpy>", line 88, in _run_code
  File "/scicore/home/basler/basler0004/Imaging_Project_sciCORE/CLEAN/Pipeline_Final/Scripts/Cellpose_SAM/.pixi/envs/default/lib/python3.11/site-packages/cellpose/__main__.py", line 277, in <module>
    main()
  File "/scicore/home/basler/basler0004/Imaging_Project_sciCORE/CLEAN/Pipeline_Final/Scripts/Cellpose_SAM/.pixi/envs/default/lib/python3.11/site-packages/cellpose/__main__.py", line 121, in main
    _evaluate_cellposemodel_cli(args, logger, image_filter, device, pretrained_model, normalize)
  File "/scicore/home/basler/basler0004/Imaging_Project_sciCORE/CLEAN/Pipeline_Final/Scripts/Cellpose_SAM/.pixi/envs/default/lib/python3.11/site-packages/cellpose/__main__.py", line 224, in _evaluate_cellposemodel_cli
    out = model.eval(
          ^^^^^^^^^^^
  File "/scicore/home/basler/basler0004/Imaging_Project_sciCORE/CLEAN/Pipeline_Final/Scripts/Cellpose_SAM/.pixi/envs/default/lib/python3.11/site-packages/cellpose/models.py", line 301, in eval
    dP, cellprob, styles = self._run_net(
                           ^^^^^^^^^^^^^^
  File "/scicore/home/basler/basler0004/Imaging_Project_sciCORE/CLEAN/Pipeline_Final/Scripts/Cellpose_SAM/.pixi/envs/default/lib/python3.11/site-packages/cellpose/models.py", line 385, in _run_net
    yf, styles = run_net(self.net, x, bsize=bsize, augment=augment,
                 ^^^^^^^^^^^^^^^^^^^^^^^^^^^^^^^^^^^^^^^^^^^^^^^^^^
  File "/scicore/home/basler/basler0004/Imaging_Project_sciCORE/CLEAN/Pipeline_Final/Scripts/Cellpose_SAM/.pixi/envs/default/lib/python3.11/site-packages/cellpose/core.py", line 230, in run_net
    ya0, stylea0 = _forward(net, IMGa[bslc])
                   ^^^^^^^^^^^^^^^^^^^^^^^^^
  File "/scicore/home/basler/basler0004/Imaging_Project_sciCORE/CLEAN/Pipeline_Final/Scripts/Cellpose_SAM/.pixi/envs/default/lib/python3.11/site-packages/cellpose/core.py", line 158, in _forward
    y, style = net(X)[:2]
               ^^^^^^
  File "/scicore/home/basler/basler0004/Imaging_Project_sciCORE/CLEAN/Pipeline_Final/Scripts/Cellpose_SAM/.pixi/envs/default/lib/python3.11/site-packages/torch/nn/modules/module.py", line 1775, in _wrapped_call_impl
    return self._call_impl(*args, **kwargs)
           ^^^^^^^^^^^^^^^^^^^^^^^^^^^^^^^^
  File "/scicore/home/basler/basler0004/Imaging_Project_sciCORE/CLEAN/Pipeline_Final/Scripts/Cellpose_SAM/.pixi/envs/default/lib/python3.11/site-packages/torch/nn/modules/module.py", line 1786, in _call_impl
    return forward_call(*args, **kwargs)
           ^^^^^^^^^^^^^^^^^^^^^^^^^^^^^
  File "/scicore/home/basler/basler0004/Imaging_Project_sciCORE/CLEAN/Pipeline_Final/Scripts/Cellpose_SAM/.pixi/envs/default/lib/python3.11/site-packages/cellpose/vit_sam.py", line 72, in forward
    x = blk(x)
        ^^^^^^
  File "/scicore/home/basler/basler0004/Imaging_Project_sciCORE/CLEAN/Pipeline_Final/Scripts/Cellpose_SAM/.pixi/envs/default/lib/python3.11/site-packages/torch/nn/modules/module.py", line 1775, in _wrapped_call_impl
    return self._call_impl(*args, **kwargs)
           ^^^^^^^^^^^^^^^^^^^^^^^^^^^^^^^^
  File "/scicore/home/basler/basler0004/Imaging_Project_sciCORE/CLEAN/Pipeline_Final/Scripts/Cellpose_SAM/.pixi/envs/default/lib/python3.11/site-packages/torch/nn/modules/module.py", line 1786, in _call_impl
    return forward_call(*args, **kwargs)
           ^^^^^^^^^^^^^^^^^^^^^^^^^^^^^
  File "/scicore/home/basler/basler0004/Imaging_Project_sciCORE/CLEAN/Pipeline_Final/Scripts/Cellpose_SAM/.pixi/envs/default/lib/python3.11/site-packages/segment_anything/modeling/image_encoder.py", line 174, in forward
    x = self.attn(x)
        ^^^^^^^^^^^^
  File "/scicore/home/basler/basler0004/Imaging_Project_sciCORE/CLEAN/Pipeline_Final/Scripts/Cellpose_SAM/.pixi/envs/default/lib/python3.11/site-packages/torch/nn/modules/module.py", line 1775, in _wrapped_call_impl
    return self._call_impl(*args, **kwargs)
           ^^^^^^^^^^^^^^^^^^^^^^^^^^^^^^^^
  File "/scicore/home/basler/basler0004/Imaging_Project_sciCORE/CLEAN/Pipeline_Final/Scripts/Cellpose_SAM/.pixi/envs/default/lib/python3.11/site-packages/torch/nn/modules/module.py", line 1786, in _call_impl
    return forward_call(*args, **kwargs)
           ^^^^^^^^^^^^^^^^^^^^^^^^^^^^^
  File "/scicore/home/basler/basler0004/Imaging_Project_sciCORE/CLEAN/Pipeline_Final/Scripts/Cellpose_SAM/.pixi/envs/default/lib/python3.11/site-packages/segment_anything/modeling/image_encoder.py", line 234, in forward
    attn = add_decomposed_rel_pos(attn, q, self.rel_pos_h, self.rel_pos_w, (H, W), (H, W))
           ^^^^^^^^^^^^^^^^^^^^^^^^^^^^^^^^^^^^^^^^^^^^^^^^^^^^^^^^^^^^^^^^^^^^^^^^^^^^^^^
  File "/scicore/home/basler/basler0004/Imaging_Project_sciCORE/CLEAN/Pipeline_Final/Scripts/Cellpose_SAM/.pixi/envs/default/lib/python3.11/site-packages/segment_anything/modeling/image_encoder.py", line 358, in add_decomposed_rel_pos
    attn.view(B, q_h, q_w, k_h, k_w) + rel_h[:, :, :, :, None] + rel_w[:, :, :, None, :]
    ~~~~~~~~~~~~~~~~~~~~~~~~~~~~~~~~~~~~~~~~~~~~~~~~~~~~~~~~~~~^~~~~~~~~~~~~~~~~~~~~~~~~
torch.OutOfMemoryError: CUDA out of memory. Tried to allocate 29.25 GiB. GPU 0 has a total capacity of 79.25 GiB of which 1.72 GiB is free. Including non-PyTorch memory, this process has 77.41 GiB memory in use. Of the allocated memory 75.87 GiB is allocated by PyTorch, and 1.04 GiB is reserved by PyTorch but unallocated. If reserved but unallocated memory is large try setting PYTORCH_CUDA_ALLOC_CONF=expandable_segments:True to avoid fragmentation.  See documentation for Memory Management  (https://pytorch.org/docs/stable/notes/cuda.html#environment-variables)
