/scicore/home/basler/basler0004/Imaging_Project_sciCORE/CLEAN/Pipeline_Final/Scripts/Cellpose_SAM/.pixi/envs/default/lib/python3.11/site-packages/torch/cuda/__init__.py:283: UserWarning: 
    Found GPU0 NVIDIA TITAN X (Pascal) which is of cuda capability 6.1.
    Minimum and Maximum cuda capability supported by this version of PyTorch is
    (7.5) - (12.0)
    
  warnings.warn(
/scicore/home/basler/basler0004/Imaging_Project_sciCORE/CLEAN/Pipeline_Final/Scripts/Cellpose_SAM/.pixi/envs/default/lib/python3.11/site-packages/torch/cuda/__init__.py:304: UserWarning: 
    Please install PyTorch with a following CUDA
    configurations:  12.6 following instructions at
    https://pytorch.org/get-started/locally/
    
  warnings.warn(matched_cuda_warn.format(matched_arches))
/scicore/home/basler/basler0004/Imaging_Project_sciCORE/CLEAN/Pipeline_Final/Scripts/Cellpose_SAM/.pixi/envs/default/lib/python3.11/site-packages/torch/cuda/__init__.py:326: UserWarning: 
NVIDIA TITAN X (Pascal) with CUDA capability sm_61 is not compatible with the current PyTorch installation.
The current PyTorch install supports CUDA capabilities sm_75 sm_80 sm_86 sm_90 sm_100 sm_120 compute_120.
If you want to use the NVIDIA TITAN X (Pascal) GPU with PyTorch, please check the instructions at https://pytorch.org/get-started/locally/

  warnings.warn(
Traceback (most recent call last):
  File "<frozen runpy>", line 198, in _run_module_as_main
  File "<frozen runpy>", line 88, in _run_code
  File "/scicore/home/basler/basler0004/Imaging_Project_sciCORE/CLEAN/Pipeline_Final/Scripts/Cellpose_SAM/.pixi/envs/default/lib/python3.11/site-packages/cellpose/__main__.py", line 277, in <module>
    main()
  File "/scicore/home/basler/basler0004/Imaging_Project_sciCORE/CLEAN/Pipeline_Final/Scripts/Cellpose_SAM/.pixi/envs/default/lib/python3.11/site-packages/cellpose/__main__.py", line 121, in main
    _evaluate_cellposemodel_cli(args, logger, image_filter, device, pretrained_model, normalize)
  File "/scicore/home/basler/basler0004/Imaging_Project_sciCORE/CLEAN/Pipeline_Final/Scripts/Cellpose_SAM/.pixi/envs/default/lib/python3.11/site-packages/cellpose/__main__.py", line 201, in _evaluate_cellposemodel_cli
    model = models.CellposeModel(device=device, pretrained_model=pretrained_model,)
            ^^^^^^^^^^^^^^^^^^^^^^^^^^^^^^^^^^^^^^^^^^^^^^^^^^^^^^^^^^^^^^^^^^^^^^^
  File "/scicore/home/basler/basler0004/Imaging_Project_sciCORE/CLEAN/Pipeline_Final/Scripts/Cellpose_SAM/.pixi/envs/default/lib/python3.11/site-packages/cellpose/models.py", line 148, in __init__
    self.net.load_model(self.pretrained_model, device=self.device)
  File "/scicore/home/basler/basler0004/Imaging_Project_sciCORE/CLEAN/Pipeline_Final/Scripts/Cellpose_SAM/.pixi/envs/default/lib/python3.11/site-packages/cellpose/vit_sam.py", line 102, in load_model
    self.load_state_dict(state_dict, strict = strict)
  File "/scicore/home/basler/basler0004/Imaging_Project_sciCORE/CLEAN/Pipeline_Final/Scripts/Cellpose_SAM/.pixi/envs/default/lib/python3.11/site-packages/torch/nn/modules/module.py", line 2629, in load_state_dict
    raise RuntimeError(
RuntimeError: Error(s) in loading state_dict for Transformer:
	While copying the parameter named "encoder.pos_embed", whose dimensions in the model are torch.Size([1, 32, 32, 1024]) and whose dimensions in the checkpoint are torch.Size([1, 32, 32, 1024]), an exception occurred : ("CUDA error: no kernel image is available for execution on the device\nSearch for `cudaErrorNoKernelImageForDevice' in https://docs.nvidia.com/cuda/cuda-runtime-api/group__CUDART__TYPES.html for more information.\nCUDA kernel errors might be asynchronously reported at some other API call, so the stacktrace below might be incorrect.\nFor debugging consider passing CUDA_LAUNCH_BLOCKING=1\nCompile with `TORCH_USE_CUDA_DSA` to enable device-side assertions.\n",).
	While copying the parameter named "encoder.patch_embed.proj.weight", whose dimensions in the model are torch.Size([1024, 3, 8, 8]) and whose dimensions in the checkpoint are torch.Size([1024, 3, 8, 8]), an exception occurred : ("CUDA error: no kernel image is available for execution on the device\nSearch for `cudaErrorNoKernelImageForDevice' in https://docs.nvidia.com/cuda/cuda-runtime-api/group__CUDART__TYPES.html for more information.\nCUDA kernel errors might be asynchronously reported at some other API call, so the stacktrace below might be incorrect.\nFor debugging consider passing CUDA_LAUNCH_BLOCKING=1\nCompile with `TORCH_USE_CUDA_DSA` to enable device-side assertions.\n",).
