nohup: ignoring input
2026-05-17 12:32:57,337 [INFO] WRITING LOG OUTPUT TO /home/basler0004/.cellpose/run.log
2026-05-17 12:32:57,337 [INFO] 
cellpose version: 	4.1.1 
platform:       	linux 
python version: 	3.11.15 
torch version:  	2.9.0+cu130
2026-05-17 12:32:57,675 [INFO] ** TORCH CUDA version installed and working. **
2026-05-17 12:32:57,675 [INFO] >>>> using GPU (CUDA)
2026-05-17 12:32:57,675 [WARNING] the '--diam_mean' flag is deprecated in v4.0.1+ and no longer used
2026-05-17 12:32:57,678 [INFO] >>>> running cellpose on 5 images using all channels
2026-05-17 12:32:59,226 [INFO] >>>> loading model /home/basler0004/.cellpose/models/cpsam
2026-05-17 12:33:00,246 [INFO] 0%|          | 0/5 [00:00<?, ?it/s]
2026-05-17 12:33:00,246 [INFO] loading image as 3D zstack
2026-05-17 12:33:00,616 [INFO] reading tiff with 101 planes

  0%|          | 0/101 [00:00<?, ?it/s][A
  6%|▌         | 6/101 [00:00<00:01, 59.33it/s][A
 13%|█▎        | 13/101 [00:00<00:01, 62.97it/s][A
 20%|█▉        | 20/101 [00:00<00:01, 63.77it/s][A
 27%|██▋       | 27/101 [00:00<00:01, 64.01it/s][A
 34%|███▎      | 34/101 [00:00<00:01, 64.51it/s][A
 41%|████      | 41/101 [00:00<00:00, 63.93it/s][A
 48%|████▊     | 48/101 [00:00<00:00, 64.30it/s][A
 54%|█████▍    | 55/101 [00:00<00:00, 64.72it/s][A
 61%|██████▏   | 62/101 [00:00<00:00, 63.79it/s][A
 68%|██████▊   | 69/101 [00:01<00:00, 64.18it/s][A
 75%|███████▌  | 76/101 [00:01<00:00, 64.60it/s][A
 82%|████████▏ | 83/101 [00:01<00:00, 64.74it/s][A
 89%|████████▉ | 90/101 [00:01<00:00, 64.87it/s][A
 96%|█████████▌| 97/101 [00:01<00:00, 64.64it/s][A100%|██████████| 101/101 [00:01<00:00, 64.20it/s]
2026-05-17 12:33:17,347 [INFO] 
2026-05-17 12:33:17,347 [INFO] 0%|          | 0/101 [00:00<?, ?it/s]
2026-05-17 12:33:17,347 [INFO] [A
2026-05-17 12:34:14,493 [INFO] 
2026-05-17 12:34:14,493 [INFO] 1%|          | 1/101 [00:57<1:35:14, 57.15s/it]
2026-05-17 12:34:14,493 [INFO] [A
2026-05-17 12:35:11,914 [INFO] 
2026-05-17 12:35:11,914 [INFO] 2%|1         | 2/101 [01:54<1:34:33, 57.31s/it]
2026-05-17 12:35:11,914 [INFO] [A
2026-05-17 12:36:09,517 [INFO] 
2026-05-17 12:36:09,517 [INFO] 3%|2         | 3/101 [02:52<1:33:49, 57.44s/it]
2026-05-17 12:36:09,517 [INFO] [A
