2026-05-18 19:00:44,600 [INFO] WRITING LOG OUTPUT TO /scicore/home/basler/basler0004/.cellpose/run.log
2026-05-18 19:00:44,600 [INFO] 
cellpose version: 	4.1.1 
platform:       	linux 
python version: 	3.11.15 
torch version:  	2.4.1+cu121
2026-05-18 19:00:44,842 [INFO] ** TORCH CUDA version installed and working. **
2026-05-18 19:00:44,842 [INFO] >>>> using GPU (CUDA)
2026-05-18 19:00:44,842 [WARNING] the '--diam_mean' flag is deprecated in v4.0.1+ and no longer used
2026-05-18 19:00:44,846 [INFO] >>>> running cellpose on 5 images using all channels
2026-05-18 19:00:47,557 [INFO] >>>> loading model /scicore/home/basler/basler0004/.cellpose/models/cpsam
2026-05-18 19:00:50,150 [INFO] 0%|          | 0/5 [00:00<?, ?it/s]
2026-05-18 19:00:50,150 [INFO] loading image as 3D zstack
2026-05-18 19:00:50,198 [INFO] reading tiff with 101 planes
2026-05-18 19:01:15,729 [INFO] 
2026-05-18 19:01:15,729 [INFO] 0%|          | 0/101 [00:00<?, ?it/s]
2026-05-18 19:01:15,730 [INFO] [A
2026-05-18 19:01:49,753 [INFO] 
2026-05-18 19:01:49,753 [INFO] 6%|5         | 6/101 [00:34<08:58,  5.67s/it]
2026-05-18 19:01:49,753 [INFO] [A
2026-05-18 19:02:00,153 [INFO] 
2026-05-18 19:02:00,153 [INFO] 6%|5         | 6/101 [00:44<08:58,  5.67s/it]
2026-05-18 19:02:00,153 [INFO] [A
2026-05-18 19:02:23,996 [INFO] 
2026-05-18 19:02:23,997 [INFO] 12%|#1        | 12/101 [01:08<08:26,  5.69s/it]
2026-05-18 19:02:23,997 [INFO] [A
2026-05-18 19:02:40,155 [INFO] 
2026-05-18 19:02:40,155 [INFO] 12%|#1        | 12/101 [01:24<08:26,  5.69s/it]
2026-05-18 19:02:40,155 [INFO] [A
2026-05-18 19:02:58,484 [INFO] 
2026-05-18 19:02:58,484 [INFO] 18%|#7        | 18/101 [01:42<07:54,  5.72s/it]
2026-05-18 19:02:58,484 [INFO] [A
2026-05-18 19:03:10,157 [INFO] 
2026-05-18 19:03:10,158 [INFO] 18%|#7        | 18/101 [01:54<07:54,  5.72s/it]
2026-05-18 19:03:10,158 [INFO] [A
2026-05-18 19:03:33,078 [INFO] 
2026-05-18 19:03:33,079 [INFO] 24%|##3       | 24/101 [02:17<07:21,  5.74s/it]
2026-05-18 19:03:33,079 [INFO] [A
2026-05-18 19:03:50,160 [INFO] 
2026-05-18 19:03:50,163 [INFO] 24%|##3       | 24/101 [02:34<07:21,  5.74s/it]
2026-05-18 19:03:50,163 [INFO] [A
2026-05-18 19:04:07,725 [INFO] 
2026-05-18 19:04:07,725 [INFO] 30%|##9       | 30/101 [02:51<06:48,  5.75s/it]
2026-05-18 19:04:07,725 [INFO] [A
2026-05-18 19:04:20,165 [INFO] 
2026-05-18 19:04:20,166 [INFO] 30%|##9       | 30/101 [03:04<06:48,  5.75s/it]
2026-05-18 19:04:20,166 [INFO] [A
2026-05-18 19:04:42,414 [INFO] 
2026-05-18 19:04:42,414 [INFO] 36%|###5      | 36/101 [03:26<06:14,  5.76s/it]
2026-05-18 19:04:42,414 [INFO] [A
2026-05-18 19:05:00,168 [INFO] 
2026-05-18 19:05:00,169 [INFO] 36%|###5      | 36/101 [03:44<06:14,  5.76s/it]
2026-05-18 19:05:00,169 [INFO] [A
2026-05-18 19:05:17,057 [INFO] 
2026-05-18 19:05:17,057 [INFO] 42%|####1     | 42/101 [04:01<05:40,  5.77s/it]
2026-05-18 19:05:17,057 [INFO] [A
2026-05-18 19:05:30,171 [INFO] 
2026-05-18 19:05:30,171 [INFO] 42%|####1     | 42/101 [04:14<05:40,  5.77s/it]
2026-05-18 19:05:30,172 [INFO] [A
2026-05-18 19:05:51,735 [INFO] 
2026-05-18 19:05:51,736 [INFO] 48%|####7     | 48/101 [04:36<05:05,  5.77s/it]
2026-05-18 19:05:51,736 [INFO] [A
2026-05-18 19:06:10,174 [INFO] 
2026-05-18 19:06:10,174 [INFO] 48%|####7     | 48/101 [04:54<05:05,  5.77s/it]
2026-05-18 19:06:10,175 [INFO] [A
2026-05-18 19:06:26,432 [INFO] 
2026-05-18 19:06:26,432 [INFO] 53%|#####3    | 54/101 [05:10<04:31,  5.77s/it]
2026-05-18 19:06:26,432 [INFO] [A
2026-05-18 19:06:40,176 [INFO] 
2026-05-18 19:06:40,177 [INFO] 53%|#####3    | 54/101 [05:24<04:31,  5.77s/it]
2026-05-18 19:06:40,177 [INFO] [A
2026-05-18 19:07:01,078 [INFO] 
2026-05-18 19:07:01,079 [INFO] 59%|#####9    | 60/101 [05:45<03:56,  5.77s/it]
2026-05-18 19:07:01,079 [INFO] [A
2026-05-18 19:07:20,179 [INFO] 
2026-05-18 19:07:20,180 [INFO] 59%|#####9    | 60/101 [06:04<03:56,  5.77s/it]
2026-05-18 19:07:20,180 [INFO] [A
2026-05-18 19:07:35,723 [INFO] 
2026-05-18 19:07:35,724 [INFO] 65%|######5   | 66/101 [06:19<03:22,  5.77s/it]
2026-05-18 19:07:35,729 [INFO] [A
2026-05-18 19:07:50,182 [INFO] 
2026-05-18 19:07:50,183 [INFO] 65%|######5   | 66/101 [06:34<03:22,  5.77s/it]
2026-05-18 19:07:50,183 [INFO] [A
2026-05-18 19:08:10,367 [INFO] 
2026-05-18 19:08:10,367 [INFO] 71%|#######1  | 72/101 [06:54<02:47,  5.77s/it]
2026-05-18 19:08:10,367 [INFO] [A
2026-05-18 19:08:30,185 [INFO] 
2026-05-18 19:08:30,186 [INFO] 71%|#######1  | 72/101 [07:14<02:47,  5.77s/it]
2026-05-18 19:08:30,186 [INFO] [A
2026-05-18 19:08:45,038 [INFO] 
2026-05-18 19:08:45,039 [INFO] 77%|#######7  | 78/101 [07:29<02:12,  5.78s/it]
2026-05-18 19:08:45,039 [INFO] [A
2026-05-18 19:09:00,188 [INFO] 
2026-05-18 19:09:00,189 [INFO] 77%|#######7  | 78/101 [07:44<02:12,  5.78s/it]
2026-05-18 19:09:00,189 [INFO] [A
2026-05-18 19:09:19,790 [INFO] 
2026-05-18 19:09:19,791 [INFO] 83%|########3 | 84/101 [08:04<01:38,  5.78s/it]
2026-05-18 19:09:19,791 [INFO] [A
2026-05-18 19:09:30,191 [INFO] 
2026-05-18 19:09:30,191 [INFO] 83%|########3 | 84/101 [08:14<01:38,  5.78s/it]
2026-05-18 19:09:30,192 [INFO] [A
2026-05-18 19:09:54,529 [INFO] 
2026-05-18 19:09:54,529 [INFO] 89%|########9 | 90/101 [08:38<01:03,  5.78s/it]
2026-05-18 19:09:54,529 [INFO] [A
2026-05-18 19:10:10,194 [INFO] 
2026-05-18 19:10:10,195 [INFO] 89%|########9 | 90/101 [08:54<01:03,  5.78s/it]
2026-05-18 19:10:10,195 [INFO] [A
2026-05-18 19:10:29,289 [INFO] 
2026-05-18 19:10:29,290 [INFO] 95%|#########5| 96/101 [09:13<00:28,  5.79s/it]
2026-05-18 19:10:29,290 [INFO] [A
2026-05-18 19:10:40,196 [INFO] 
2026-05-18 19:10:40,196 [INFO] 95%|#########5| 96/101 [09:24<00:28,  5.79s/it]
2026-05-18 19:10:40,197 [INFO] [A
2026-05-18 19:10:58,245 [INFO] 100%|##########| 101/101 [09:42<00:00,  5.77s/it]
2026-05-18 19:11:05,874 [INFO] network run in 590.15s
2026-05-18 19:11:05,875 [INFO] 
2026-05-18 19:11:05,875 [INFO] 0%|          | 0/101 [00:00<?, ?it/s]
2026-05-18 19:11:05,875 [INFO] [A
2026-05-18 19:11:36,836 [INFO] 
2026-05-18 19:11:36,836 [INFO] 14%|#3        | 14/101 [00:30<03:12,  2.21s/it]
2026-05-18 19:11:36,836 [INFO] [A
2026-05-18 19:11:50,199 [INFO] 
2026-05-18 19:11:50,200 [INFO] 14%|#3        | 14/101 [00:44<03:12,  2.21s/it]
2026-05-18 19:11:50,200 [INFO] [A
2026-05-18 19:12:07,837 [INFO] 
2026-05-18 19:12:07,838 [INFO] 28%|##7       | 28/101 [01:01<02:41,  2.21s/it]
2026-05-18 19:12:07,838 [INFO] [A
2026-05-18 19:12:20,201 [INFO] 
2026-05-18 19:12:20,202 [INFO] 28%|##7       | 28/101 [01:14<02:41,  2.21s/it]
2026-05-18 19:12:20,203 [INFO] [A
2026-05-18 19:12:38,405 [INFO] 
2026-05-18 19:12:38,405 [INFO] 42%|####1     | 42/101 [01:32<02:09,  2.20s/it]
2026-05-18 19:12:38,405 [INFO] [A
2026-05-18 19:12:50,204 [INFO] 
2026-05-18 19:12:50,207 [INFO] 42%|####1     | 42/101 [01:44<02:09,  2.20s/it]
2026-05-18 19:12:50,207 [INFO] [A
2026-05-18 19:13:09,740 [INFO] 
2026-05-18 19:13:09,743 [INFO] 56%|#####6    | 57/101 [02:03<01:34,  2.15s/it]
2026-05-18 19:13:09,743 [INFO] [A
2026-05-18 19:13:20,208 [INFO] 
2026-05-18 19:13:20,208 [INFO] 56%|#####6    | 57/101 [02:14<01:34,  2.15s/it]
2026-05-18 19:13:20,209 [INFO] [A
2026-05-18 19:13:40,572 [INFO] 
2026-05-18 19:13:40,572 [INFO] 73%|#######3  | 74/101 [02:34<00:54,  2.02s/it]
2026-05-18 19:13:40,572 [INFO] [A
2026-05-18 19:14:00,224 [INFO] 
2026-05-18 19:14:00,225 [INFO] 73%|#######3  | 74/101 [02:54<00:54,  2.02s/it]
2026-05-18 19:14:00,226 [INFO] [A
2026-05-18 19:14:09,025 [INFO] 100%|##########| 101/101 [03:03<00:00,  1.81s/it]
2026-05-18 19:14:09,025 [INFO] stitching 101 planes using stitch_threshold=0.456 to make 3D masks
2026-05-18 19:15:54,295 [INFO] masks created in 288.42s
2026-05-18 19:17:07,187 [INFO] 20%|##        | 1/5 [16:17<1:05:08, 977.04s/it]
2026-05-18 19:17:07,188 [INFO] loading image as 3D zstack
2026-05-18 19:17:07,246 [INFO] reading tiff with 101 planes
2026-05-18 19:17:32,700 [INFO] 
2026-05-18 19:17:32,700 [INFO] 0%|          | 0/101 [00:00<?, ?it/s]
2026-05-18 19:17:32,700 [INFO] [A
2026-05-18 19:18:06,603 [INFO] 
2026-05-18 19:18:06,603 [INFO] 6%|5         | 6/101 [00:33<08:56,  5.65s/it]
2026-05-18 19:18:06,603 [INFO] [A
2026-05-18 19:18:20,575 [INFO] 
2026-05-18 19:18:20,575 [INFO] 6%|5         | 6/101 [00:47<08:56,  5.65s/it]
2026-05-18 19:18:20,576 [INFO] [A
2026-05-18 19:18:40,943 [INFO] 
2026-05-18 19:18:40,943 [INFO] 12%|#1        | 12/101 [01:08<08:26,  5.69s/it]
2026-05-18 19:18:40,943 [INFO] [A
2026-05-18 19:19:00,578 [INFO] 
2026-05-18 19:19:00,579 [INFO] 12%|#1        | 12/101 [01:27<08:26,  5.69s/it]
2026-05-18 19:19:00,579 [INFO] [A
2026-05-18 19:19:15,466 [INFO] 
2026-05-18 19:19:15,466 [INFO] 18%|#7        | 18/101 [01:42<07:54,  5.72s/it]
2026-05-18 19:19:15,467 [INFO] [A
2026-05-18 19:19:30,581 [INFO] 
2026-05-18 19:19:30,582 [INFO] 18%|#7        | 18/101 [01:57<07:54,  5.72s/it]
2026-05-18 19:19:30,582 [INFO] [A
2026-05-18 19:19:50,047 [INFO] 
2026-05-18 19:19:50,047 [INFO] 24%|##3       | 24/101 [02:17<07:21,  5.74s/it]
2026-05-18 19:19:50,047 [INFO] [A
2026-05-18 19:20:00,584 [INFO] 
2026-05-18 19:20:00,585 [INFO] 24%|##3       | 24/101 [02:27<07:21,  5.74s/it]
2026-05-18 19:20:00,585 [INFO] [A
2026-05-18 19:20:24,662 [INFO] 
2026-05-18 19:20:24,663 [INFO] 30%|##9       | 30/101 [02:51<06:48,  5.75s/it]
2026-05-18 19:20:24,663 [INFO] [A
2026-05-18 19:20:40,588 [INFO] 
2026-05-18 19:20:40,588 [INFO] 30%|##9       | 30/101 [03:07<06:48,  5.75s/it]
2026-05-18 19:20:40,589 [INFO] [A
2026-05-18 19:20:59,252 [INFO] 
2026-05-18 19:20:59,253 [INFO] 36%|###5      | 36/101 [03:26<06:14,  5.75s/it]
2026-05-18 19:20:59,253 [INFO] [A
2026-05-18 19:21:10,591 [INFO] 
2026-05-18 19:21:10,591 [INFO] 36%|###5      | 36/101 [03:37<06:14,  5.75s/it]
2026-05-18 19:21:10,592 [INFO] [A
2026-05-18 19:21:33,818 [INFO] 
2026-05-18 19:21:33,819 [INFO] 42%|####1     | 42/101 [04:01<05:39,  5.76s/it]
2026-05-18 19:21:33,819 [INFO] [A
2026-05-18 19:21:50,594 [INFO] 
2026-05-18 19:21:50,595 [INFO] 42%|####1     | 42/101 [04:17<05:39,  5.76s/it]
2026-05-18 19:21:50,595 [INFO] [A
2026-05-18 19:22:08,383 [INFO] 
2026-05-18 19:22:08,383 [INFO] 48%|####7     | 48/101 [04:35<05:05,  5.76s/it]
2026-05-18 19:22:08,383 [INFO] [A
2026-05-18 19:22:20,597 [INFO] 
2026-05-18 19:22:20,599 [INFO] 48%|####7     | 48/101 [04:47<05:05,  5.76s/it]
2026-05-18 19:22:20,600 [INFO] [A
2026-05-18 19:22:43,016 [INFO] 
2026-05-18 19:22:43,016 [INFO] 53%|#####3    | 54/101 [05:10<04:30,  5.76s/it]
2026-05-18 19:22:43,016 [INFO] [A
2026-05-18 19:23:00,602 [INFO] 
2026-05-18 19:23:00,602 [INFO] 53%|#####3    | 54/101 [05:27<04:30,  5.76s/it]
2026-05-18 19:23:00,602 [INFO] [A
2026-05-18 19:23:17,643 [INFO] 
2026-05-18 19:23:17,643 [INFO] 59%|#####9    | 60/101 [05:44<03:56,  5.77s/it]
2026-05-18 19:23:17,643 [INFO] [A
2026-05-18 19:23:30,604 [INFO] 
2026-05-18 19:23:30,605 [INFO] 59%|#####9    | 60/101 [05:57<03:56,  5.77s/it]
2026-05-18 19:23:30,605 [INFO] [A
2026-05-18 19:23:52,265 [INFO] 
2026-05-18 19:23:52,265 [INFO] 65%|######5   | 66/101 [06:19<03:21,  5.77s/it]
2026-05-18 19:23:52,266 [INFO] [A
2026-05-18 19:24:10,607 [INFO] 
2026-05-18 19:24:10,608 [INFO] 65%|######5   | 66/101 [06:37<03:21,  5.77s/it]
2026-05-18 19:24:10,608 [INFO] [A
2026-05-18 19:24:26,851 [INFO] 
2026-05-18 19:24:26,852 [INFO] 71%|#######1  | 72/101 [06:54<02:47,  5.77s/it]
2026-05-18 19:24:26,852 [INFO] [A
2026-05-18 19:24:40,610 [INFO] 
2026-05-18 19:24:40,611 [INFO] 71%|#######1  | 72/101 [07:07<02:47,  5.77s/it]
2026-05-18 19:24:40,611 [INFO] [A
2026-05-18 19:25:01,472 [INFO] 
2026-05-18 19:25:01,473 [INFO] 77%|#######7  | 78/101 [07:28<02:12,  5.77s/it]
2026-05-18 19:25:01,473 [INFO] [A
2026-05-18 19:25:20,613 [INFO] 
2026-05-18 19:25:20,614 [INFO] 77%|#######7  | 78/101 [07:47<02:12,  5.77s/it]
2026-05-18 19:25:20,614 [INFO] [A
2026-05-18 19:25:36,090 [INFO] 
2026-05-18 19:25:36,090 [INFO] 83%|########3 | 84/101 [08:03<01:38,  5.77s/it]
2026-05-18 19:25:36,090 [INFO] [A
2026-05-18 19:25:50,616 [INFO] 
2026-05-18 19:25:50,617 [INFO] 83%|########3 | 84/101 [08:17<01:38,  5.77s/it]
2026-05-18 19:25:50,617 [INFO] [A
2026-05-18 19:26:10,721 [INFO] 
2026-05-18 19:26:10,721 [INFO] 89%|########9 | 90/101 [08:38<01:03,  5.77s/it]
2026-05-18 19:26:10,721 [INFO] [A
2026-05-18 19:26:30,619 [INFO] 
2026-05-18 19:26:30,620 [INFO] 89%|########9 | 90/101 [08:57<01:03,  5.77s/it]
2026-05-18 19:26:30,620 [INFO] [A
2026-05-18 19:26:45,338 [INFO] 
2026-05-18 19:26:45,339 [INFO] 95%|#########5| 96/101 [09:12<00:28,  5.77s/it]
2026-05-18 19:26:45,339 [INFO] [A
2026-05-18 19:27:00,622 [INFO] 
2026-05-18 19:27:00,623 [INFO] 95%|#########5| 96/101 [09:27<00:28,  5.77s/it]
2026-05-18 19:27:00,623 [INFO] [A
2026-05-18 19:27:14,162 [INFO] 100%|##########| 101/101 [09:41<00:00,  5.76s/it]
2026-05-18 19:27:22,138 [INFO] network run in 589.44s
2026-05-18 19:27:22,138 [INFO] 
2026-05-18 19:27:22,138 [INFO] 0%|          | 0/101 [00:00<?, ?it/s]
2026-05-18 19:27:22,139 [INFO] [A
2026-05-18 19:27:53,083 [INFO] 
2026-05-18 19:27:53,083 [INFO] 14%|#3        | 14/101 [00:30<03:12,  2.21s/it]
2026-05-18 19:27:53,083 [INFO] [A
2026-05-18 19:28:10,627 [INFO] 
2026-05-18 19:28:10,628 [INFO] 14%|#3        | 14/101 [00:48<03:12,  2.21s/it]
2026-05-18 19:28:10,628 [INFO] [A
2026-05-18 19:28:24,214 [INFO] 
2026-05-18 19:28:24,214 [INFO] 28%|##7       | 28/101 [01:02<02:41,  2.22s/it]
2026-05-18 19:28:24,214 [INFO] [A
2026-05-18 19:28:40,630 [INFO] 
2026-05-18 19:28:40,631 [INFO] 28%|##7       | 28/101 [01:18<02:41,  2.22s/it]
2026-05-18 19:28:40,631 [INFO] [A
2026-05-18 19:28:54,342 [INFO] 
2026-05-18 19:28:54,343 [INFO] 42%|####1     | 42/101 [01:32<02:09,  2.19s/it]
2026-05-18 19:28:54,343 [INFO] [A
2026-05-18 19:29:10,633 [INFO] 
2026-05-18 19:29:10,634 [INFO] 42%|####1     | 42/101 [01:48<02:09,  2.19s/it]
2026-05-18 19:29:10,634 [INFO] [A
2026-05-18 19:29:24,415 [INFO] 
2026-05-18 19:29:24,415 [INFO] 55%|#####5    | 56/101 [02:02<01:37,  2.17s/it]
2026-05-18 19:29:24,415 [INFO] [A
2026-05-18 19:29:40,636 [INFO] 
2026-05-18 19:29:40,637 [INFO] 55%|#####5    | 56/101 [02:18<01:37,  2.17s/it]
2026-05-18 19:29:40,637 [INFO] [A
2026-05-18 19:29:56,245 [INFO] 
2026-05-18 19:29:56,246 [INFO] 70%|#######   | 71/101 [02:34<01:04,  2.15s/it]
2026-05-18 19:29:56,246 [INFO] [A
2026-05-18 19:30:10,639 [INFO] 
2026-05-18 19:30:10,640 [INFO] 70%|#######   | 71/101 [02:48<01:04,  2.15s/it]
2026-05-18 19:30:10,640 [INFO] [A
2026-05-18 19:30:26,265 [INFO] 
2026-05-18 19:30:26,265 [INFO] 88%|########8 | 89/101 [03:04<00:23,  1.96s/it]
2026-05-18 19:30:26,265 [INFO] [A
2026-05-18 19:30:37,963 [INFO] 100%|##########| 101/101 [03:15<00:00,  1.94s/it]
2026-05-18 19:30:37,963 [INFO] stitching 101 planes using stitch_threshold=0.456 to make 3D masks
2026-05-18 19:32:36,782 [INFO] masks created in 314.64s
2026-05-18 19:33:50,975 [INFO] 40%|####      | 2/5 [33:00<49:38, 992.77s/it]
2026-05-18 19:33:50,975 [INFO] loading image as 3D zstack
2026-05-18 19:33:51,068 [INFO] reading tiff with 101 planes
2026-05-18 19:34:16,888 [INFO] 
2026-05-18 19:34:16,888 [INFO] 0%|          | 0/101 [00:00<?, ?it/s]
2026-05-18 19:34:16,888 [INFO] [A
2026-05-18 19:34:50,723 [INFO] 
2026-05-18 19:34:50,723 [INFO] 6%|5         | 6/101 [00:33<08:55,  5.64s/it]
2026-05-18 19:34:50,723 [INFO] [A
2026-05-18 19:35:10,653 [INFO] 
2026-05-18 19:35:10,654 [INFO] 6%|5         | 6/101 [00:53<08:55,  5.64s/it]
2026-05-18 19:35:10,654 [INFO] [A
2026-05-18 19:35:24,976 [INFO] 
2026-05-18 19:35:24,976 [INFO] 12%|#1        | 12/101 [01:08<08:25,  5.68s/it]
2026-05-18 19:35:24,976 [INFO] [A
2026-05-18 19:35:40,656 [INFO] 
2026-05-18 19:35:40,657 [INFO] 12%|#1        | 12/101 [01:23<08:25,  5.68s/it]
2026-05-18 19:35:40,657 [INFO] [A
2026-05-18 19:35:59,408 [INFO] 
2026-05-18 19:35:59,408 [INFO] 18%|#7        | 18/101 [01:42<07:53,  5.71s/it]
2026-05-18 19:35:59,408 [INFO] [A
2026-05-18 19:36:10,659 [INFO] 
2026-05-18 19:36:10,659 [INFO] 18%|#7        | 18/101 [01:53<07:53,  5.71s/it]
2026-05-18 19:36:10,659 [INFO] [A
2026-05-18 19:36:33,894 [INFO] 
2026-05-18 19:36:33,894 [INFO] 24%|##3       | 24/101 [02:17<07:20,  5.72s/it]
2026-05-18 19:36:33,894 [INFO] [A
2026-05-18 19:36:50,661 [INFO] 
2026-05-18 19:36:50,662 [INFO] 24%|##3       | 24/101 [02:33<07:20,  5.72s/it]
2026-05-18 19:36:50,662 [INFO] [A
2026-05-18 19:37:08,467 [INFO] 
2026-05-18 19:37:08,468 [INFO] 30%|##9       | 30/101 [02:51<06:47,  5.74s/it]
2026-05-18 19:37:08,468 [INFO] [A
2026-05-18 19:37:20,664 [INFO] 
2026-05-18 19:37:20,665 [INFO] 30%|##9       | 30/101 [03:03<06:47,  5.74s/it]
2026-05-18 19:37:20,665 [INFO] [A
2026-05-18 19:37:43,049 [INFO] 
2026-05-18 19:37:43,050 [INFO] 36%|###5      | 36/101 [03:26<06:13,  5.75s/it]
2026-05-18 19:37:43,050 [INFO] [A
2026-05-18 19:38:00,667 [INFO] 
2026-05-18 19:38:00,668 [INFO] 36%|###5      | 36/101 [03:43<06:13,  5.75s/it]
2026-05-18 19:38:00,668 [INFO] [A
2026-05-18 19:38:17,668 [INFO] 
2026-05-18 19:38:17,668 [INFO] 42%|####1     | 42/101 [04:00<05:39,  5.75s/it]
2026-05-18 19:38:17,668 [INFO] [A
2026-05-18 19:38:30,670 [INFO] 
2026-05-18 19:38:30,671 [INFO] 42%|####1     | 42/101 [04:13<05:39,  5.75s/it]
2026-05-18 19:38:30,671 [INFO] [A
2026-05-18 19:38:52,319 [INFO] 
2026-05-18 19:38:52,319 [INFO] 48%|####7     | 48/101 [04:35<05:05,  5.76s/it]
2026-05-18 19:38:52,319 [INFO] [A
2026-05-18 19:39:10,674 [INFO] 
2026-05-18 19:39:10,675 [INFO] 48%|####7     | 48/101 [04:53<05:05,  5.76s/it]
2026-05-18 19:39:10,675 [INFO] [A
2026-05-18 19:39:26,957 [INFO] 
2026-05-18 19:39:26,957 [INFO] 53%|#####3    | 54/101 [05:10<04:30,  5.76s/it]
2026-05-18 19:39:26,957 [INFO] [A
2026-05-18 19:39:40,677 [INFO] 
2026-05-18 19:39:40,677 [INFO] 53%|#####3    | 54/101 [05:23<04:30,  5.76s/it]
2026-05-18 19:39:40,678 [INFO] [A
2026-05-18 19:40:01,542 [INFO] 
2026-05-18 19:40:01,542 [INFO] 59%|#####9    | 60/101 [05:44<03:56,  5.76s/it]
2026-05-18 19:40:01,542 [INFO] [A
2026-05-18 19:40:20,680 [INFO] 
2026-05-18 19:40:20,681 [INFO] 59%|#####9    | 60/101 [06:03<03:56,  5.76s/it]
2026-05-18 19:40:20,681 [INFO] [A
2026-05-18 19:40:36,112 [INFO] 
2026-05-18 19:40:36,112 [INFO] 65%|######5   | 66/101 [06:19<03:21,  5.76s/it]
2026-05-18 19:40:36,112 [INFO] [A
2026-05-18 19:40:50,683 [INFO] 
2026-05-18 19:40:50,684 [INFO] 65%|######5   | 66/101 [06:33<03:21,  5.76s/it]
2026-05-18 19:40:50,684 [INFO] [A
2026-05-18 19:41:10,687 [INFO] 
2026-05-18 19:41:10,687 [INFO] 71%|#######1  | 72/101 [06:53<02:47,  5.76s/it]
2026-05-18 19:41:10,687 [INFO] [A
2026-05-18 19:41:30,686 [INFO] 
2026-05-18 19:41:30,687 [INFO] 71%|#######1  | 72/101 [07:13<02:47,  5.76s/it]
2026-05-18 19:41:30,687 [INFO] [A
2026-05-18 19:41:45,276 [INFO] 
2026-05-18 19:41:45,276 [INFO] 77%|#######7  | 78/101 [07:28<02:12,  5.76s/it]
2026-05-18 19:41:45,276 [INFO] [A
2026-05-18 19:42:00,690 [INFO] 
2026-05-18 19:42:00,690 [INFO] 77%|#######7  | 78/101 [07:43<02:12,  5.76s/it]
2026-05-18 19:42:00,691 [INFO] [A
2026-05-18 19:42:19,861 [INFO] 
2026-05-18 19:42:19,861 [INFO] 83%|########3 | 84/101 [08:02<01:37,  5.76s/it]
2026-05-18 19:42:19,861 [INFO] [A
2026-05-18 19:42:30,693 [INFO] 
2026-05-18 19:42:30,693 [INFO] 83%|########3 | 84/101 [08:13<01:37,  5.76s/it]
2026-05-18 19:42:30,694 [INFO] [A
2026-05-18 19:42:54,441 [INFO] 
2026-05-18 19:42:54,441 [INFO] 89%|########9 | 90/101 [08:37<01:03,  5.76s/it]
2026-05-18 19:42:54,441 [INFO] [A
2026-05-18 19:43:10,696 [INFO] 
2026-05-18 19:43:10,697 [INFO] 89%|########9 | 90/101 [08:53<01:03,  5.76s/it]
2026-05-18 19:43:10,697 [INFO] [A
2026-05-18 19:43:29,032 [INFO] 
2026-05-18 19:43:29,032 [INFO] 95%|#########5| 96/101 [09:12<00:28,  5.76s/it]
2026-05-18 19:43:29,032 [INFO] [A
2026-05-18 19:43:40,699 [INFO] 
2026-05-18 19:43:40,700 [INFO] 95%|#########5| 96/101 [09:23<00:28,  5.76s/it]
2026-05-18 19:43:40,700 [INFO] [A
2026-05-18 19:43:57,856 [INFO] 100%|##########| 101/101 [09:40<00:00,  5.75s/it]
2026-05-18 19:44:05,891 [INFO] network run in 589.00s
2026-05-18 19:44:05,891 [INFO] 
2026-05-18 19:44:05,891 [INFO] 0%|          | 0/101 [00:00<?, ?it/s]
2026-05-18 19:44:05,891 [INFO] [A
2026-05-18 19:44:37,075 [INFO] 
2026-05-18 19:44:37,075 [INFO] 14%|#3        | 14/101 [00:31<03:13,  2.23s/it]
2026-05-18 19:44:37,075 [INFO] [A
2026-05-18 19:44:50,703 [INFO] 
2026-05-18 19:44:50,704 [INFO] 14%|#3        | 14/101 [00:44<03:13,  2.23s/it]
2026-05-18 19:44:50,704 [INFO] [A
2026-05-18 19:45:07,799 [INFO] 
2026-05-18 19:45:07,799 [INFO] 28%|##7       | 28/101 [01:01<02:41,  2.21s/it]
2026-05-18 19:45:07,799 [INFO] [A
2026-05-18 19:45:20,706 [INFO] 
2026-05-18 19:45:20,707 [INFO] 28%|##7       | 28/101 [01:14<02:41,  2.21s/it]
2026-05-18 19:45:20,708 [INFO] [A
2026-05-18 19:45:38,293 [INFO] 
2026-05-18 19:45:38,293 [INFO] 42%|####1     | 42/101 [01:32<02:09,  2.19s/it]
2026-05-18 19:45:38,293 [INFO] [A
2026-05-18 19:45:50,710 [INFO] 
2026-05-18 19:45:50,711 [INFO] 42%|####1     | 42/101 [01:44<02:09,  2.19s/it]
2026-05-18 19:45:50,711 [INFO] [A
2026-05-18 19:46:10,577 [INFO] 
2026-05-18 19:46:10,577 [INFO] 56%|#####6    | 57/101 [02:04<01:35,  2.18s/it]
2026-05-18 19:46:10,577 [INFO] [A
2026-05-18 19:46:20,713 [INFO] 
2026-05-18 19:46:20,713 [INFO] 56%|#####6    | 57/101 [02:14<01:35,  2.18s/it]
2026-05-18 19:46:20,714 [INFO] [A
2026-05-18 19:46:42,126 [INFO] 
2026-05-18 19:46:42,126 [INFO] 71%|#######1  | 72/101 [02:36<01:02,  2.15s/it]
2026-05-18 19:46:42,126 [INFO] [A
2026-05-18 19:47:00,723 [INFO] 
2026-05-18 19:47:00,733 [INFO] 71%|#######1  | 72/101 [02:54<01:02,  2.15s/it]
2026-05-18 19:47:00,733 [INFO] [A
2026-05-18 19:47:13,180 [INFO] 
2026-05-18 19:47:13,180 [INFO] 89%|########9 | 90/101 [03:07<00:21,  1.98s/it]
2026-05-18 19:47:13,180 [INFO] [A
2026-05-18 19:47:25,219 [INFO] 100%|##########| 101/101 [03:19<00:00,  1.97s/it]
2026-05-18 19:47:25,220 [INFO] stitching 101 planes using stitch_threshold=0.456 to make 3D masks
2026-05-18 19:49:12,373 [INFO] masks created in 306.48s
2026-05-18 19:50:27,337 [INFO] 60%|######    | 3/5 [49:37<33:08, 994.41s/it]
2026-05-18 19:50:27,338 [INFO] loading image as 3D zstack
2026-05-18 19:50:27,420 [INFO] reading tiff with 101 planes
2026-05-18 19:50:53,058 [INFO] 
2026-05-18 19:50:53,058 [INFO] 0%|          | 0/101 [00:00<?, ?it/s]
2026-05-18 19:50:53,059 [INFO] [A
2026-05-18 19:51:26,860 [INFO] 
2026-05-18 19:51:26,861 [INFO] 6%|5         | 6/101 [00:33<08:55,  5.63s/it]
2026-05-18 19:51:26,861 [INFO] [A
2026-05-18 19:51:40,802 [INFO] 
2026-05-18 19:51:40,803 [INFO] 6%|5         | 6/101 [00:47<08:55,  5.63s/it]
2026-05-18 19:51:40,803 [INFO] [A
2026-05-18 19:52:01,115 [INFO] 
2026-05-18 19:52:01,115 [INFO] 12%|#1        | 12/101 [01:08<08:25,  5.68s/it]
2026-05-18 19:52:01,115 [INFO] [A
2026-05-18 19:52:20,806 [INFO] 
2026-05-18 19:52:20,806 [INFO] 12%|#1        | 12/101 [01:27<08:25,  5.68s/it]
2026-05-18 19:52:20,807 [INFO] [A
2026-05-18 19:52:35,516 [INFO] 
2026-05-18 19:52:35,516 [INFO] 18%|#7        | 18/101 [01:42<07:53,  5.70s/it]
2026-05-18 19:52:35,517 [INFO] [A
2026-05-18 19:52:50,809 [INFO] 
2026-05-18 19:52:50,810 [INFO] 18%|#7        | 18/101 [01:57<07:53,  5.70s/it]
2026-05-18 19:52:50,810 [INFO] [A
2026-05-18 19:53:10,033 [INFO] 
2026-05-18 19:53:10,034 [INFO] 24%|##3       | 24/101 [02:16<07:20,  5.72s/it]
2026-05-18 19:53:10,034 [INFO] [A
2026-05-18 19:53:20,812 [INFO] 
2026-05-18 19:53:20,813 [INFO] 24%|##3       | 24/101 [02:27<07:20,  5.72s/it]
2026-05-18 19:53:20,813 [INFO] [A
2026-05-18 19:53:44,592 [INFO] 
2026-05-18 19:53:44,592 [INFO] 30%|##9       | 30/101 [02:51<06:47,  5.74s/it]
2026-05-18 19:53:44,592 [INFO] [A
2026-05-18 19:54:00,815 [INFO] 
2026-05-18 19:54:00,816 [INFO] 30%|##9       | 30/101 [03:07<06:47,  5.74s/it]
2026-05-18 19:54:00,816 [INFO] [A
2026-05-18 19:54:19,259 [INFO] 
2026-05-18 19:54:19,260 [INFO] 36%|###5      | 36/101 [03:26<06:13,  5.75s/it]
2026-05-18 19:54:19,260 [INFO] [A
2026-05-18 19:54:30,818 [INFO] 
2026-05-18 19:54:30,819 [INFO] 36%|###5      | 36/101 [03:37<06:13,  5.75s/it]
2026-05-18 19:54:30,819 [INFO] [A
2026-05-18 19:54:53,900 [INFO] 
2026-05-18 19:54:53,901 [INFO] 42%|####1     | 42/101 [04:00<05:39,  5.76s/it]
2026-05-18 19:54:53,901 [INFO] [A
2026-05-18 19:55:10,821 [INFO] 
2026-05-18 19:55:10,822 [INFO] 42%|####1     | 42/101 [04:17<05:39,  5.76s/it]
2026-05-18 19:55:10,822 [INFO] [A
2026-05-18 19:55:28,505 [INFO] 
2026-05-18 19:55:28,506 [INFO] 48%|####7     | 48/101 [04:35<05:05,  5.76s/it]
2026-05-18 19:55:28,506 [INFO] [A
2026-05-18 19:55:40,824 [INFO] 
2026-05-18 19:55:40,825 [INFO] 48%|####7     | 48/101 [04:47<05:05,  5.76s/it]
2026-05-18 19:55:40,825 [INFO] [A
2026-05-18 19:56:03,075 [INFO] 
2026-05-18 19:56:03,076 [INFO] 53%|#####3    | 54/101 [05:10<04:30,  5.76s/it]
2026-05-18 19:56:03,076 [INFO] [A
2026-05-18 19:56:20,828 [INFO] 
2026-05-18 19:56:20,829 [INFO] 53%|#####3    | 54/101 [05:27<04:30,  5.76s/it]
2026-05-18 19:56:20,829 [INFO] [A
2026-05-18 19:56:37,660 [INFO] 
2026-05-18 19:56:37,660 [INFO] 59%|#####9    | 60/101 [05:44<03:56,  5.76s/it]
2026-05-18 19:56:37,660 [INFO] [A
2026-05-18 19:56:50,831 [INFO] 
2026-05-18 19:56:50,831 [INFO] 59%|#####9    | 60/101 [05:57<03:56,  5.76s/it]
2026-05-18 19:56:50,832 [INFO] [A
2026-05-18 19:57:12,267 [INFO] 
2026-05-18 19:57:12,267 [INFO] 65%|######5   | 66/101 [06:19<03:21,  5.76s/it]
2026-05-18 19:57:12,267 [INFO] [A
2026-05-18 19:57:30,834 [INFO] 
2026-05-18 19:57:30,835 [INFO] 65%|######5   | 66/101 [06:37<03:21,  5.76s/it]
2026-05-18 19:57:30,835 [INFO] [A
2026-05-18 19:57:46,866 [INFO] 
2026-05-18 19:57:46,866 [INFO] 71%|#######1  | 72/101 [06:53<02:47,  5.76s/it]
2026-05-18 19:57:46,866 [INFO] [A
2026-05-18 19:58:00,837 [INFO] 
2026-05-18 19:58:00,838 [INFO] 71%|#######1  | 72/101 [07:07<02:47,  5.76s/it]
2026-05-18 19:58:00,838 [INFO] [A
2026-05-18 19:58:21,478 [INFO] 
2026-05-18 19:58:21,478 [INFO] 77%|#######7  | 78/101 [07:28<02:12,  5.77s/it]
2026-05-18 19:58:21,479 [INFO] [A
2026-05-18 19:58:40,840 [INFO] 
2026-05-18 19:58:40,840 [INFO] 77%|#######7  | 78/101 [07:47<02:12,  5.77s/it]
2026-05-18 19:58:40,840 [INFO] [A
2026-05-18 19:58:56,120 [INFO] 
2026-05-18 19:58:56,120 [INFO] 83%|########3 | 84/101 [08:03<01:38,  5.77s/it]
2026-05-18 19:58:56,120 [INFO] [A
2026-05-18 19:59:10,842 [INFO] 
2026-05-18 19:59:10,843 [INFO] 83%|########3 | 84/101 [08:17<01:38,  5.77s/it]
2026-05-18 19:59:10,843 [INFO] [A
2026-05-18 19:59:30,785 [INFO] 
2026-05-18 19:59:30,786 [INFO] 89%|########9 | 90/101 [08:37<01:03,  5.77s/it]
2026-05-18 19:59:30,786 [INFO] [A
2026-05-18 19:59:40,845 [INFO] 
2026-05-18 19:59:40,846 [INFO] 89%|########9 | 90/101 [08:47<01:03,  5.77s/it]
2026-05-18 19:59:40,846 [INFO] [A
2026-05-18 20:00:05,372 [INFO] 
2026-05-18 20:00:05,372 [INFO] 95%|#########5| 96/101 [09:12<00:28,  5.77s/it]
2026-05-18 20:00:05,372 [INFO] [A
2026-05-18 20:00:20,848 [INFO] 
2026-05-18 20:00:20,849 [INFO] 95%|#########5| 96/101 [09:27<00:28,  5.77s/it]
2026-05-18 20:00:20,849 [INFO] [A
2026-05-18 20:00:34,182 [INFO] 100%|##########| 101/101 [09:41<00:00,  5.75s/it]
2026-05-18 20:00:42,180 [INFO] network run in 589.12s
2026-05-18 20:00:42,181 [INFO] 
2026-05-18 20:00:42,181 [INFO] 0%|          | 0/101 [00:00<?, ?it/s]
2026-05-18 20:00:42,181 [INFO] [A
2026-05-18 20:01:12,884 [INFO] 
2026-05-18 20:01:12,885 [INFO] 14%|#3        | 14/101 [00:30<03:10,  2.19s/it]
2026-05-18 20:01:12,885 [INFO] [A
2026-05-18 20:01:30,853 [INFO] 
2026-05-18 20:01:30,854 [INFO] 14%|#3        | 14/101 [00:48<03:10,  2.19s/it]
2026-05-18 20:01:30,854 [INFO] [A
2026-05-18 20:01:43,594 [INFO] 
2026-05-18 20:01:43,595 [INFO] 28%|##7       | 28/101 [01:01<02:40,  2.19s/it]
2026-05-18 20:01:43,595 [INFO] [A
2026-05-18 20:02:00,857 [INFO] 
2026-05-18 20:02:00,858 [INFO] 28%|##7       | 28/101 [01:18<02:40,  2.19s/it]
2026-05-18 20:02:00,858 [INFO] [A
2026-05-18 20:02:14,008 [INFO] 
2026-05-18 20:02:14,009 [INFO] 42%|####1     | 42/101 [01:31<02:08,  2.18s/it]
2026-05-18 20:02:14,009 [INFO] [A
2026-05-18 20:02:30,860 [INFO] 
2026-05-18 20:02:30,861 [INFO] 42%|####1     | 42/101 [01:48<02:08,  2.18s/it]
2026-05-18 20:02:30,861 [INFO] [A
2026-05-18 20:02:44,086 [INFO] 
2026-05-18 20:02:44,086 [INFO] 55%|#####5    | 56/101 [02:01<01:37,  2.17s/it]
2026-05-18 20:02:44,086 [INFO] [A
2026-05-18 20:03:00,863 [INFO] 
2026-05-18 20:03:00,863 [INFO] 55%|#####5    | 56/101 [02:18<01:37,  2.17s/it]
2026-05-18 20:03:00,864 [INFO] [A
2026-05-18 20:03:14,294 [INFO] 
2026-05-18 20:03:14,294 [INFO] 70%|#######   | 71/101 [02:32<01:03,  2.11s/it]
2026-05-18 20:03:14,294 [INFO] [A
2026-05-18 20:03:30,866 [INFO] 
2026-05-18 20:03:30,867 [INFO] 70%|#######   | 71/101 [02:48<01:03,  2.11s/it]
2026-05-18 20:03:30,867 [INFO] [A
2026-05-18 20:03:44,356 [INFO] 
2026-05-18 20:03:44,356 [INFO] 99%|#########9| 100/101 [03:02<00:01,  1.56s/it]
2026-05-18 20:03:44,356 [INFO] [A
2026-05-18 20:03:44,756 [INFO] 100%|##########| 101/101 [03:02<00:00,  1.81s/it]
2026-05-18 20:03:44,756 [INFO] stitching 101 planes using stitch_threshold=0.456 to make 3D masks
2026-05-18 20:05:32,036 [INFO] masks created in 289.86s
2026-05-18 20:06:45,226 [INFO] 80%|########  | 4/5 [1:05:55<16:27, 987.89s/it]
2026-05-18 20:06:45,227 [INFO] loading image as 3D zstack
2026-05-18 20:06:45,304 [INFO] reading tiff with 101 planes
2026-05-18 20:07:10,698 [INFO] 
2026-05-18 20:07:10,698 [INFO] 0%|          | 0/101 [00:00<?, ?it/s]
2026-05-18 20:07:10,698 [INFO] [A
2026-05-18 20:07:44,494 [INFO] 
2026-05-18 20:07:44,494 [INFO] 6%|5         | 6/101 [00:33<08:55,  5.63s/it]
2026-05-18 20:07:44,494 [INFO] [A
2026-05-18 20:08:00,880 [INFO] 
2026-05-18 20:08:00,881 [INFO] 6%|5         | 6/101 [00:50<08:55,  5.63s/it]
2026-05-18 20:08:00,881 [INFO] [A
2026-05-18 20:08:18,774 [INFO] 
2026-05-18 20:08:18,774 [INFO] 12%|#1        | 12/101 [01:08<08:25,  5.68s/it]
2026-05-18 20:08:18,774 [INFO] [A
2026-05-18 20:08:30,883 [INFO] 
2026-05-18 20:08:30,884 [INFO] 12%|#1        | 12/101 [01:20<08:25,  5.68s/it]
2026-05-18 20:08:30,884 [INFO] [A
2026-05-18 20:08:53,197 [INFO] 
2026-05-18 20:08:53,198 [INFO] 18%|#7        | 18/101 [01:42<07:53,  5.71s/it]
2026-05-18 20:08:53,198 [INFO] [A
2026-05-18 20:09:10,886 [INFO] 
2026-05-18 20:09:10,887 [INFO] 18%|#7        | 18/101 [02:00<07:53,  5.71s/it]
2026-05-18 20:09:10,887 [INFO] [A
2026-05-18 20:09:27,690 [INFO] 
2026-05-18 20:09:27,691 [INFO] 24%|##3       | 24/101 [02:16<07:20,  5.72s/it]
2026-05-18 20:09:27,691 [INFO] [A
2026-05-18 20:09:40,889 [INFO] 
2026-05-18 20:09:40,889 [INFO] 24%|##3       | 24/101 [02:30<07:20,  5.72s/it]
2026-05-18 20:09:40,890 [INFO] [A
2026-05-18 20:10:02,233 [INFO] 
2026-05-18 20:10:02,233 [INFO] 30%|##9       | 30/101 [02:51<06:47,  5.74s/it]
2026-05-18 20:10:02,234 [INFO] [A
2026-05-18 20:10:20,892 [INFO] 
2026-05-18 20:10:20,893 [INFO] 30%|##9       | 30/101 [03:10<06:47,  5.74s/it]
2026-05-18 20:10:20,893 [INFO] [A
2026-05-18 20:10:36,776 [INFO] 
2026-05-18 20:10:36,776 [INFO] 36%|###5      | 36/101 [03:26<06:13,  5.74s/it]
2026-05-18 20:10:36,776 [INFO] [A
2026-05-18 20:10:50,895 [INFO] 
2026-05-18 20:10:50,895 [INFO] 36%|###5      | 36/101 [03:40<06:13,  5.74s/it]
2026-05-18 20:10:50,896 [INFO] [A
2026-05-18 20:11:11,318 [INFO] 
2026-05-18 20:11:11,318 [INFO] 42%|####1     | 42/101 [04:00<05:39,  5.75s/it]
2026-05-18 20:11:11,318 [INFO] [A
2026-05-18 20:11:30,898 [INFO] 
2026-05-18 20:11:30,899 [INFO] 42%|####1     | 42/101 [04:20<05:39,  5.75s/it]
2026-05-18 20:11:30,899 [INFO] [A
2026-05-18 20:11:45,863 [INFO] 
2026-05-18 20:11:45,863 [INFO] 48%|####7     | 48/101 [04:35<05:04,  5.75s/it]
2026-05-18 20:11:45,863 [INFO] [A
2026-05-18 20:12:00,901 [INFO] 
2026-05-18 20:12:00,901 [INFO] 48%|####7     | 48/101 [04:50<05:04,  5.75s/it]
2026-05-18 20:12:00,902 [INFO] [A
2026-05-18 20:12:20,437 [INFO] 
2026-05-18 20:12:20,438 [INFO] 53%|#####3    | 54/101 [05:09<04:30,  5.75s/it]
2026-05-18 20:12:20,438 [INFO] [A
2026-05-18 20:12:30,903 [INFO] 
2026-05-18 20:12:30,904 [INFO] 53%|#####3    | 54/101 [05:20<04:30,  5.75s/it]
2026-05-18 20:12:30,904 [INFO] [A
2026-05-18 20:12:54,979 [INFO] 
2026-05-18 20:12:54,979 [INFO] 59%|#####9    | 60/101 [05:44<03:55,  5.76s/it]
2026-05-18 20:12:54,979 [INFO] [A
2026-05-18 20:13:10,907 [INFO] 
2026-05-18 20:13:10,908 [INFO] 59%|#####9    | 60/101 [06:00<03:55,  5.76s/it]
2026-05-18 20:13:10,908 [INFO] [A
2026-05-18 20:13:29,519 [INFO] 
2026-05-18 20:13:29,519 [INFO] 65%|######5   | 66/101 [06:18<03:21,  5.76s/it]
2026-05-18 20:13:29,520 [INFO] [A
2026-05-18 20:13:40,910 [INFO] 
2026-05-18 20:13:40,910 [INFO] 65%|######5   | 66/101 [06:30<03:21,  5.76s/it]
2026-05-18 20:13:40,910 [INFO] [A
2026-05-18 20:14:04,157 [INFO] 
2026-05-18 20:14:04,158 [INFO] 71%|#######1  | 72/101 [06:53<02:47,  5.76s/it]
2026-05-18 20:14:04,158 [INFO] [A
2026-05-18 20:14:20,912 [INFO] 
2026-05-18 20:14:20,913 [INFO] 71%|#######1  | 72/101 [07:10<02:47,  5.76s/it]
2026-05-18 20:14:20,913 [INFO] [A
2026-05-18 20:14:38,853 [INFO] 
2026-05-18 20:14:38,853 [INFO] 77%|#######7  | 78/101 [07:28<02:12,  5.77s/it]
2026-05-18 20:14:38,853 [INFO] [A
2026-05-18 20:14:50,915 [INFO] 
2026-05-18 20:14:50,915 [INFO] 77%|#######7  | 78/101 [07:40<02:12,  5.77s/it]
2026-05-18 20:14:50,915 [INFO] [A
2026-05-18 20:15:13,509 [INFO] 
2026-05-18 20:15:13,509 [INFO] 83%|########3 | 84/101 [08:02<01:38,  5.77s/it]
2026-05-18 20:15:13,509 [INFO] [A
2026-05-18 20:15:30,918 [INFO] 
2026-05-18 20:15:30,919 [INFO] 83%|########3 | 84/101 [08:20<01:38,  5.77s/it]
2026-05-18 20:15:30,919 [INFO] [A
2026-05-18 20:15:48,123 [INFO] 
2026-05-18 20:15:48,123 [INFO] 89%|########9 | 90/101 [08:37<01:03,  5.77s/it]
2026-05-18 20:15:48,124 [INFO] [A
2026-05-18 20:16:00,921 [INFO] 
2026-05-18 20:16:00,922 [INFO] 89%|########9 | 90/101 [08:50<01:03,  5.77s/it]
2026-05-18 20:16:00,922 [INFO] [A
2026-05-18 20:16:22,699 [INFO] 
2026-05-18 20:16:22,699 [INFO] 95%|#########5| 96/101 [09:12<00:28,  5.77s/it]
2026-05-18 20:16:22,699 [INFO] [A
2026-05-18 20:16:40,924 [INFO] 
2026-05-18 20:16:40,925 [INFO] 95%|#########5| 96/101 [09:30<00:28,  5.77s/it]
2026-05-18 20:16:40,925 [INFO] [A
2026-05-18 20:16:51,600 [INFO] 100%|##########| 101/101 [09:40<00:00,  5.75s/it]
2026-05-18 20:16:59,735 [INFO] network run in 589.04s
2026-05-18 20:16:59,735 [INFO] 
2026-05-18 20:16:59,735 [INFO] 0%|          | 0/101 [00:00<?, ?it/s]
2026-05-18 20:16:59,735 [INFO] [A
2026-05-18 20:17:30,104 [INFO] 
2026-05-18 20:17:30,105 [INFO] 14%|#3        | 14/101 [00:30<03:08,  2.17s/it]
2026-05-18 20:17:30,105 [INFO] [A
2026-05-18 20:17:40,929 [INFO] 
2026-05-18 20:17:40,930 [INFO] 14%|#3        | 14/101 [00:41<03:08,  2.17s/it]
2026-05-18 20:17:40,930 [INFO] [A
2026-05-18 20:18:01,060 [INFO] 
2026-05-18 20:18:01,061 [INFO] 28%|##7       | 28/101 [01:01<02:40,  2.19s/it]
2026-05-18 20:18:01,061 [INFO] [A
2026-05-18 20:18:20,932 [INFO] 
2026-05-18 20:18:20,933 [INFO] 28%|##7       | 28/101 [01:21<02:40,  2.19s/it]
2026-05-18 20:18:20,934 [INFO] [A
2026-05-18 20:18:31,623 [INFO] 
2026-05-18 20:18:31,623 [INFO] 42%|####1     | 42/101 [01:31<02:09,  2.19s/it]
2026-05-18 20:18:31,623 [INFO] [A
2026-05-18 20:18:50,947 [INFO] 
2026-05-18 20:18:50,948 [INFO] 42%|####1     | 42/101 [01:51<02:09,  2.19s/it]
2026-05-18 20:18:50,948 [INFO] [A
2026-05-18 20:19:03,180 [INFO] 
2026-05-18 20:19:03,180 [INFO] 56%|#####6    | 57/101 [02:03<01:34,  2.15s/it]
2026-05-18 20:19:03,180 [INFO] [A
2026-05-18 20:19:20,950 [INFO] 
2026-05-18 20:19:20,950 [INFO] 56%|#####6    | 57/101 [02:21<01:34,  2.15s/it]
2026-05-18 20:19:20,950 [INFO] [A
2026-05-18 20:19:34,510 [INFO] 
2026-05-18 20:19:34,510 [INFO] 73%|#######3  | 74/101 [02:34<00:54,  2.03s/it]
2026-05-18 20:19:34,510 [INFO] [A
2026-05-18 20:19:50,953 [INFO] 
2026-05-18 20:19:50,953 [INFO] 73%|#######3  | 74/101 [02:51<00:54,  2.03s/it]
2026-05-18 20:19:50,954 [INFO] [A
2026-05-18 20:19:57,349 [INFO] 100%|##########| 101/101 [02:57<00:00,  1.76s/it]
2026-05-18 20:19:57,349 [INFO] stitching 101 planes using stitch_threshold=0.456 to make 3D masks
2026-05-18 20:21:30,121 [INFO] masks created in 270.39s
2026-05-18 20:22:44,586 [INFO] 100%|##########| 5/5 [1:21:54<00:00, 977.60s/it]
2026-05-18 20:22:44,586 [INFO] 100%|##########| 5/5 [1:21:54<00:00, 982.89s/it]
2026-05-18 20:22:44,586 [INFO] >>>> completed in 4919.744 sec
