2026-05-18 18:38:52,925 [INFO] WRITING LOG OUTPUT TO /scicore/home/basler/basler0004/.cellpose/run.log
2026-05-18 18:38:52,925 [INFO] 
cellpose version: 	4.1.1 
platform:       	linux 
python version: 	3.11.15 
torch version:  	2.4.1+cu121
2026-05-18 18:38:53,264 [INFO] ** TORCH CUDA version installed and working. **
2026-05-18 18:38:53,264 [INFO] >>>> using GPU (CUDA)
2026-05-18 18:38:53,264 [WARNING] the '--diam_mean' flag is deprecated in v4.0.1+ and no longer used
2026-05-18 18:38:53,269 [INFO] >>>> running cellpose on 5 images using all channels
2026-05-18 18:38:56,097 [INFO] >>>> loading model /scicore/home/basler/basler0004/.cellpose/models/cpsam
2026-05-18 18:38:58,781 [INFO] 0%|          | 0/5 [00:00<?, ?it/s]
2026-05-18 18:38:58,781 [INFO] loading image as 3D zstack
2026-05-18 18:38:58,838 [INFO] reading tiff with 101 planes
2026-05-18 18:39:24,837 [INFO] 
2026-05-18 18:39:24,837 [INFO] 0%|          | 0/101 [00:00<?, ?it/s]
2026-05-18 18:39:24,837 [INFO] [A
2026-05-18 18:39:57,433 [INFO] 
2026-05-18 18:39:57,435 [INFO] 5%|4         | 5/101 [00:32<10:25,  6.52s/it]
2026-05-18 18:39:57,435 [INFO] [A
2026-05-18 18:40:08,784 [INFO] 
2026-05-18 18:40:08,784 [INFO] 5%|4         | 5/101 [00:43<10:25,  6.52s/it]
2026-05-18 18:40:08,785 [INFO] [A
2026-05-18 18:40:31,354 [INFO] 
2026-05-18 18:40:31,355 [INFO] 10%|9         | 10/101 [01:06<10:07,  6.68s/it]
2026-05-18 18:40:31,355 [INFO] [A
2026-05-18 18:40:48,787 [INFO] 
2026-05-18 18:40:48,788 [INFO] 10%|9         | 10/101 [01:23<10:07,  6.68s/it]
2026-05-18 18:40:48,788 [INFO] [A
2026-05-18 18:41:06,149 [INFO] 
2026-05-18 18:41:06,150 [INFO] 15%|#4        | 15/101 [01:41<09:45,  6.80s/it]
2026-05-18 18:41:06,150 [INFO] [A
2026-05-18 18:41:18,790 [INFO] 
2026-05-18 18:41:18,790 [INFO] 15%|#4        | 15/101 [01:53<09:45,  6.80s/it]
2026-05-18 18:41:18,790 [INFO] [A
2026-05-18 18:41:41,281 [INFO] 
2026-05-18 18:41:41,282 [INFO] 20%|#9        | 20/101 [02:16<09:18,  6.89s/it]
2026-05-18 18:41:41,282 [INFO] [A
2026-05-18 18:41:58,792 [INFO] 
2026-05-18 18:41:58,793 [INFO] 20%|#9        | 20/101 [02:33<09:18,  6.89s/it]
2026-05-18 18:41:58,793 [INFO] [A
2026-05-18 18:42:16,078 [INFO] 
2026-05-18 18:42:16,079 [INFO] 25%|##4       | 25/101 [02:51<08:45,  6.92s/it]
2026-05-18 18:42:16,079 [INFO] [A
2026-05-18 18:42:28,795 [INFO] 
2026-05-18 18:42:28,796 [INFO] 25%|##4       | 25/101 [03:03<08:45,  6.92s/it]
2026-05-18 18:42:28,796 [INFO] [A
2026-05-18 18:42:50,966 [INFO] 
2026-05-18 18:42:50,970 [INFO] 30%|##9       | 30/101 [03:26<08:12,  6.94s/it]
2026-05-18 18:42:50,970 [INFO] [A
2026-05-18 18:43:08,798 [INFO] 
2026-05-18 18:43:08,802 [INFO] 30%|##9       | 30/101 [03:43<08:12,  6.94s/it]
2026-05-18 18:43:08,803 [INFO] [A
2026-05-18 18:43:27,078 [INFO] 
2026-05-18 18:43:27,078 [INFO] 35%|###4      | 35/101 [04:02<07:44,  7.03s/it]
2026-05-18 18:43:27,078 [INFO] [A
2026-05-18 18:43:38,804 [INFO] 
2026-05-18 18:43:38,805 [INFO] 35%|###4      | 35/101 [04:13<07:44,  7.03s/it]
2026-05-18 18:43:38,805 [INFO] [A
2026-05-18 18:44:03,941 [INFO] 
2026-05-18 18:44:03,944 [INFO] 40%|###9      | 40/101 [04:39<07:15,  7.14s/it]
2026-05-18 18:44:03,944 [INFO] [A
2026-05-18 18:44:18,807 [INFO] 
2026-05-18 18:44:18,808 [INFO] 40%|###9      | 40/101 [04:53<07:15,  7.14s/it]
2026-05-18 18:44:18,809 [INFO] [A
2026-05-18 18:44:40,334 [INFO] 
2026-05-18 18:44:40,335 [INFO] 45%|####4     | 45/101 [05:15<06:42,  7.18s/it]
2026-05-18 18:44:40,335 [INFO] [A
2026-05-18 18:44:58,811 [INFO] 
2026-05-18 18:44:58,811 [INFO] 45%|####4     | 45/101 [05:33<06:42,  7.18s/it]
2026-05-18 18:44:58,812 [INFO] [A
2026-05-18 18:45:16,606 [INFO] 
2026-05-18 18:45:16,607 [INFO] 50%|####9     | 50/101 [05:51<06:07,  7.20s/it]
2026-05-18 18:45:16,607 [INFO] [A
2026-05-18 18:45:28,813 [INFO] 
2026-05-18 18:45:28,813 [INFO] 50%|####9     | 50/101 [06:03<06:07,  7.20s/it]
2026-05-18 18:45:28,813 [INFO] [A
2026-05-18 18:45:52,236 [INFO] 
2026-05-18 18:45:52,236 [INFO] 54%|#####4    | 55/101 [06:27<05:30,  7.18s/it]
2026-05-18 18:45:52,243 [INFO] [A
2026-05-18 18:46:08,815 [INFO] 
2026-05-18 18:46:08,816 [INFO] 54%|#####4    | 55/101 [06:43<05:30,  7.18s/it]
2026-05-18 18:46:08,816 [INFO] [A
2026-05-18 18:46:28,889 [INFO] 
2026-05-18 18:46:28,889 [INFO] 59%|#####9    | 60/101 [07:04<04:56,  7.23s/it]
2026-05-18 18:46:28,890 [INFO] [A
2026-05-18 18:46:48,818 [INFO] 
2026-05-18 18:46:48,819 [INFO] 59%|#####9    | 60/101 [07:23<04:56,  7.23s/it]
2026-05-18 18:46:48,819 [INFO] [A
2026-05-18 18:47:04,814 [INFO] 
2026-05-18 18:47:04,815 [INFO] 64%|######4   | 65/101 [07:39<04:19,  7.21s/it]
2026-05-18 18:47:04,815 [INFO] [A
2026-05-18 18:47:18,821 [INFO] 
2026-05-18 18:47:18,822 [INFO] 64%|######4   | 65/101 [07:53<04:19,  7.21s/it]
2026-05-18 18:47:18,822 [INFO] [A
2026-05-18 18:47:40,655 [INFO] 
2026-05-18 18:47:40,656 [INFO] 69%|######9   | 70/101 [08:15<03:43,  7.20s/it]
2026-05-18 18:47:40,656 [INFO] [A
2026-05-18 18:47:58,824 [INFO] 
2026-05-18 18:47:58,825 [INFO] 69%|######9   | 70/101 [08:33<03:43,  7.20s/it]
2026-05-18 18:47:58,825 [INFO] [A
2026-05-18 18:48:16,468 [INFO] 
2026-05-18 18:48:16,469 [INFO] 74%|#######4  | 75/101 [08:51<03:06,  7.19s/it]
2026-05-18 18:48:16,469 [INFO] [A
2026-05-18 18:48:28,827 [INFO] 
2026-05-18 18:48:28,828 [INFO] 74%|#######4  | 75/101 [09:03<03:06,  7.19s/it]
2026-05-18 18:48:28,828 [INFO] [A
2026-05-18 18:48:52,045 [INFO] 
2026-05-18 18:48:52,046 [INFO] 79%|#######9  | 80/101 [09:27<02:30,  7.17s/it]
2026-05-18 18:48:52,046 [INFO] [A
2026-05-18 18:49:08,831 [INFO] 
2026-05-18 18:49:08,831 [INFO] 79%|#######9  | 80/101 [09:43<02:30,  7.17s/it]
2026-05-18 18:49:08,832 [INFO] [A
2026-05-18 18:49:28,361 [INFO] 
2026-05-18 18:49:28,362 [INFO] 84%|########4 | 85/101 [10:03<01:55,  7.20s/it]
2026-05-18 18:49:28,362 [INFO] [A
2026-05-18 18:49:38,833 [INFO] 
2026-05-18 18:49:38,833 [INFO] 84%|########4 | 85/101 [10:13<01:55,  7.20s/it]
2026-05-18 18:49:38,834 [INFO] [A
2026-05-18 18:50:03,873 [INFO] 
2026-05-18 18:50:03,873 [INFO] 89%|########9 | 90/101 [10:39<01:18,  7.17s/it]
2026-05-18 18:50:03,873 [INFO] [A
2026-05-18 18:50:18,836 [INFO] 
2026-05-18 18:50:18,837 [INFO] 89%|########9 | 90/101 [10:53<01:18,  7.17s/it]
2026-05-18 18:50:18,837 [INFO] [A
2026-05-18 18:50:39,043 [INFO] 
2026-05-18 18:50:39,043 [INFO] 94%|#########4| 95/101 [11:14<00:42,  7.13s/it]
2026-05-18 18:50:39,043 [INFO] [A
2026-05-18 18:50:58,840 [INFO] 
2026-05-18 18:50:58,840 [INFO] 94%|#########4| 95/101 [11:34<00:42,  7.13s/it]
2026-05-18 18:50:58,840 [INFO] [A
2026-05-18 18:51:14,479 [INFO] 
2026-05-18 18:51:14,480 [INFO] 99%|#########9| 100/101 [11:49<00:07,  7.12s/it]
2026-05-18 18:51:14,480 [INFO] [A
2026-05-18 18:51:21,507 [INFO] 100%|##########| 101/101 [11:56<00:00,  7.10s/it]
2026-05-18 18:51:29,532 [INFO] network run in 724.70s
2026-05-18 18:51:29,533 [INFO] 
2026-05-18 18:51:29,533 [INFO] 0%|          | 0/101 [00:00<?, ?it/s]
2026-05-18 18:51:29,533 [INFO] [A
2026-05-18 18:52:00,583 [INFO] 
2026-05-18 18:52:00,584 [INFO] 14%|#3        | 14/101 [00:31<03:12,  2.22s/it]
2026-05-18 18:52:00,584 [INFO] [A
2026-05-18 18:52:18,845 [INFO] 
2026-05-18 18:52:18,845 [INFO] 14%|#3        | 14/101 [00:49<03:12,  2.22s/it]
2026-05-18 18:52:18,845 [INFO] [A
2026-05-18 18:52:31,608 [INFO] 
2026-05-18 18:52:31,609 [INFO] 28%|##7       | 28/101 [01:02<02:41,  2.22s/it]
2026-05-18 18:52:31,609 [INFO] [A
2026-05-18 18:52:48,847 [INFO] 
2026-05-18 18:52:48,848 [INFO] 28%|##7       | 28/101 [01:19<02:41,  2.22s/it]
2026-05-18 18:52:48,848 [INFO] [A
2026-05-18 18:53:02,149 [INFO] 
2026-05-18 18:53:02,149 [INFO] 42%|####1     | 42/101 [01:32<02:09,  2.20s/it]
2026-05-18 18:53:02,149 [INFO] [A
2026-05-18 18:53:18,850 [INFO] 
2026-05-18 18:53:18,851 [INFO] 42%|####1     | 42/101 [01:49<02:09,  2.20s/it]
2026-05-18 18:53:18,851 [INFO] [A
2026-05-18 18:53:33,265 [INFO] 
2026-05-18 18:53:33,266 [INFO] 56%|#####6    | 57/101 [02:03<01:34,  2.15s/it]
2026-05-18 18:53:33,266 [INFO] [A
2026-05-18 18:53:48,853 [INFO] 
2026-05-18 18:53:48,854 [INFO] 56%|#####6    | 57/101 [02:19<01:34,  2.15s/it]
2026-05-18 18:53:48,854 [INFO] [A
2026-05-18 18:54:04,291 [INFO] 
2026-05-18 18:54:04,291 [INFO] 73%|#######3  | 74/101 [02:34<00:54,  2.02s/it]
2026-05-18 18:54:04,291 [INFO] [A
2026-05-18 18:54:18,856 [INFO] 
2026-05-18 18:54:18,857 [INFO] 73%|#######3  | 74/101 [02:49<00:54,  2.02s/it]
2026-05-18 18:54:18,857 [INFO] [A
2026-05-18 18:54:32,831 [INFO] 100%|##########| 101/101 [03:03<00:00,  1.81s/it]
2026-05-18 18:54:32,831 [INFO] stitching 101 planes using stitch_threshold=0.456 to make 3D masks
2026-05-18 18:56:17,115 [INFO] masks created in 287.58s
2026-05-18 18:57:29,269 [INFO] 20%|##        | 1/5 [18:30<1:14:01, 1110.49s/it]
2026-05-18 18:57:29,269 [INFO] loading image as 3D zstack
2026-05-18 18:57:29,325 [INFO] reading tiff with 101 planes
2026-05-18 18:57:54,919 [INFO] 
2026-05-18 18:57:54,920 [INFO] 0%|          | 0/101 [00:00<?, ?it/s]
2026-05-18 18:57:54,920 [INFO] [A
2026-05-18 18:58:27,128 [INFO] 
2026-05-18 18:58:27,128 [INFO] 5%|4         | 5/101 [00:32<10:18,  6.44s/it]
2026-05-18 18:58:27,128 [INFO] [A
2026-05-18 18:58:39,838 [INFO] 
2026-05-18 18:58:39,839 [INFO] 5%|4         | 5/101 [00:44<10:18,  6.44s/it]
2026-05-18 18:58:39,839 [INFO] [A
2026-05-18 18:59:00,870 [INFO] 
2026-05-18 18:59:00,873 [INFO] 10%|9         | 10/101 [01:05<10:02,  6.62s/it]
2026-05-18 18:59:00,873 [INFO] [A
