2026-05-18 17:50:48,100 [INFO] WRITING LOG OUTPUT TO /scicore/home/basler/basler0004/.cellpose/run.log
2026-05-18 17:50:48,100 [INFO] 
cellpose version: 	4.1.1 
platform:       	linux 
python version: 	3.11.15 
torch version:  	2.4.1+cu121
2026-05-18 17:50:48,432 [INFO] ** TORCH CUDA version installed and working. **
2026-05-18 17:50:48,432 [INFO] >>>> using GPU (CUDA)
2026-05-18 17:50:48,432 [WARNING] the '--diam_mean' flag is deprecated in v4.0.1+ and no longer used
2026-05-18 17:50:48,453 [INFO] >>>> running cellpose on 5 images using all channels
2026-05-18 17:50:51,182 [INFO] >>>> loading model /scicore/home/basler/basler0004/.cellpose/models/cpsam
2026-05-18 17:50:54,279 [INFO] 0%|          | 0/5 [00:00<?, ?it/s]
2026-05-18 17:50:54,279 [INFO] loading image as 3D zstack
2026-05-18 17:50:54,331 [INFO] reading tiff with 101 planes
2026-05-18 17:51:20,742 [INFO] 
2026-05-18 17:51:20,742 [INFO] 0%|          | 0/101 [00:00<?, ?it/s]
2026-05-18 17:51:20,743 [INFO] [A
2026-05-18 17:51:54,802 [INFO] 
2026-05-18 17:51:54,802 [INFO] 6%|5         | 6/101 [00:34<08:59,  5.68s/it]
2026-05-18 17:51:54,803 [INFO] [A
2026-05-18 17:52:14,282 [INFO] 
2026-05-18 17:52:14,283 [INFO] 6%|5         | 6/101 [00:53<08:59,  5.68s/it]
2026-05-18 17:52:14,283 [INFO] [A
2026-05-18 17:52:29,144 [INFO] 
2026-05-18 17:52:29,145 [INFO] 12%|#1        | 12/101 [01:08<08:27,  5.70s/it]
2026-05-18 17:52:29,145 [INFO] [A
2026-05-18 17:52:44,285 [INFO] 
2026-05-18 17:52:44,286 [INFO] 12%|#1        | 12/101 [01:23<08:27,  5.70s/it]
2026-05-18 17:52:44,286 [INFO] [A
2026-05-18 17:53:03,619 [INFO] 
2026-05-18 17:53:03,619 [INFO] 18%|#7        | 18/101 [01:42<07:55,  5.72s/it]
2026-05-18 17:53:03,619 [INFO] [A
2026-05-18 17:53:14,287 [INFO] 
2026-05-18 17:53:14,288 [INFO] 18%|#7        | 18/101 [01:53<07:55,  5.72s/it]
2026-05-18 17:53:14,288 [INFO] [A
2026-05-18 17:53:38,227 [INFO] 
2026-05-18 17:53:38,227 [INFO] 24%|##3       | 24/101 [02:17<07:22,  5.74s/it]
2026-05-18 17:53:38,227 [INFO] [A
2026-05-18 17:53:54,290 [INFO] 
2026-05-18 17:53:54,291 [INFO] 24%|##3       | 24/101 [02:33<07:22,  5.74s/it]
2026-05-18 17:53:54,291 [INFO] [A
2026-05-18 17:54:12,821 [INFO] 
2026-05-18 17:54:12,822 [INFO] 30%|##9       | 30/101 [02:52<06:48,  5.75s/it]
2026-05-18 17:54:12,822 [INFO] [A
2026-05-18 17:54:24,293 [INFO] 
2026-05-18 17:54:24,294 [INFO] 30%|##9       | 30/101 [03:03<06:48,  5.75s/it]
2026-05-18 17:54:24,294 [INFO] [A
2026-05-18 17:54:47,464 [INFO] 
2026-05-18 17:54:47,464 [INFO] 36%|###5      | 36/101 [03:26<06:14,  5.76s/it]
2026-05-18 17:54:47,464 [INFO] [A
2026-05-18 17:55:04,296 [INFO] 
2026-05-18 17:55:04,297 [INFO] 36%|###5      | 36/101 [03:43<06:14,  5.76s/it]
2026-05-18 17:55:04,297 [INFO] [A
2026-05-18 17:55:22,120 [INFO] 
2026-05-18 17:55:22,120 [INFO] 42%|####1     | 42/101 [04:01<05:40,  5.76s/it]
2026-05-18 17:55:22,121 [INFO] [A
2026-05-18 17:55:34,299 [INFO] 
2026-05-18 17:55:34,300 [INFO] 42%|####1     | 42/101 [04:13<05:40,  5.76s/it]
2026-05-18 17:55:34,300 [INFO] [A
2026-05-18 17:55:56,808 [INFO] 
2026-05-18 17:55:56,809 [INFO] 48%|####7     | 48/101 [04:36<05:05,  5.77s/it]
2026-05-18 17:55:56,809 [INFO] [A
2026-05-18 17:56:14,303 [INFO] 
2026-05-18 17:56:14,303 [INFO] 48%|####7     | 48/101 [04:53<05:05,  5.77s/it]
2026-05-18 17:56:14,304 [INFO] [A
2026-05-18 17:56:31,481 [INFO] 
2026-05-18 17:56:31,482 [INFO] 53%|#####3    | 54/101 [05:10<04:31,  5.77s/it]
2026-05-18 17:56:31,482 [INFO] [A
2026-05-18 17:56:44,305 [INFO] 
2026-05-18 17:56:44,306 [INFO] 53%|#####3    | 54/101 [05:23<04:31,  5.77s/it]
2026-05-18 17:56:44,306 [INFO] [A
2026-05-18 17:57:06,174 [INFO] 
2026-05-18 17:57:06,174 [INFO] 59%|#####9    | 60/101 [05:45<03:56,  5.78s/it]
2026-05-18 17:57:06,174 [INFO] [A
2026-05-18 17:57:24,309 [INFO] 
2026-05-18 17:57:24,310 [INFO] 59%|#####9    | 60/101 [06:03<03:56,  5.78s/it]
2026-05-18 17:57:24,310 [INFO] [A
2026-05-18 17:57:40,912 [INFO] 
2026-05-18 17:57:40,913 [INFO] 65%|######5   | 66/101 [06:20<03:22,  5.78s/it]
2026-05-18 17:57:40,917 [INFO] [A
2026-05-18 17:57:54,312 [INFO] 
2026-05-18 17:57:54,313 [INFO] 65%|######5   | 66/101 [06:33<03:22,  5.78s/it]
2026-05-18 17:57:54,313 [INFO] [A
2026-05-18 17:58:15,597 [INFO] 
2026-05-18 17:58:15,598 [INFO] 71%|#######1  | 72/101 [06:54<02:47,  5.78s/it]
2026-05-18 17:58:15,598 [INFO] [A
2026-05-18 17:58:34,315 [INFO] 
2026-05-18 17:58:34,316 [INFO] 71%|#######1  | 72/101 [07:13<02:47,  5.78s/it]
2026-05-18 17:58:34,316 [INFO] [A
2026-05-18 17:58:50,293 [INFO] 
2026-05-18 17:58:50,294 [INFO] 77%|#######7  | 78/101 [07:29<02:12,  5.78s/it]
2026-05-18 17:58:50,294 [INFO] [A
2026-05-18 17:59:04,318 [INFO] 
2026-05-18 17:59:04,319 [INFO] 77%|#######7  | 78/101 [07:43<02:12,  5.78s/it]
2026-05-18 17:59:04,319 [INFO] [A
2026-05-18 17:59:24,993 [INFO] 
2026-05-18 17:59:24,994 [INFO] 83%|########3 | 84/101 [08:04<01:38,  5.78s/it]
2026-05-18 17:59:24,994 [INFO] [A
2026-05-18 17:59:44,321 [INFO] 
2026-05-18 17:59:44,322 [INFO] 83%|########3 | 84/101 [08:23<01:38,  5.78s/it]
2026-05-18 17:59:44,322 [INFO] [A
2026-05-18 17:59:59,656 [INFO] 
2026-05-18 17:59:59,656 [INFO] 89%|########9 | 90/101 [08:38<01:03,  5.78s/it]
2026-05-18 17:59:59,656 [INFO] [A
2026-05-18 18:00:14,324 [INFO] 
2026-05-18 18:00:14,325 [INFO] 89%|########9 | 90/101 [08:53<01:03,  5.78s/it]
2026-05-18 18:00:14,325 [INFO] [A
2026-05-18 18:00:34,326 [INFO] 
2026-05-18 18:00:34,327 [INFO] 95%|#########5| 96/101 [09:13<00:28,  5.78s/it]
2026-05-18 18:00:34,327 [INFO] [A
2026-05-18 18:00:44,328 [INFO] 
2026-05-18 18:00:44,329 [INFO] 95%|#########5| 96/101 [09:23<00:28,  5.78s/it]
2026-05-18 18:00:44,329 [INFO] [A
2026-05-18 18:01:03,322 [INFO] 100%|##########| 101/101 [09:42<00:00,  5.77s/it]
2026-05-18 18:01:10,770 [INFO] network run in 590.03s
2026-05-18 18:01:10,770 [INFO] 
2026-05-18 18:01:10,771 [INFO] 0%|          | 0/101 [00:00<?, ?it/s]
2026-05-18 18:01:10,771 [INFO] [A
2026-05-18 18:01:41,420 [INFO] 
2026-05-18 18:01:41,420 [INFO] 14%|#3        | 14/101 [00:30<03:10,  2.19s/it]
2026-05-18 18:01:41,420 [INFO] [A
2026-05-18 18:01:54,332 [INFO] 
2026-05-18 18:01:54,332 [INFO] 14%|#3        | 14/101 [00:43<03:10,  2.19s/it]
2026-05-18 18:01:54,332 [INFO] [A
2026-05-18 18:02:11,926 [INFO] 
2026-05-18 18:02:11,926 [INFO] 28%|##7       | 28/101 [01:01<02:39,  2.18s/it]
2026-05-18 18:02:11,927 [INFO] [A
2026-05-18 18:02:24,334 [INFO] 
2026-05-18 18:02:24,335 [INFO] 28%|##7       | 28/101 [01:13<02:39,  2.18s/it]
2026-05-18 18:02:24,335 [INFO] [A
2026-05-18 18:02:42,082 [INFO] 
2026-05-18 18:02:42,082 [INFO] 42%|####1     | 42/101 [01:31<02:08,  2.17s/it]
2026-05-18 18:02:42,082 [INFO] [A
2026-05-18 18:02:54,337 [INFO] 
2026-05-18 18:02:54,338 [INFO] 42%|####1     | 42/101 [01:43<02:08,  2.17s/it]
2026-05-18 18:02:54,338 [INFO] [A
2026-05-18 18:03:12,882 [INFO] 
2026-05-18 18:03:12,883 [INFO] 56%|#####6    | 57/101 [02:02<01:33,  2.12s/it]
2026-05-18 18:03:12,883 [INFO] [A
2026-05-18 18:03:24,340 [INFO] 
2026-05-18 18:03:24,341 [INFO] 56%|#####6    | 57/101 [02:13<01:33,  2.12s/it]
2026-05-18 18:03:24,341 [INFO] [A
2026-05-18 18:03:43,554 [INFO] 
2026-05-18 18:03:43,554 [INFO] 73%|#######3  | 74/101 [02:32<00:53,  1.99s/it]
2026-05-18 18:03:43,554 [INFO] [A
2026-05-18 18:03:54,343 [INFO] 
2026-05-18 18:03:54,343 [INFO] 73%|#######3  | 74/101 [02:43<00:53,  1.99s/it]
2026-05-18 18:03:54,343 [INFO] [A
2026-05-18 18:04:11,952 [INFO] 100%|##########| 101/101 [03:01<00:00,  1.79s/it]
2026-05-18 18:04:11,952 [INFO] stitching 101 planes using stitch_threshold=0.456 to make 3D masks
2026-05-18 18:05:57,987 [INFO] masks created in 287.22s
2026-05-18 18:07:10,714 [INFO] 20%|##        | 1/5 [16:16<1:05:05, 976.43s/it]
2026-05-18 18:07:10,714 [INFO] loading image as 3D zstack
2026-05-18 18:07:10,776 [INFO] reading tiff with 101 planes
2026-05-18 18:07:36,717 [INFO] 
2026-05-18 18:07:36,718 [INFO] 0%|          | 0/101 [00:00<?, ?it/s]
2026-05-18 18:07:36,718 [INFO] [A
2026-05-18 18:08:10,588 [INFO] 
2026-05-18 18:08:10,588 [INFO] 6%|5         | 6/101 [00:33<08:56,  5.64s/it]
2026-05-18 18:08:10,588 [INFO] [A
2026-05-18 18:08:24,356 [INFO] 
2026-05-18 18:08:24,357 [INFO] 6%|5         | 6/101 [00:47<08:56,  5.64s/it]
2026-05-18 18:08:24,357 [INFO] [A
2026-05-18 18:08:45,002 [INFO] 
2026-05-18 18:08:45,002 [INFO] 12%|#1        | 12/101 [01:08<08:27,  5.70s/it]
2026-05-18 18:08:45,002 [INFO] [A
2026-05-18 18:09:04,360 [INFO] 
2026-05-18 18:09:04,361 [INFO] 12%|#1        | 12/101 [01:27<08:27,  5.70s/it]
2026-05-18 18:09:04,361 [INFO] [A
2026-05-18 18:09:19,566 [INFO] 
2026-05-18 18:09:19,566 [INFO] 18%|#7        | 18/101 [01:42<07:55,  5.73s/it]
2026-05-18 18:09:19,566 [INFO] [A
2026-05-18 18:09:34,363 [INFO] 
2026-05-18 18:09:34,364 [INFO] 18%|#7        | 18/101 [01:57<07:55,  5.73s/it]
2026-05-18 18:09:34,364 [INFO] [A
2026-05-18 18:09:54,170 [INFO] 
2026-05-18 18:09:54,171 [INFO] 24%|##3       | 24/101 [02:17<07:22,  5.74s/it]
2026-05-18 18:09:54,171 [INFO] [A
2026-05-18 18:10:04,366 [INFO] 
2026-05-18 18:10:04,367 [INFO] 24%|##3       | 24/101 [02:27<07:22,  5.74s/it]
2026-05-18 18:10:04,367 [INFO] [A
2026-05-18 18:10:28,823 [INFO] 
2026-05-18 18:10:28,824 [INFO] 30%|##9       | 30/101 [02:52<06:48,  5.75s/it]
2026-05-18 18:10:28,824 [INFO] [A
2026-05-18 18:10:44,370 [INFO] 
2026-05-18 18:10:44,371 [INFO] 30%|##9       | 30/101 [03:07<06:48,  5.75s/it]
2026-05-18 18:10:44,371 [INFO] [A
2026-05-18 18:11:03,445 [INFO] 
2026-05-18 18:11:03,446 [INFO] 36%|###5      | 36/101 [03:26<06:14,  5.76s/it]
2026-05-18 18:11:03,446 [INFO] [A
2026-05-18 18:11:14,373 [INFO] 
2026-05-18 18:11:14,374 [INFO] 36%|###5      | 36/101 [03:37<06:14,  5.76s/it]
2026-05-18 18:11:14,374 [INFO] [A
2026-05-18 18:11:38,044 [INFO] 
2026-05-18 18:11:38,044 [INFO] 42%|####1     | 42/101 [04:01<05:39,  5.76s/it]
2026-05-18 18:11:38,044 [INFO] [A
2026-05-18 18:11:54,377 [INFO] 
2026-05-18 18:11:54,378 [INFO] 42%|####1     | 42/101 [04:17<05:39,  5.76s/it]
2026-05-18 18:11:54,378 [INFO] [A
2026-05-18 18:12:12,590 [INFO] 
2026-05-18 18:12:12,591 [INFO] 48%|####7     | 48/101 [04:35<05:05,  5.76s/it]
2026-05-18 18:12:12,591 [INFO] [A
2026-05-18 18:12:24,381 [INFO] 
2026-05-18 18:12:24,382 [INFO] 48%|####7     | 48/101 [04:47<05:05,  5.76s/it]
2026-05-18 18:12:24,382 [INFO] [A
2026-05-18 18:12:47,153 [INFO] 
2026-05-18 18:12:47,153 [INFO] 53%|#####3    | 54/101 [05:10<04:30,  5.76s/it]
2026-05-18 18:12:47,153 [INFO] [A
2026-05-18 18:13:04,385 [INFO] 
2026-05-18 18:13:04,386 [INFO] 53%|#####3    | 54/101 [05:27<04:30,  5.76s/it]
2026-05-18 18:13:04,386 [INFO] [A
2026-05-18 18:13:21,675 [INFO] 
2026-05-18 18:13:21,675 [INFO] 59%|#####9    | 60/101 [05:44<03:56,  5.76s/it]
2026-05-18 18:13:21,675 [INFO] [A
2026-05-18 18:13:34,388 [INFO] 
2026-05-18 18:13:34,388 [INFO] 59%|#####9    | 60/101 [05:57<03:56,  5.76s/it]
2026-05-18 18:13:34,389 [INFO] [A
2026-05-18 18:13:56,259 [INFO] 
2026-05-18 18:13:56,259 [INFO] 65%|######5   | 66/101 [06:19<03:21,  5.76s/it]
2026-05-18 18:13:56,259 [INFO] [A
2026-05-18 18:14:14,391 [INFO] 
2026-05-18 18:14:14,392 [INFO] 65%|######5   | 66/101 [06:37<03:21,  5.76s/it]
2026-05-18 18:14:14,392 [INFO] [A
2026-05-18 18:14:30,854 [INFO] 
2026-05-18 18:14:30,854 [INFO] 71%|#######1  | 72/101 [06:54<02:47,  5.76s/it]
2026-05-18 18:14:30,854 [INFO] [A
2026-05-18 18:14:44,394 [INFO] 
2026-05-18 18:14:44,395 [INFO] 71%|#######1  | 72/101 [07:07<02:47,  5.76s/it]
2026-05-18 18:14:44,395 [INFO] [A
2026-05-18 18:15:05,590 [INFO] 
2026-05-18 18:15:05,591 [INFO] 77%|#######7  | 78/101 [07:28<02:12,  5.77s/it]
2026-05-18 18:15:05,591 [INFO] [A
2026-05-18 18:15:24,398 [INFO] 
2026-05-18 18:15:24,399 [INFO] 77%|#######7  | 78/101 [07:47<02:12,  5.77s/it]
2026-05-18 18:15:24,399 [INFO] [A
2026-05-18 18:15:40,214 [INFO] 
2026-05-18 18:15:40,214 [INFO] 83%|########3 | 84/101 [08:03<01:38,  5.77s/it]
2026-05-18 18:15:40,214 [INFO] [A
2026-05-18 18:15:54,401 [INFO] 
2026-05-18 18:15:54,402 [INFO] 83%|########3 | 84/101 [08:17<01:38,  5.77s/it]
2026-05-18 18:15:54,402 [INFO] [A
2026-05-18 18:16:14,809 [INFO] 
2026-05-18 18:16:14,809 [INFO] 89%|########9 | 90/101 [08:38<01:03,  5.77s/it]
2026-05-18 18:16:14,809 [INFO] [A
2026-05-18 18:16:34,405 [INFO] 
2026-05-18 18:16:34,406 [INFO] 89%|########9 | 90/101 [08:57<01:03,  5.77s/it]
2026-05-18 18:16:34,406 [INFO] [A
2026-05-18 18:16:49,381 [INFO] 
2026-05-18 18:16:49,382 [INFO] 95%|#########5| 96/101 [09:12<00:28,  5.77s/it]
2026-05-18 18:16:49,382 [INFO] [A
2026-05-18 18:17:04,408 [INFO] 
2026-05-18 18:17:04,409 [INFO] 95%|#########5| 96/101 [09:27<00:28,  5.77s/it]
2026-05-18 18:17:04,409 [INFO] [A
2026-05-18 18:17:18,186 [INFO] 100%|##########| 101/101 [09:41<00:00,  5.76s/it]
2026-05-18 18:17:25,577 [INFO] network run in 588.86s
2026-05-18 18:17:25,577 [INFO] 
2026-05-18 18:17:25,577 [INFO] 0%|          | 0/101 [00:00<?, ?it/s]
2026-05-18 18:17:25,577 [INFO] [A
2026-05-18 18:17:56,299 [INFO] 
2026-05-18 18:17:56,299 [INFO] 14%|#3        | 14/101 [00:30<03:10,  2.19s/it]
2026-05-18 18:17:56,300 [INFO] [A
2026-05-18 18:18:14,412 [INFO] 
2026-05-18 18:18:14,413 [INFO] 14%|#3        | 14/101 [00:48<03:10,  2.19s/it]
2026-05-18 18:18:14,414 [INFO] [A
2026-05-18 18:18:27,215 [INFO] 
2026-05-18 18:18:27,216 [INFO] 28%|##7       | 28/101 [01:01<02:40,  2.20s/it]
2026-05-18 18:18:27,216 [INFO] [A
2026-05-18 18:18:44,416 [INFO] 
2026-05-18 18:18:44,417 [INFO] 28%|##7       | 28/101 [01:18<02:40,  2.20s/it]
2026-05-18 18:18:44,417 [INFO] [A
2026-05-18 18:18:59,243 [INFO] 
2026-05-18 18:18:59,244 [INFO] 43%|####2     | 43/101 [01:33<02:05,  2.17s/it]
2026-05-18 18:18:59,244 [INFO] [A
2026-05-18 18:19:14,419 [INFO] 
2026-05-18 18:19:14,420 [INFO] 43%|####2     | 43/101 [01:48<02:05,  2.17s/it]
2026-05-18 18:19:14,420 [INFO] [A
2026-05-18 18:19:31,245 [INFO] 
2026-05-18 18:19:31,246 [INFO] 57%|#####7    | 58/101 [02:05<01:32,  2.16s/it]
2026-05-18 18:19:31,246 [INFO] [A
2026-05-18 18:19:44,422 [INFO] 
2026-05-18 18:19:44,423 [INFO] 57%|#####7    | 58/101 [02:18<01:32,  2.16s/it]
2026-05-18 18:19:44,423 [INFO] [A
2026-05-18 18:20:02,488 [INFO] 
2026-05-18 18:20:02,488 [INFO] 72%|#######2  | 73/101 [02:36<00:59,  2.13s/it]
2026-05-18 18:20:02,488 [INFO] [A
2026-05-18 18:20:14,438 [INFO] 
2026-05-18 18:20:14,439 [INFO] 72%|#######2  | 73/101 [02:48<00:59,  2.13s/it]
2026-05-18 18:20:14,439 [INFO] [A
2026-05-18 18:20:32,988 [INFO] 
2026-05-18 18:20:32,989 [INFO] 92%|#########2| 93/101 [03:07<00:15,  1.88s/it]
2026-05-18 18:20:32,989 [INFO] [A
2026-05-18 18:20:40,203 [INFO] 100%|##########| 101/101 [03:14<00:00,  1.93s/it]
2026-05-18 18:20:40,203 [INFO] stitching 101 planes using stitch_threshold=0.456 to make 3D masks
2026-05-18 18:22:37,937 [INFO] masks created in 312.36s
2026-05-18 18:23:52,021 [INFO] 40%|####      | 2/5 [32:57<49:33, 991.07s/it]
2026-05-18 18:23:52,022 [INFO] loading image as 3D zstack
2026-05-18 18:23:52,063 [INFO] reading tiff with 101 planes
2026-05-18 18:24:18,028 [INFO] 
2026-05-18 18:24:18,029 [INFO] 0%|          | 0/101 [00:00<?, ?it/s]
2026-05-18 18:24:18,029 [INFO] [A
2026-05-18 18:24:51,827 [INFO] 
2026-05-18 18:24:51,827 [INFO] 6%|5         | 6/101 [00:33<08:55,  5.63s/it]
2026-05-18 18:24:51,827 [INFO] [A
2026-05-18 18:25:04,459 [INFO] 
2026-05-18 18:25:04,460 [INFO] 6%|5         | 6/101 [00:46<08:55,  5.63s/it]
2026-05-18 18:25:04,460 [INFO] [A
2026-05-18 18:25:26,044 [INFO] 
2026-05-18 18:25:26,044 [INFO] 12%|#1        | 12/101 [01:08<08:24,  5.67s/it]
2026-05-18 18:25:26,044 [INFO] [A
2026-05-18 18:25:44,463 [INFO] 
2026-05-18 18:25:44,464 [INFO] 12%|#1        | 12/101 [01:26<08:24,  5.67s/it]
2026-05-18 18:25:44,464 [INFO] [A
2026-05-18 18:26:00,523 [INFO] 
2026-05-18 18:26:00,524 [INFO] 18%|#7        | 18/101 [01:42<07:53,  5.71s/it]
2026-05-18 18:26:00,524 [INFO] [A
2026-05-18 18:26:14,466 [INFO] 
2026-05-18 18:26:14,467 [INFO] 18%|#7        | 18/101 [01:56<07:53,  5.71s/it]
2026-05-18 18:26:14,467 [INFO] [A
2026-05-18 18:26:35,124 [INFO] 
2026-05-18 18:26:35,124 [INFO] 24%|##3       | 24/101 [02:17<07:21,  5.73s/it]
2026-05-18 18:26:35,124 [INFO] [A
2026-05-18 18:26:54,470 [INFO] 
2026-05-18 18:26:54,471 [INFO] 24%|##3       | 24/101 [02:36<07:21,  5.73s/it]
2026-05-18 18:26:54,471 [INFO] [A
2026-05-18 18:27:09,678 [INFO] 
2026-05-18 18:27:09,679 [INFO] 30%|##9       | 30/101 [02:51<06:47,  5.74s/it]
2026-05-18 18:27:09,679 [INFO] [A
2026-05-18 18:27:24,473 [INFO] 
2026-05-18 18:27:24,474 [INFO] 30%|##9       | 30/101 [03:06<06:47,  5.74s/it]
2026-05-18 18:27:24,474 [INFO] [A
2026-05-18 18:27:44,276 [INFO] 
2026-05-18 18:27:44,277 [INFO] 36%|###5      | 36/101 [03:26<06:13,  5.75s/it]
2026-05-18 18:27:44,277 [INFO] [A
2026-05-18 18:27:54,476 [INFO] 
2026-05-18 18:27:54,477 [INFO] 36%|###5      | 36/101 [03:36<06:13,  5.75s/it]
2026-05-18 18:27:54,477 [INFO] [A
2026-05-18 18:28:18,886 [INFO] 
2026-05-18 18:28:18,886 [INFO] 42%|####1     | 42/101 [04:00<05:39,  5.76s/it]
2026-05-18 18:28:18,886 [INFO] [A
2026-05-18 18:28:34,480 [INFO] 
2026-05-18 18:28:34,481 [INFO] 42%|####1     | 42/101 [04:16<05:39,  5.76s/it]
2026-05-18 18:28:34,482 [INFO] [A
2026-05-18 18:28:53,457 [INFO] 
2026-05-18 18:28:53,457 [INFO] 48%|####7     | 48/101 [04:35<05:05,  5.76s/it]
2026-05-18 18:28:53,457 [INFO] [A
2026-05-18 18:29:04,483 [INFO] 
2026-05-18 18:29:04,484 [INFO] 48%|####7     | 48/101 [04:46<05:05,  5.76s/it]
2026-05-18 18:29:04,484 [INFO] [A
2026-05-18 18:29:28,024 [INFO] 
2026-05-18 18:29:28,025 [INFO] 53%|#####3    | 54/101 [05:09<04:30,  5.76s/it]
2026-05-18 18:29:28,025 [INFO] [A
2026-05-18 18:29:44,487 [INFO] 
2026-05-18 18:29:44,488 [INFO] 53%|#####3    | 54/101 [05:26<04:30,  5.76s/it]
2026-05-18 18:29:44,488 [INFO] [A
2026-05-18 18:30:02,689 [INFO] 
2026-05-18 18:30:02,690 [INFO] 59%|#####9    | 60/101 [05:44<03:56,  5.76s/it]
2026-05-18 18:30:02,690 [INFO] [A
2026-05-18 18:30:14,490 [INFO] 
2026-05-18 18:30:14,491 [INFO] 59%|#####9    | 60/101 [05:56<03:56,  5.76s/it]
2026-05-18 18:30:14,491 [INFO] [A
2026-05-18 18:30:37,330 [INFO] 
2026-05-18 18:30:37,331 [INFO] 65%|######5   | 66/101 [06:19<03:21,  5.77s/it]
2026-05-18 18:30:37,331 [INFO] [A
2026-05-18 18:30:54,493 [INFO] 
2026-05-18 18:30:54,494 [INFO] 65%|######5   | 66/101 [06:36<03:21,  5.77s/it]
2026-05-18 18:30:54,494 [INFO] [A
2026-05-18 18:31:11,968 [INFO] 
2026-05-18 18:31:11,968 [INFO] 71%|#######1  | 72/101 [06:53<02:47,  5.77s/it]
2026-05-18 18:31:11,968 [INFO] [A
2026-05-18 18:31:24,497 [INFO] 
2026-05-18 18:31:24,497 [INFO] 71%|#######1  | 72/101 [07:06<02:47,  5.77s/it]
2026-05-18 18:31:24,498 [INFO] [A
2026-05-18 18:31:46,601 [INFO] 
2026-05-18 18:31:46,601 [INFO] 77%|#######7  | 78/101 [07:28<02:12,  5.77s/it]
2026-05-18 18:31:46,601 [INFO] [A
2026-05-18 18:32:04,500 [INFO] 
2026-05-18 18:32:04,501 [INFO] 77%|#######7  | 78/101 [07:46<02:12,  5.77s/it]
2026-05-18 18:32:04,501 [INFO] [A
2026-05-18 18:32:21,177 [INFO] 
2026-05-18 18:32:21,178 [INFO] 83%|########3 | 84/101 [08:03<01:38,  5.77s/it]
2026-05-18 18:32:21,178 [INFO] [A
2026-05-18 18:32:34,503 [INFO] 
2026-05-18 18:32:34,504 [INFO] 83%|########3 | 84/101 [08:16<01:38,  5.77s/it]
2026-05-18 18:32:34,504 [INFO] [A
2026-05-18 18:32:55,786 [INFO] 
2026-05-18 18:32:55,787 [INFO] 89%|########9 | 90/101 [08:37<01:03,  5.77s/it]
2026-05-18 18:32:55,787 [INFO] [A
2026-05-18 18:33:14,507 [INFO] 
2026-05-18 18:33:14,508 [INFO] 89%|########9 | 90/101 [08:56<01:03,  5.77s/it]
2026-05-18 18:33:14,508 [INFO] [A
2026-05-18 18:33:30,414 [INFO] 
2026-05-18 18:33:30,414 [INFO] 95%|#########5| 96/101 [09:12<00:28,  5.77s/it]
2026-05-18 18:33:30,414 [INFO] [A
2026-05-18 18:33:44,510 [INFO] 
2026-05-18 18:33:44,511 [INFO] 95%|#########5| 96/101 [09:26<00:28,  5.77s/it]
2026-05-18 18:33:44,511 [INFO] [A
2026-05-18 18:33:59,212 [INFO] 100%|##########| 101/101 [09:41<00:00,  5.75s/it]
2026-05-18 18:34:06,583 [INFO] network run in 588.55s
2026-05-18 18:34:06,583 [INFO] 
2026-05-18 18:34:06,584 [INFO] 0%|          | 0/101 [00:00<?, ?it/s]
2026-05-18 18:34:06,584 [INFO] [A
2026-05-18 18:34:37,409 [INFO] 
2026-05-18 18:34:37,410 [INFO] 14%|#3        | 14/101 [00:30<03:11,  2.20s/it]
2026-05-18 18:34:37,410 [INFO] [A
2026-05-18 18:34:54,515 [INFO] 
2026-05-18 18:34:54,516 [INFO] 14%|#3        | 14/101 [00:47<03:11,  2.20s/it]
2026-05-18 18:34:54,516 [INFO] [A
2026-05-18 18:35:08,029 [INFO] 
2026-05-18 18:35:08,030 [INFO] 28%|##7       | 28/101 [01:01<02:40,  2.19s/it]
2026-05-18 18:35:08,030 [INFO] [A
2026-05-18 18:35:24,518 [INFO] 
2026-05-18 18:35:24,518 [INFO] 28%|##7       | 28/101 [01:17<02:40,  2.19s/it]
2026-05-18 18:35:24,519 [INFO] [A
2026-05-18 18:35:38,554 [INFO] 
2026-05-18 18:35:38,554 [INFO] 42%|####1     | 42/101 [01:31<02:09,  2.19s/it]
2026-05-18 18:35:38,554 [INFO] [A
2026-05-18 18:35:54,521 [INFO] 
2026-05-18 18:35:54,522 [INFO] 42%|####1     | 42/101 [01:47<02:09,  2.19s/it]
2026-05-18 18:35:54,522 [INFO] [A
2026-05-18 18:36:10,695 [INFO] 
2026-05-18 18:36:10,696 [INFO] 56%|#####6    | 57/101 [02:04<01:35,  2.17s/it]
2026-05-18 18:36:10,696 [INFO] [A
2026-05-18 18:36:24,524 [INFO] 
2026-05-18 18:36:24,525 [INFO] 56%|#####6    | 57/101 [02:17<01:35,  2.17s/it]
2026-05-18 18:36:24,525 [INFO] [A
2026-05-18 18:36:42,151 [INFO] 
2026-05-18 18:36:42,151 [INFO] 71%|#######1  | 72/101 [02:35<01:02,  2.14s/it]
2026-05-18 18:36:42,151 [INFO] [A
2026-05-18 18:36:54,527 [INFO] 
2026-05-18 18:36:54,528 [INFO] 71%|#######1  | 72/101 [02:47<01:02,  2.14s/it]
2026-05-18 18:36:54,528 [INFO] [A
2026-05-18 18:37:13,140 [INFO] 
2026-05-18 18:37:13,140 [INFO] 89%|########9 | 90/101 [03:06<00:21,  1.98s/it]
2026-05-18 18:37:13,140 [INFO] [A
2026-05-18 18:37:24,530 [INFO] 
2026-05-18 18:37:24,531 [INFO] 89%|########9 | 90/101 [03:17<00:21,  1.98s/it]
2026-05-18 18:37:24,532 [INFO] [A
2026-05-18 18:37:25,054 [INFO] 100%|##########| 101/101 [03:18<00:00,  1.97s/it]
2026-05-18 18:37:25,054 [INFO] stitching 101 planes using stitch_threshold=0.456 to make 3D masks
2026-05-18 18:39:13,579 [INFO] masks created in 307.00s
2026-05-18 18:40:31,651 [INFO] 60%|######    | 3/5 [49:37<33:09, 994.98s/it]
2026-05-18 18:40:31,652 [INFO] loading image as 3D zstack
2026-05-18 18:40:31,731 [INFO] reading tiff with 101 planes
2026-05-18 18:40:57,603 [INFO] 
2026-05-18 18:40:57,603 [INFO] 0%|          | 0/101 [00:00<?, ?it/s]
2026-05-18 18:40:57,603 [INFO] [A
2026-05-18 18:41:31,408 [INFO] 
2026-05-18 18:41:31,408 [INFO] 6%|5         | 6/101 [00:33<08:55,  5.63s/it]
2026-05-18 18:41:31,408 [INFO] [A
2026-05-18 18:41:44,546 [INFO] 
2026-05-18 18:41:44,547 [INFO] 6%|5         | 6/101 [00:46<08:55,  5.63s/it]
2026-05-18 18:41:44,547 [INFO] [A
2026-05-18 18:42:05,691 [INFO] 
2026-05-18 18:42:05,691 [INFO] 12%|#1        | 12/101 [01:08<08:25,  5.68s/it]
2026-05-18 18:42:05,691 [INFO] [A
2026-05-18 18:42:24,550 [INFO] 
2026-05-18 18:42:24,551 [INFO] 12%|#1        | 12/101 [01:26<08:25,  5.68s/it]
2026-05-18 18:42:24,551 [INFO] [A
