PARAMS | Nuclei | 64 | 60 | 0.0 | 0.0 | 0.5
2026-05-19 04:16:48,038 [INFO] WRITING LOG OUTPUT TO /scicore/home/basler/basler0004/.cellpose/run.log
2026-05-19 04:16:48,038 [INFO] 
cellpose version: 	4.1.1 
platform:       	linux 
python version: 	3.11.15 
torch version:  	2.4.1+cu121
2026-05-19 04:16:48,332 [INFO] ** TORCH CUDA version installed and working. **
2026-05-19 04:16:48,332 [INFO] >>>> using GPU (CUDA)
2026-05-19 04:16:48,333 [WARNING] the '--diam_mean' flag is deprecated in v4.0.1+ and no longer used
2026-05-19 04:16:48,333 [INFO] >>>> running cellpose on 1 images using all channels
2026-05-19 04:16:51,066 [INFO] >>>> loading model /scicore/home/basler/basler0004/.cellpose/models/cpsam
2026-05-19 04:16:52,093 [INFO] 0%|          | 0/1 [00:00<?, ?it/s]
2026-05-19 04:16:52,093 [INFO] loading image as 3D zstack
2026-05-19 04:16:52,096 [INFO] reading tiff with 101 planes
2026-05-19 04:17:12,488 [INFO] 
2026-05-19 04:17:12,489 [INFO] 0%|          | 0/101 [00:00<?, ?it/s]
2026-05-19 04:17:12,489 [INFO] [A
2026-05-19 04:17:43,714 [INFO] 
2026-05-19 04:17:43,717 [INFO] 4%|3         | 4/101 [00:31<12:37,  7.81s/it]
2026-05-19 04:17:43,717 [INFO] [A
2026-05-19 04:18:02,095 [INFO] 
2026-05-19 04:18:02,098 [INFO] 4%|3         | 4/101 [00:49<12:37,  7.81s/it]
2026-05-19 04:18:02,098 [INFO] [A
2026-05-19 04:18:14,907 [INFO] 
2026-05-19 04:18:14,910 [INFO] 8%|7         | 8/101 [01:02<12:05,  7.80s/it]
2026-05-19 04:18:14,910 [INFO] [A
2026-05-19 04:18:32,099 [INFO] 
2026-05-19 04:18:32,100 [INFO] 8%|7         | 8/101 [01:19<12:05,  7.80s/it]
2026-05-19 04:18:32,100 [INFO] [A
2026-05-19 04:18:46,236 [INFO] 
2026-05-19 04:18:46,236 [INFO] 12%|#1        | 12/101 [01:33<11:35,  7.82s/it]
2026-05-19 04:18:46,236 [INFO] [A
