PARAMS | Nuclei | 32 | 60 | 0.0 | 0.0 | 0.5
2026-05-19 04:15:10,709 [INFO] WRITING LOG OUTPUT TO /scicore/home/basler/basler0004/.cellpose/run.log
2026-05-19 04:15:10,710 [INFO] 
cellpose version: 	4.1.1 
platform:       	linux 
python version: 	3.11.15 
torch version:  	2.4.1+cu121
2026-05-19 04:15:10,984 [INFO] ** TORCH CUDA version installed and working. **
2026-05-19 04:15:10,984 [INFO] >>>> using GPU (CUDA)
2026-05-19 04:15:10,984 [WARNING] the '--diam_mean' flag is deprecated in v4.0.1+ and no longer used
2026-05-19 04:15:10,984 [INFO] >>>> running cellpose on 1 images using all channels
2026-05-19 04:15:13,720 [INFO] >>>> loading model /scicore/home/basler/basler0004/.cellpose/models/cpsam
2026-05-19 04:15:14,938 [INFO] 0%|          | 0/1 [00:00<?, ?it/s]
2026-05-19 04:15:14,938 [INFO] loading image as 3D zstack
2026-05-19 04:15:14,968 [INFO] reading tiff with 101 planes
2026-05-19 04:15:35,767 [INFO] 
2026-05-19 04:15:35,768 [INFO] 0%|          | 0/101 [00:00<?, ?it/s]
2026-05-19 04:15:35,768 [INFO] [A
2026-05-19 04:16:06,793 [INFO] 
2026-05-19 04:16:06,797 [INFO] 4%|3         | 4/101 [00:31<12:32,  7.76s/it]
2026-05-19 04:16:06,797 [INFO] [A
2026-05-19 04:16:24,939 [INFO] 
2026-05-19 04:16:24,942 [INFO] 4%|3         | 4/101 [00:49<12:32,  7.76s/it]
2026-05-19 04:16:24,942 [INFO] [A
