usage: __main__.py [-h] [--version] [--verbose] [--Zstack] [--use_gpu]
                   [--gpu_device GPU_DEVICE] [--dir DIR]
                   [--image_path IMAGE_PATH] [--look_one_level_down]
                   [--img_filter IMG_FILTER] [--channel_axis CHANNEL_AXIS]
                   [--z_axis Z_AXIS] [--chan CHAN] [--chan2 CHAN2] [--invert]
                   [--all_channels] [--pretrained_model PRETRAINED_MODEL]
                   [--add_model ADD_MODEL]
                   [--pretrained_model_ortho PRETRAINED_MODEL_ORTHO]
                   [--restore_type RESTORE_TYPE] [--chan2_restore]
                   [--transformer] [--no_norm]
                   [--norm_percentile VALUE1 VALUE2] [--do_3D]
                   [--diameter DIAMETER] [--stitch_threshold STITCH_THRESHOLD]
                   [--min_size MIN_SIZE]
                   [--flow3D_smooth FLOW3D_SMOOTH [FLOW3D_SMOOTH ...]]
                   [--flow_threshold FLOW_THRESHOLD]
                   [--cellprob_threshold CELLPROB_THRESHOLD] [--niter NITER]
                   [--anisotropy ANISOTROPY] [--exclude_on_edges] [--augment]
                   [--batch_size BATCH_SIZE] [--no_resample] [--no_interp]
                   [--save_png] [--save_tif] [--output_name OUTPUT_NAME]
                   [--no_npy] [--savedir SAVEDIR] [--dir_above] [--in_folders]
                   [--save_flows] [--save_outlines] [--save_rois] [--save_txt]
                   [--save_mpl] [--train] [--test_dir TEST_DIR]
                   [--file_list FILE_LIST] [--mask_filter MASK_FILTER]
                   [--learning_rate LEARNING_RATE]
                   [--weight_decay WEIGHT_DECAY] [--n_epochs N_EPOCHS]
                   [--train_batch_size TRAIN_BATCH_SIZE] [--bsize BSIZE]
                   [--nimg_per_epoch NIMG_PER_EPOCH]
                   [--nimg_test_per_epoch NIMG_TEST_PER_EPOCH]
                   [--min_train_masks MIN_TRAIN_MASKS] [--SGD SGD]
                   [--save_every SAVE_EVERY] [--save_each]
                   [--model_name_out MODEL_NAME_OUT] [--diam_mean DIAM_MEAN]
                   [--train_size]
__main__.py: error: unrecognized arguments:  
/var/spool/slurm/job12209573/slurm_script: line 52: --chan: command not found
/var/spool/slurm/job12209573/slurm_script: line 53: --z_axis: command not found
