2026-05-19 02:32:55,388 [INFO] WRITING LOG OUTPUT TO /scicore/home/basler/basler0004/.cellpose/run.log
2026-05-19 02:32:55,389 [INFO] 
cellpose version: 	3.1.1.3 
platform:       	linux 
python version: 	3.11.15 
torch version:  	2.4.1+cu121
2026-05-19 02:32:55,663 [INFO] ** TORCH CUDA version installed and working. **
2026-05-19 02:32:55,663 [INFO] >>>> using GPU (CUDA)
2026-05-19 02:32:55,664 [INFO] >>>> running cellpose on 1 images using chan_to_seg GRAY and chan (opt) NONE
2026-05-19 02:32:55,664 [INFO] ** TORCH CUDA version installed and working. **
2026-05-19 02:32:55,664 [INFO] >>>> using GPU (CUDA)
2026-05-19 02:32:55,664 [INFO] >> cyto3 << model set to be used
2026-05-19 02:32:55,751 [INFO] >>>> loading model /scicore/home/basler/basler0004/.cellpose/models/cyto3
2026-05-19 02:32:56,024 [INFO] >>>> model diam_mean =  30.000 (ROIs rescaled to this size during training)
2026-05-19 02:32:56,025 [INFO] >>>> using diameter 76.271 for all images
2026-05-19 02:32:56,026 [INFO] 0%|          | 0/1 [00:00<?, ?it/s]
2026-05-19 02:32:56,042 [INFO] reading tiff with 101 planes
2026-05-19 02:32:58,579 [INFO] channels set to [0, 0]
2026-05-19 02:32:58,580 [INFO] ~~~ FINDING MASKS ~~~
2026-05-19 02:32:58,580 [INFO] multi-stack tiff read in as having 101 planes 1 channels
2026-05-19 02:33:08,195 [INFO] 
2026-05-19 02:33:08,195 [INFO] 0%|          | 0/26 [00:00<?, ?it/s]
2026-05-19 02:33:08,196 [INFO] [A
2026-05-19 02:33:38,284 [INFO] 
2026-05-19 02:33:38,289 [INFO] 96%|#########6| 25/26 [00:30<00:01,  1.20s/it]
2026-05-19 02:33:38,289 [INFO] [A
2026-05-19 02:33:38,607 [INFO] 100%|##########| 26/26 [00:30<00:00,  1.17s/it]
2026-05-19 02:33:46,842 [INFO] network run in 38.65s
2026-05-19 02:33:46,842 [INFO] 
2026-05-19 02:33:46,842 [INFO] 0%|          | 0/101 [00:00<?, ?it/s]
2026-05-19 02:33:46,842 [INFO] [A
2026-05-19 02:34:19,093 [INFO] 
2026-05-19 02:34:19,096 [INFO] 14%|#3        | 14/101 [00:32<03:20,  2.30s/it]
2026-05-19 02:34:19,096 [INFO] [A
2026-05-19 02:34:36,029 [INFO] 
2026-05-19 02:34:36,030 [INFO] 14%|#3        | 14/101 [00:49<03:20,  2.30s/it]
2026-05-19 02:34:36,030 [INFO] [A
2026-05-19 02:34:50,874 [INFO] 
2026-05-19 02:34:50,874 [INFO] 28%|##7       | 28/101 [01:04<02:46,  2.28s/it]
2026-05-19 02:34:50,874 [INFO] [A
2026-05-19 02:35:06,031 [INFO] 
2026-05-19 02:35:06,032 [INFO] 28%|##7       | 28/101 [01:19<02:46,  2.28s/it]
2026-05-19 02:35:06,032 [INFO] [A
2026-05-19 02:35:22,513 [INFO] 
2026-05-19 02:35:22,513 [INFO] 42%|####1     | 42/101 [01:35<02:14,  2.27s/it]
2026-05-19 02:35:22,513 [INFO] [A
2026-05-19 02:35:36,033 [INFO] 
2026-05-19 02:35:36,034 [INFO] 42%|####1     | 42/101 [01:49<02:14,  2.27s/it]
2026-05-19 02:35:36,034 [INFO] [A
2026-05-19 02:35:53,625 [INFO] 
2026-05-19 02:35:53,625 [INFO] 55%|#####5    | 56/101 [02:06<01:41,  2.25s/it]
2026-05-19 02:35:53,625 [INFO] [A
2026-05-19 02:36:06,036 [INFO] 
2026-05-19 02:36:06,036 [INFO] 55%|#####5    | 56/101 [02:19<01:41,  2.25s/it]
2026-05-19 02:36:06,036 [INFO] [A
2026-05-19 02:36:24,946 [INFO] 
2026-05-19 02:36:24,946 [INFO] 70%|#######   | 71/101 [02:38<01:05,  2.19s/it]
2026-05-19 02:36:24,946 [INFO] [A
2026-05-19 02:36:36,038 [INFO] 
2026-05-19 02:36:36,038 [INFO] 70%|#######   | 71/101 [02:49<01:05,  2.19s/it]
2026-05-19 02:36:36,038 [INFO] [A
2026-05-19 02:36:55,622 [INFO] 
2026-05-19 02:36:55,625 [INFO] 91%|#########1| 92/101 [03:08<00:16,  1.88s/it]
2026-05-19 02:36:55,625 [INFO] [A
2026-05-19 02:37:02,974 [INFO] 100%|##########| 101/101 [03:16<00:00,  1.94s/it]
2026-05-19 02:37:02,977 [INFO] stitching 101 planes using stitch_threshold=0.500 to make 3D masks
2026-05-19 02:38:17,183 [INFO] masks created in 270.34s
2026-05-19 02:39:26,579 [INFO] >>>> TOTAL TIME 388.00 sec
2026-05-19 02:39:32,492 [INFO] 100%|##########| 1/1 [06:36<00:00, 396.47s/it]
2026-05-19 02:39:32,493 [INFO] 100%|##########| 1/1 [06:36<00:00, 396.47s/it]
2026-05-19 02:39:32,493 [INFO] >>>> completed in 396.829 sec
