2026-05-19 02:15:26,701 [INFO] WRITING LOG OUTPUT TO /scicore/home/basler/basler0004/.cellpose/run.log
2026-05-19 02:15:26,703 [INFO] 
cellpose version: 	3.1.1.3 
platform:       	linux 
python version: 	3.11.15 
torch version:  	2.4.1+cu121
2026-05-19 02:15:26,971 [INFO] ** TORCH CUDA version installed and working. **
2026-05-19 02:15:26,972 [INFO] >>>> using GPU (CUDA)
2026-05-19 02:15:26,975 [INFO] >>>> running cellpose on 1 images using chan_to_seg GRAY and chan (opt) NONE
2026-05-19 02:15:26,976 [INFO] ** TORCH CUDA version installed and working. **
2026-05-19 02:15:26,976 [INFO] >>>> using GPU (CUDA)
2026-05-19 02:15:26,976 [INFO] >> cyto3 << model set to be used
2026-05-19 02:15:27,079 [INFO] >>>> loading model /scicore/home/basler/basler0004/.cellpose/models/cyto3
2026-05-19 02:15:27,425 [INFO] >>>> model diam_mean =  30.000 (ROIs rescaled to this size during training)
2026-05-19 02:15:27,428 [INFO] >>>> using diameter 76.271 for all images
2026-05-19 02:15:27,430 [INFO] 0%|          | 0/1 [00:00<?, ?it/s]
2026-05-19 02:15:27,476 [INFO] reading tiff with 101 planes
2026-05-19 02:15:30,501 [INFO] channels set to [0, 0]
2026-05-19 02:15:30,501 [INFO] ~~~ FINDING MASKS ~~~
2026-05-19 02:15:30,501 [INFO] multi-stack tiff read in as having 101 planes 1 channels
2026-05-19 02:15:39,929 [INFO] 
2026-05-19 02:15:39,929 [INFO] 0%|          | 0/34 [00:00<?, ?it/s]
2026-05-19 02:15:39,929 [INFO] [A
2026-05-19 02:16:10,135 [INFO] 
2026-05-19 02:16:10,137 [INFO] 100%|##########| 34/34 [00:30<00:00,  1.13it/s]
2026-05-19 02:16:10,138 [INFO] [A
2026-05-19 02:16:10,138 [INFO] 100%|##########| 34/34 [00:30<00:00,  1.13it/s]
2026-05-19 02:16:18,256 [INFO] network run in 38.33s
2026-05-19 02:16:18,257 [INFO] 
2026-05-19 02:16:18,257 [INFO] 0%|          | 0/101 [00:00<?, ?it/s]
2026-05-19 02:16:18,257 [INFO] [A
2026-05-19 02:16:48,275 [INFO] 
2026-05-19 02:16:48,275 [INFO] 13%|#2        | 13/101 [00:30<03:23,  2.31s/it]
2026-05-19 02:16:48,275 [INFO] [A
2026-05-19 02:17:07,433 [INFO] 
2026-05-19 02:17:07,434 [INFO] 13%|#2        | 13/101 [00:49<03:23,  2.31s/it]
2026-05-19 02:17:07,434 [INFO] [A
2026-05-19 02:17:19,999 [INFO] 
2026-05-19 02:17:20,000 [INFO] 27%|##6       | 27/101 [01:01<02:48,  2.28s/it]
2026-05-19 02:17:20,000 [INFO] [A
2026-05-19 02:17:37,435 [INFO] 
2026-05-19 02:17:37,436 [INFO] 27%|##6       | 27/101 [01:19<02:48,  2.28s/it]
2026-05-19 02:17:37,436 [INFO] [A
2026-05-19 02:17:51,586 [INFO] 
2026-05-19 02:17:51,586 [INFO] 41%|####      | 41/101 [01:33<02:16,  2.27s/it]
2026-05-19 02:17:51,586 [INFO] [A
2026-05-19 02:18:07,437 [INFO] 
2026-05-19 02:18:07,441 [INFO] 41%|####      | 41/101 [01:49<02:16,  2.27s/it]
2026-05-19 02:18:07,441 [INFO] [A
2026-05-19 02:18:23,228 [INFO] 
2026-05-19 02:18:23,231 [INFO] 54%|#####4    | 55/101 [02:04<01:44,  2.27s/it]
2026-05-19 02:18:23,231 [INFO] [A
2026-05-19 02:18:37,442 [INFO] 
2026-05-19 02:18:37,443 [INFO] 54%|#####4    | 55/101 [02:19<01:44,  2.27s/it]
2026-05-19 02:18:37,443 [INFO] [A
2026-05-19 02:18:54,995 [INFO] 
2026-05-19 02:18:54,995 [INFO] 69%|######9   | 70/101 [02:36<01:08,  2.21s/it]
2026-05-19 02:18:54,995 [INFO] [A
2026-05-19 02:19:07,445 [INFO] 
2026-05-19 02:19:07,446 [INFO] 69%|######9   | 70/101 [02:49<01:08,  2.21s/it]
2026-05-19 02:19:07,446 [INFO] [A
2026-05-19 02:19:25,594 [INFO] 
2026-05-19 02:19:25,595 [INFO] 89%|########9 | 90/101 [03:07<00:21,  1.92s/it]
2026-05-19 02:19:25,595 [INFO] [A
2026-05-19 02:19:35,010 [INFO] 100%|##########| 101/101 [03:16<00:00,  1.95s/it]
2026-05-19 02:19:35,010 [INFO] stitching 101 planes using stitch_threshold=0.500 to make 3D masks
2026-05-19 02:20:50,136 [INFO] masks created in 271.88s
2026-05-19 02:22:00,880 [INFO] >>>> TOTAL TIME 390.38 sec
2026-05-19 02:22:07,109 [INFO] 100%|##########| 1/1 [06:39<00:00, 399.68s/it]
2026-05-19 02:22:07,109 [INFO] 100%|##########| 1/1 [06:39<00:00, 399.68s/it]
2026-05-19 02:22:07,109 [INFO] >>>> completed in 400.137 sec
