2026-05-19 03:02:20,744 [INFO] WRITING LOG OUTPUT TO /scicore/home/basler/basler0004/.cellpose/run.log
2026-05-19 03:02:20,744 [INFO] 
cellpose version: 	3.1.1.3 
platform:       	linux 
python version: 	3.11.15 
torch version:  	2.4.1+cu121
2026-05-19 03:02:21,029 [INFO] ** TORCH CUDA version installed and working. **
2026-05-19 03:02:21,030 [INFO] >>>> using GPU (CUDA)
2026-05-19 03:02:21,030 [INFO] >>>> running cellpose on 1 images using chan_to_seg GRAY and chan (opt) NONE
2026-05-19 03:02:21,030 [INFO] >> deepbacs_cp3 << model set to be used
2026-05-19 03:02:21,112 [INFO] >>>> loading model /scicore/home/basler/basler0004/.cellpose/models/deepbacs_cp3
2026-05-19 03:02:21,327 [INFO] >>>> model diam_mean =  30.000 (ROIs rescaled to this size during training)
2026-05-19 03:02:21,327 [INFO] >>>> using diameter 6.000 for all images
2026-05-19 03:02:21,329 [INFO] 0%|          | 0/1 [00:00<?, ?it/s]
2026-05-19 03:02:21,381 [INFO] reading tiff with 101 planes
2026-05-19 03:02:27,358 [INFO] multi-stack tiff read in as having 101 planes 1 channels
2026-05-19 03:02:36,744 [INFO] 
2026-05-19 03:02:36,744 [INFO] 0%|          | 0/101 [00:00<?, ?it/s]
2026-05-19 03:02:36,744 [INFO] [A
2026-05-19 03:03:23,852 [INFO] 
2026-05-19 03:03:23,852 [INFO] 1%|          | 1/101 [00:47<1:18:30, 47.11s/it]
2026-05-19 03:03:23,852 [INFO] [A
2026-05-19 03:04:10,845 [INFO] 
2026-05-19 03:04:10,845 [INFO] 2%|1         | 2/101 [01:34<1:17:36, 47.04s/it]
2026-05-19 03:04:10,845 [INFO] [A
2026-05-19 03:04:57,823 [INFO] 
2026-05-19 03:04:57,824 [INFO] 3%|2         | 3/101 [02:21<1:16:47, 47.01s/it]
2026-05-19 03:04:57,824 [INFO] [A
2026-05-19 03:05:44,903 [INFO] 
2026-05-19 03:05:44,904 [INFO] 4%|3         | 4/101 [03:08<1:16:02, 47.04s/it]
2026-05-19 03:05:44,904 [INFO] [A
2026-05-19 03:06:32,519 [INFO] 
2026-05-19 03:06:32,522 [INFO] 5%|4         | 5/101 [03:55<1:15:35, 47.25s/it]
2026-05-19 03:06:32,522 [INFO] [A
2026-05-19 03:07:19,527 [INFO] 
2026-05-19 03:07:19,527 [INFO] 6%|5         | 6/101 [04:42<1:14:40, 47.17s/it]
2026-05-19 03:07:19,527 [INFO] [A
2026-05-19 03:08:07,810 [INFO] 
2026-05-19 03:08:07,810 [INFO] 7%|6         | 7/101 [05:31<1:14:27, 47.53s/it]
2026-05-19 03:08:07,811 [INFO] [A
2026-05-19 03:08:54,315 [INFO] 
2026-05-19 03:08:54,315 [INFO] 8%|7         | 8/101 [06:17<1:13:10, 47.20s/it]
2026-05-19 03:08:54,316 [INFO] [A
2026-05-19 03:09:41,323 [INFO] 
2026-05-19 03:09:41,323 [INFO] 9%|8         | 9/101 [07:04<1:12:17, 47.14s/it]
2026-05-19 03:09:41,323 [INFO] [A
2026-05-19 03:10:28,357 [INFO] 
2026-05-19 03:10:28,357 [INFO] 10%|9         | 10/101 [07:51<1:11:26, 47.11s/it]
2026-05-19 03:10:28,357 [INFO] [A
2026-05-19 03:11:15,001 [INFO] 
2026-05-19 03:11:15,002 [INFO] 11%|#         | 11/101 [08:38<1:10:27, 46.97s/it]
2026-05-19 03:11:15,002 [INFO] [A
2026-05-19 03:12:01,937 [INFO] 
2026-05-19 03:12:01,938 [INFO] 12%|#1        | 12/101 [09:25<1:09:39, 46.96s/it]
2026-05-19 03:12:01,938 [INFO] [A
2026-05-19 03:12:49,435 [INFO] 
2026-05-19 03:12:49,435 [INFO] 13%|#2        | 13/101 [10:12<1:09:06, 47.12s/it]
2026-05-19 03:12:49,435 [INFO] [A
2026-05-19 03:13:35,963 [INFO] 
2026-05-19 03:13:35,963 [INFO] 14%|#3        | 14/101 [10:59<1:08:03, 46.94s/it]
2026-05-19 03:13:35,963 [INFO] [A
2026-05-19 03:14:23,704 [INFO] 
2026-05-19 03:14:23,704 [INFO] 15%|#4        | 15/101 [11:46<1:07:37, 47.18s/it]
2026-05-19 03:14:23,704 [INFO] [A
2026-05-19 03:15:10,432 [INFO] 
2026-05-19 03:15:10,433 [INFO] 16%|#5        | 16/101 [12:33<1:06:38, 47.05s/it]
2026-05-19 03:15:10,433 [INFO] [A
2026-05-19 03:15:57,661 [INFO] 
2026-05-19 03:15:57,661 [INFO] 17%|#6        | 17/101 [13:20<1:05:56, 47.10s/it]
2026-05-19 03:15:57,661 [INFO] [A
2026-05-19 03:16:44,634 [INFO] 
2026-05-19 03:16:44,634 [INFO] 18%|#7        | 18/101 [14:07<1:05:06, 47.06s/it]
2026-05-19 03:16:44,634 [INFO] [A
2026-05-19 03:17:32,024 [INFO] 
2026-05-19 03:17:32,025 [INFO] 19%|#8        | 19/101 [14:55<1:04:27, 47.16s/it]
2026-05-19 03:17:32,025 [INFO] [A
2026-05-19 03:18:19,037 [INFO] 
2026-05-19 03:18:19,038 [INFO] 20%|#9        | 20/101 [15:42<1:03:36, 47.12s/it]
2026-05-19 03:18:19,038 [INFO] [A
2026-05-19 03:19:06,440 [INFO] 
2026-05-19 03:19:06,441 [INFO] 21%|##        | 21/101 [16:29<1:02:56, 47.20s/it]
2026-05-19 03:19:06,441 [INFO] [A
2026-05-19 03:19:53,706 [INFO] 
2026-05-19 03:19:53,707 [INFO] 22%|##1       | 22/101 [17:16<1:02:10, 47.22s/it]
2026-05-19 03:19:53,707 [INFO] [A
2026-05-19 03:20:41,599 [INFO] 
2026-05-19 03:20:41,599 [INFO] 23%|##2       | 23/101 [18:04<1:01:38, 47.42s/it]
2026-05-19 03:20:41,599 [INFO] [A
2026-05-19 03:21:28,655 [INFO] 
2026-05-19 03:21:28,655 [INFO] 24%|##3       | 24/101 [18:51<1:00:43, 47.31s/it]
2026-05-19 03:21:28,655 [INFO] [A
2026-05-19 03:22:16,168 [INFO] 
2026-05-19 03:22:16,168 [INFO] 25%|##4       | 25/101 [19:39<1:00:00, 47.37s/it]
2026-05-19 03:22:16,168 [INFO] [A
2026-05-19 03:23:03,983 [INFO] 
2026-05-19 03:23:03,983 [INFO] 26%|##5       | 26/101 [20:27<59:22, 47.51s/it]
2026-05-19 03:23:03,983 [INFO] [A
2026-05-19 03:23:51,256 [INFO] 
2026-05-19 03:23:51,257 [INFO] 27%|##6       | 27/101 [21:14<58:30, 47.44s/it]
2026-05-19 03:23:51,257 [INFO] [A
2026-05-19 03:24:38,556 [INFO] 
2026-05-19 03:24:38,557 [INFO] 28%|##7       | 28/101 [22:01<57:39, 47.40s/it]
2026-05-19 03:24:38,557 [INFO] [A
2026-05-19 03:25:25,892 [INFO] 
2026-05-19 03:25:25,892 [INFO] 29%|##8       | 29/101 [22:49<56:51, 47.38s/it]
2026-05-19 03:25:25,892 [INFO] [A
2026-05-19 03:26:13,736 [INFO] 
2026-05-19 03:26:13,736 [INFO] 30%|##9       | 30/101 [23:36<56:13, 47.52s/it]
2026-05-19 03:26:13,736 [INFO] [A
2026-05-19 03:27:01,107 [INFO] 
2026-05-19 03:27:01,107 [INFO] 31%|###       | 31/101 [24:24<55:23, 47.47s/it]
2026-05-19 03:27:01,107 [INFO] [A
2026-05-19 03:27:49,467 [INFO] 
2026-05-19 03:27:49,467 [INFO] 32%|###1      | 32/101 [25:12<54:54, 47.74s/it]
2026-05-19 03:27:49,467 [INFO] [A
2026-05-19 03:28:36,653 [INFO] 
2026-05-19 03:28:36,653 [INFO] 33%|###2      | 33/101 [25:59<53:54, 47.57s/it]
2026-05-19 03:28:36,653 [INFO] [A
2026-05-19 03:29:24,103 [INFO] 
2026-05-19 03:29:24,103 [INFO] 34%|###3      | 34/101 [26:47<53:04, 47.54s/it]
2026-05-19 03:29:24,103 [INFO] [A
2026-05-19 03:30:11,979 [INFO] 
2026-05-19 03:30:11,979 [INFO] 35%|###4      | 35/101 [27:35<52:24, 47.64s/it]
2026-05-19 03:30:11,979 [INFO] [A
2026-05-19 03:30:59,771 [INFO] 
2026-05-19 03:30:59,772 [INFO] 36%|###5      | 36/101 [28:23<51:39, 47.68s/it]
2026-05-19 03:30:59,772 [INFO] [A
2026-05-19 03:31:47,782 [INFO] 
2026-05-19 03:31:47,783 [INFO] 37%|###6      | 37/101 [29:11<50:58, 47.78s/it]
2026-05-19 03:31:47,783 [INFO] [A
2026-05-19 03:32:36,255 [INFO] 
2026-05-19 03:32:36,255 [INFO] 38%|###7      | 38/101 [29:59<50:23, 47.99s/it]
2026-05-19 03:32:36,256 [INFO] [A
2026-05-19 03:33:24,244 [INFO] 
2026-05-19 03:33:24,244 [INFO] 39%|###8      | 39/101 [30:47<49:35, 47.99s/it]
2026-05-19 03:33:24,244 [INFO] [A
2026-05-19 03:34:12,283 [INFO] 
2026-05-19 03:34:12,284 [INFO] 40%|###9      | 40/101 [31:35<48:48, 48.00s/it]
2026-05-19 03:34:12,284 [INFO] [A
2026-05-19 03:35:00,742 [INFO] 
2026-05-19 03:35:00,742 [INFO] 41%|####      | 41/101 [32:23<48:08, 48.14s/it]
2026-05-19 03:35:00,742 [INFO] [A
2026-05-19 03:35:48,681 [INFO] 
2026-05-19 03:35:48,681 [INFO] 42%|####1     | 42/101 [33:11<47:16, 48.08s/it]
2026-05-19 03:35:48,681 [INFO] [A
2026-05-19 03:36:36,590 [INFO] 
2026-05-19 03:36:36,590 [INFO] 43%|####2     | 43/101 [33:59<46:25, 48.03s/it]
2026-05-19 03:36:36,590 [INFO] [A
2026-05-19 03:37:24,195 [INFO] 
2026-05-19 03:37:24,196 [INFO] 44%|####3     | 44/101 [34:47<45:30, 47.90s/it]
2026-05-19 03:37:24,196 [INFO] [A
2026-05-19 03:38:12,180 [INFO] 
2026-05-19 03:38:12,181 [INFO] 45%|####4     | 45/101 [35:35<44:43, 47.93s/it]
2026-05-19 03:38:12,181 [INFO] [A
2026-05-19 03:39:00,649 [INFO] 
2026-05-19 03:39:00,649 [INFO] 46%|####5     | 46/101 [36:23<44:04, 48.09s/it]
2026-05-19 03:39:00,649 [INFO] [A
2026-05-19 03:39:48,259 [INFO] 
2026-05-19 03:39:48,260 [INFO] 47%|####6     | 47/101 [37:11<43:09, 47.95s/it]
2026-05-19 03:39:48,260 [INFO] [A
2026-05-19 03:40:36,613 [INFO] 
2026-05-19 03:40:36,613 [INFO] 48%|####7     | 48/101 [37:59<42:27, 48.07s/it]
2026-05-19 03:40:36,613 [INFO] [A
2026-05-19 03:41:24,340 [INFO] 
2026-05-19 03:41:24,341 [INFO] 49%|####8     | 49/101 [38:47<41:34, 47.97s/it]
2026-05-19 03:41:24,341 [INFO] [A
2026-05-19 03:42:12,521 [INFO] 
2026-05-19 03:42:12,522 [INFO] 50%|####9     | 50/101 [39:35<40:49, 48.03s/it]
2026-05-19 03:42:12,522 [INFO] [A
2026-05-19 03:43:00,329 [INFO] 
2026-05-19 03:43:00,329 [INFO] 50%|#####     | 51/101 [40:23<39:58, 47.96s/it]
2026-05-19 03:43:00,329 [INFO] [A
