2026-05-19 02:12:35,298 [INFO] WRITING LOG OUTPUT TO /scicore/home/basler/basler0004/.cellpose/run.log
2026-05-19 02:12:35,298 [INFO] 
cellpose version: 	3.1.1.3 
platform:       	linux 
python version: 	3.11.15 
torch version:  	2.4.1+cu121
2026-05-19 02:12:35,552 [INFO] ** TORCH CUDA version installed and working. **
2026-05-19 02:12:35,553 [INFO] >>>> using GPU (CUDA)
2026-05-19 02:12:35,553 [INFO] >>>> running cellpose on 1 images using chan_to_seg GRAY and chan (opt) NONE
2026-05-19 02:12:35,553 [INFO] >> deepbacs_cp3 << model set to be used
2026-05-19 02:12:35,635 [INFO] >>>> loading model /scicore/home/basler/basler0004/.cellpose/models/deepbacs_cp3
2026-05-19 02:12:35,855 [INFO] >>>> model diam_mean =  30.000 (ROIs rescaled to this size during training)
2026-05-19 02:12:35,856 [INFO] >>>> using diameter 6.000 for all images
2026-05-19 02:12:35,858 [INFO] 0%|          | 0/1 [00:00<?, ?it/s]
2026-05-19 02:12:35,886 [INFO] reading tiff with 101 planes
2026-05-19 02:12:41,978 [INFO] multi-stack tiff read in as having 101 planes 1 channels
2026-05-19 02:12:51,137 [INFO] 
2026-05-19 02:12:51,137 [INFO] 0%|          | 0/101 [00:00<?, ?it/s]
2026-05-19 02:12:51,137 [INFO] [A
2026-05-19 02:13:37,301 [INFO] 
2026-05-19 02:13:37,301 [INFO] 1%|          | 1/101 [00:46<1:16:56, 46.16s/it]
2026-05-19 02:13:37,301 [INFO] [A
2026-05-19 02:14:24,063 [INFO] 
2026-05-19 02:14:24,064 [INFO] 2%|1         | 2/101 [01:32<1:16:45, 46.52s/it]
2026-05-19 02:14:24,064 [INFO] [A
2026-05-19 02:15:11,467 [INFO] 
2026-05-19 02:15:11,467 [INFO] 3%|2         | 3/101 [02:20<1:16:38, 46.92s/it]
2026-05-19 02:15:11,467 [INFO] [A
2026-05-19 02:15:58,821 [INFO] 
2026-05-19 02:15:58,823 [INFO] 4%|3         | 4/101 [03:07<1:16:07, 47.09s/it]
2026-05-19 02:15:58,824 [INFO] [A
2026-05-19 02:16:45,817 [INFO] 
2026-05-19 02:16:45,823 [INFO] 5%|4         | 5/101 [03:54<1:15:17, 47.06s/it]
2026-05-19 02:16:45,824 [INFO] [A
2026-05-19 02:17:33,537 [INFO] 
2026-05-19 02:17:33,537 [INFO] 6%|5         | 6/101 [04:42<1:14:51, 47.28s/it]
2026-05-19 02:17:33,537 [INFO] [A
2026-05-19 02:18:20,593 [INFO] 
2026-05-19 02:18:20,595 [INFO] 7%|6         | 7/101 [05:29<1:13:57, 47.21s/it]
2026-05-19 02:18:20,596 [INFO] [A
2026-05-19 02:19:07,844 [INFO] 
2026-05-19 02:19:07,844 [INFO] 8%|7         | 8/101 [06:16<1:13:11, 47.22s/it]
2026-05-19 02:19:07,844 [INFO] [A
2026-05-19 02:19:55,453 [INFO] 
2026-05-19 02:19:55,453 [INFO] 9%|8         | 9/101 [07:04<1:12:35, 47.34s/it]
2026-05-19 02:19:55,453 [INFO] [A
2026-05-19 02:20:42,716 [INFO] 
2026-05-19 02:20:42,716 [INFO] 10%|9         | 10/101 [07:51<1:11:45, 47.32s/it]
2026-05-19 02:20:42,716 [INFO] [A
2026-05-19 02:21:30,335 [INFO] 
2026-05-19 02:21:30,335 [INFO] 11%|#         | 11/101 [08:39<1:11:06, 47.41s/it]
2026-05-19 02:21:30,335 [INFO] [A
2026-05-19 02:22:17,730 [INFO] 
2026-05-19 02:22:17,731 [INFO] 12%|#1        | 12/101 [09:26<1:10:19, 47.41s/it]
2026-05-19 02:22:17,731 [INFO] [A
2026-05-19 02:23:04,636 [INFO] 
2026-05-19 02:23:04,636 [INFO] 13%|#2        | 13/101 [10:13<1:09:18, 47.25s/it]
2026-05-19 02:23:04,636 [INFO] [A
2026-05-19 02:23:51,163 [INFO] 
2026-05-19 02:23:51,163 [INFO] 14%|#3        | 14/101 [11:00<1:08:12, 47.03s/it]
2026-05-19 02:23:51,163 [INFO] [A
2026-05-19 02:24:37,814 [INFO] 
2026-05-19 02:24:37,815 [INFO] 15%|#4        | 15/101 [11:46<1:07:15, 46.92s/it]
2026-05-19 02:24:37,815 [INFO] [A
2026-05-19 02:25:25,416 [INFO] 
2026-05-19 02:25:25,416 [INFO] 16%|#5        | 16/101 [12:34<1:06:45, 47.12s/it]
2026-05-19 02:25:25,416 [INFO] [A
2026-05-19 02:26:12,271 [INFO] 
2026-05-19 02:26:12,271 [INFO] 17%|#6        | 17/101 [13:21<1:05:51, 47.04s/it]
2026-05-19 02:26:12,271 [INFO] [A
2026-05-19 02:26:59,270 [INFO] 
2026-05-19 02:26:59,271 [INFO] 18%|#7        | 18/101 [14:08<1:05:03, 47.03s/it]
2026-05-19 02:26:59,271 [INFO] [A
2026-05-19 02:27:46,322 [INFO] 
2026-05-19 02:27:46,322 [INFO] 19%|#8        | 19/101 [14:55<1:04:17, 47.04s/it]
2026-05-19 02:27:46,322 [INFO] [A
2026-05-19 02:28:33,496 [INFO] 
2026-05-19 02:28:33,496 [INFO] 20%|#9        | 20/101 [15:42<1:03:33, 47.08s/it]
2026-05-19 02:28:33,496 [INFO] [A
2026-05-19 02:29:20,608 [INFO] 
2026-05-19 02:29:20,609 [INFO] 21%|##        | 21/101 [16:29<1:02:47, 47.09s/it]
2026-05-19 02:29:20,609 [INFO] [A
2026-05-19 02:30:08,584 [INFO] 
2026-05-19 02:30:08,584 [INFO] 22%|##1       | 22/101 [17:17<1:02:21, 47.35s/it]
2026-05-19 02:30:08,585 [INFO] [A
2026-05-19 02:30:56,498 [INFO] 
2026-05-19 02:30:56,499 [INFO] 23%|##2       | 23/101 [18:05<1:01:46, 47.52s/it]
2026-05-19 02:30:56,499 [INFO] [A
2026-05-19 02:31:44,400 [INFO] 
2026-05-19 02:31:44,402 [INFO] 24%|##3       | 24/101 [18:53<1:01:07, 47.64s/it]
2026-05-19 02:31:44,402 [INFO] [A
2026-05-19 02:32:32,131 [INFO] 
2026-05-19 02:32:32,133 [INFO] 25%|##4       | 25/101 [19:40<1:00:22, 47.66s/it]
2026-05-19 02:32:32,134 [INFO] [A
2026-05-19 02:33:20,306 [INFO] 
2026-05-19 02:33:20,308 [INFO] 26%|##5       | 26/101 [20:29<59:46, 47.82s/it]
2026-05-19 02:33:20,308 [INFO] [A
2026-05-19 02:34:08,391 [INFO] 
2026-05-19 02:34:08,393 [INFO] 27%|##6       | 27/101 [21:17<59:04, 47.90s/it]
2026-05-19 02:34:08,393 [INFO] [A
2026-05-19 02:34:57,168 [INFO] 
2026-05-19 02:34:57,169 [INFO] 28%|##7       | 28/101 [22:06<58:35, 48.16s/it]
2026-05-19 02:34:57,169 [INFO] [A
2026-05-19 02:35:44,723 [INFO] 
2026-05-19 02:35:44,723 [INFO] 29%|##8       | 29/101 [22:53<57:34, 47.98s/it]
2026-05-19 02:35:44,723 [INFO] [A
2026-05-19 02:36:33,225 [INFO] 
2026-05-19 02:36:33,225 [INFO] 30%|##9       | 30/101 [23:42<56:57, 48.14s/it]
2026-05-19 02:36:33,225 [INFO] [A
2026-05-19 02:37:20,840 [INFO] 
2026-05-19 02:37:20,841 [INFO] 31%|###       | 31/101 [24:29<55:58, 47.98s/it]
2026-05-19 02:37:20,842 [INFO] [A
2026-05-19 02:38:09,611 [INFO] 
2026-05-19 02:38:09,611 [INFO] 32%|###1      | 32/101 [25:18<55:26, 48.22s/it]
2026-05-19 02:38:09,611 [INFO] [A
2026-05-19 02:38:58,041 [INFO] 
2026-05-19 02:38:58,041 [INFO] 33%|###2      | 33/101 [26:06<54:43, 48.28s/it]
2026-05-19 02:38:58,041 [INFO] [A
2026-05-19 02:39:45,774 [INFO] 
2026-05-19 02:39:45,776 [INFO] 34%|###3      | 34/101 [26:54<53:43, 48.12s/it]
2026-05-19 02:39:45,776 [INFO] [A
2026-05-19 02:40:33,293 [INFO] 
2026-05-19 02:40:33,293 [INFO] 35%|###4      | 35/101 [27:42<52:43, 47.94s/it]
2026-05-19 02:40:33,293 [INFO] [A
2026-05-19 02:41:21,566 [INFO] 
2026-05-19 02:41:21,567 [INFO] 36%|###5      | 36/101 [28:30<52:02, 48.04s/it]
2026-05-19 02:41:21,567 [INFO] [A
2026-05-19 02:42:09,516 [INFO] 
2026-05-19 02:42:09,517 [INFO] 37%|###6      | 37/101 [29:18<51:12, 48.01s/it]
2026-05-19 02:42:09,517 [INFO] [A
2026-05-19 02:42:57,944 [INFO] 
2026-05-19 02:42:57,944 [INFO] 38%|###7      | 38/101 [30:06<50:32, 48.14s/it]
2026-05-19 02:42:57,944 [INFO] [A
2026-05-19 02:43:45,666 [INFO] 
2026-05-19 02:43:45,667 [INFO] 39%|###8      | 39/101 [30:54<49:36, 48.01s/it]
2026-05-19 02:43:45,667 [INFO] [A
2026-05-19 02:44:33,491 [INFO] 
2026-05-19 02:44:33,492 [INFO] 40%|###9      | 40/101 [31:42<48:45, 47.96s/it]
2026-05-19 02:44:33,492 [INFO] [A
2026-05-19 02:45:20,939 [INFO] 
2026-05-19 02:45:20,940 [INFO] 41%|####      | 41/101 [32:29<47:48, 47.80s/it]
2026-05-19 02:45:20,940 [INFO] [A
2026-05-19 02:46:08,512 [INFO] 
2026-05-19 02:46:08,513 [INFO] 42%|####1     | 42/101 [33:17<46:56, 47.73s/it]
2026-05-19 02:46:08,513 [INFO] [A
2026-05-19 02:46:55,974 [INFO] 
2026-05-19 02:46:55,975 [INFO] 43%|####2     | 43/101 [34:04<46:03, 47.65s/it]
2026-05-19 02:46:55,975 [INFO] [A
2026-05-19 02:47:43,665 [INFO] 
2026-05-19 02:47:43,666 [INFO] 44%|####3     | 44/101 [34:52<45:16, 47.66s/it]
2026-05-19 02:47:43,666 [INFO] [A
2026-05-19 02:48:31,131 [INFO] 
2026-05-19 02:48:31,132 [INFO] 45%|####4     | 45/101 [35:39<44:25, 47.60s/it]
2026-05-19 02:48:31,132 [INFO] [A
2026-05-19 02:49:18,690 [INFO] 
2026-05-19 02:49:18,691 [INFO] 46%|####5     | 46/101 [36:27<43:37, 47.59s/it]
2026-05-19 02:49:18,691 [INFO] [A
2026-05-19 02:50:05,922 [INFO] 
2026-05-19 02:50:05,923 [INFO] 47%|####6     | 47/101 [37:14<42:44, 47.48s/it]
2026-05-19 02:50:05,923 [INFO] [A
2026-05-19 02:50:53,396 [INFO] 
2026-05-19 02:50:53,397 [INFO] 48%|####7     | 48/101 [38:02<41:56, 47.48s/it]
2026-05-19 02:50:53,397 [INFO] [A
2026-05-19 02:51:41,093 [INFO] 
2026-05-19 02:51:41,095 [INFO] 49%|####8     | 49/101 [38:49<41:12, 47.55s/it]
2026-05-19 02:51:41,095 [INFO] [A
2026-05-19 02:52:28,692 [INFO] 
2026-05-19 02:52:28,695 [INFO] 50%|####9     | 50/101 [39:37<40:25, 47.56s/it]
2026-05-19 02:52:28,695 [INFO] [A
2026-05-19 02:53:16,520 [INFO] 
2026-05-19 02:53:16,520 [INFO] 50%|#####     | 51/101 [40:25<39:42, 47.64s/it]
2026-05-19 02:53:16,520 [INFO] [A
