2026-05-19 02:39:56,517 [INFO] WRITING LOG OUTPUT TO /scicore/home/basler/basler0004/.cellpose/run.log
2026-05-19 02:39:56,517 [INFO] 
cellpose version: 	3.1.1.3 
platform:       	linux 
python version: 	3.11.15 
torch version:  	2.4.1+cu121
2026-05-19 02:39:56,797 [INFO] ** TORCH CUDA version installed and working. **
2026-05-19 02:39:56,797 [INFO] >>>> using GPU (CUDA)
2026-05-19 02:39:56,798 [INFO] >>>> running cellpose on 1 images using chan_to_seg GRAY and chan (opt) NONE
2026-05-19 02:39:56,798 [INFO] ** TORCH CUDA version installed and working. **
2026-05-19 02:39:56,798 [INFO] >>>> using GPU (CUDA)
2026-05-19 02:39:56,798 [INFO] >> nuclei << model set to be used
2026-05-19 02:39:56,904 [INFO] >>>> loading model /scicore/home/basler/basler0004/.cellpose/models/nucleitorch_0
2026-05-19 02:39:57,049 [INFO] >>>> model diam_mean =  17.000 (ROIs rescaled to this size during training)
2026-05-19 02:39:57,050 [INFO] >>>> using diameter 60.000 for all images
2026-05-19 02:39:57,052 [INFO] 0%|          | 0/1 [00:00<?, ?it/s]
2026-05-19 02:39:57,093 [INFO] reading tiff with 101 planes
2026-05-19 02:40:00,683 [INFO] channels set to [0, 0]
2026-05-19 02:40:00,683 [INFO] ~~~ FINDING MASKS ~~~
2026-05-19 02:40:00,683 [INFO] multi-stack tiff read in as having 101 planes 1 channels
2026-05-19 02:40:09,953 [INFO] 
2026-05-19 02:40:09,954 [INFO] 0%|          | 0/21 [00:00<?, ?it/s]
2026-05-19 02:40:09,954 [INFO] [A
2026-05-19 02:40:30,231 [INFO] 100%|##########| 21/21 [00:20<00:00,  1.04it/s]
2026-05-19 02:40:37,913 [INFO] network run in 27.96s
2026-05-19 02:40:37,914 [INFO] 
2026-05-19 02:40:37,914 [INFO] 0%|          | 0/101 [00:00<?, ?it/s]
2026-05-19 02:40:37,914 [INFO] [A
2026-05-19 02:41:08,658 [INFO] 
2026-05-19 02:41:08,659 [INFO] 37%|###6      | 37/101 [00:30<00:53,  1.20it/s]
2026-05-19 02:41:08,659 [INFO] [A
2026-05-19 02:41:27,054 [INFO] 
2026-05-19 02:41:27,054 [INFO] 37%|###6      | 37/101 [00:49<00:53,  1.20it/s]
2026-05-19 02:41:27,054 [INFO] [A
2026-05-19 02:41:38,751 [INFO] 
2026-05-19 02:41:38,751 [INFO] 85%|########5 | 86/101 [01:00<00:10,  1.45it/s]
2026-05-19 02:41:38,751 [INFO] [A
2026-05-19 02:41:44,628 [INFO] 100%|##########| 101/101 [01:06<00:00,  1.51it/s]
2026-05-19 02:41:44,629 [INFO] stitching 101 planes using stitch_threshold=0.500 to make 3D masks
2026-05-19 02:42:07,822 [INFO] masks created in 89.91s
2026-05-19 02:43:21,631 [INFO] >>>> TOTAL TIME 200.95 sec
2026-05-19 02:43:26,382 [INFO] 100%|##########| 1/1 [03:29<00:00, 209.33s/it]
2026-05-19 02:43:26,382 [INFO] 100%|##########| 1/1 [03:29<00:00, 209.33s/it]
2026-05-19 02:43:26,382 [INFO] >>>> completed in 209.584 sec
