2026-05-19 02:10:08,794 [INFO] WRITING LOG OUTPUT TO /scicore/home/basler/basler0004/.cellpose/run.log
2026-05-19 02:10:08,794 [INFO] 
cellpose version: 	3.1.1.3 
platform:       	linux 
python version: 	3.11.15 
torch version:  	2.4.1+cu121
2026-05-19 02:10:09,050 [INFO] ** TORCH CUDA version installed and working. **
2026-05-19 02:10:09,050 [INFO] >>>> using GPU (CUDA)
2026-05-19 02:10:09,051 [INFO] >>>> running cellpose on 1 images using chan_to_seg GRAY and chan (opt) NONE
2026-05-19 02:10:09,051 [INFO] >> deepbacs_cp3 << model set to be used
2026-05-19 02:10:09,131 [INFO] >>>> loading model /scicore/home/basler/basler0004/.cellpose/models/deepbacs_cp3
2026-05-19 02:10:09,428 [INFO] >>>> model diam_mean =  30.000 (ROIs rescaled to this size during training)
2026-05-19 02:10:09,428 [INFO] >>>> using diameter 6.000 for all images
2026-05-19 02:10:09,429 [INFO] 0%|          | 0/1 [00:00<?, ?it/s]
2026-05-19 02:10:09,465 [INFO] reading tiff with 101 planes
2026-05-19 02:10:15,629 [INFO] multi-stack tiff read in as having 101 planes 1 channels
2026-05-19 02:10:24,996 [INFO] 
2026-05-19 02:10:24,996 [INFO] 0%|          | 0/101 [00:00<?, ?it/s]
2026-05-19 02:10:24,996 [INFO] [A
2026-05-19 02:11:11,245 [INFO] 
2026-05-19 02:11:11,248 [INFO] 1%|          | 1/101 [00:46<1:17:04, 46.25s/it]
2026-05-19 02:11:11,248 [INFO] [A
