2026-05-19 02:07:20,305 [INFO] WRITING LOG OUTPUT TO /scicore/home/basler/basler0004/.cellpose/run.log
2026-05-19 02:07:20,307 [INFO] 
cellpose version: 	3.1.1.3 
platform:       	linux 
python version: 	3.11.15 
torch version:  	2.4.1+cu121
2026-05-19 02:07:20,688 [INFO] ** TORCH CUDA version installed and working. **
2026-05-19 02:07:20,688 [INFO] >>>> using GPU (CUDA)
2026-05-19 02:07:20,698 [INFO] >>>> running cellpose on 1 images using chan_to_seg GRAY and chan (opt) NONE
2026-05-19 02:07:20,698 [INFO] >> deepbacs_cp3 << model set to be used
2026-05-19 02:07:20,868 [INFO] >>>> loading model /scicore/home/basler/basler0004/.cellpose/models/deepbacs_cp3
2026-05-19 02:07:21,278 [INFO] >>>> model diam_mean =  30.000 (ROIs rescaled to this size during training)
2026-05-19 02:07:21,278 [INFO] >>>> using diameter 6.000 for all images
2026-05-19 02:07:21,334 [INFO] 0%|          | 0/1 [00:00<?, ?it/s]
2026-05-19 02:07:21,393 [INFO] reading tiff with 101 planes
2026-05-19 02:07:28,004 [INFO] multi-stack tiff read in as having 101 planes 1 channels
2026-05-19 02:07:37,275 [INFO] 
2026-05-19 02:07:37,278 [INFO] 0%|          | 0/101 [00:00<?, ?it/s]
2026-05-19 02:07:37,278 [INFO] [A
2026-05-19 02:08:26,178 [INFO] 
2026-05-19 02:08:26,182 [INFO] 1%|          | 1/101 [00:48<1:21:29, 48.90s/it]
2026-05-19 02:08:26,182 [INFO] [A
2026-05-19 02:09:13,075 [INFO] 
2026-05-19 02:09:13,078 [INFO] 2%|1         | 2/101 [01:35<1:18:44, 47.72s/it]
2026-05-19 02:09:13,078 [INFO] [A
