PARAMS | Bacteria Sweep SAM | 32 | 6 | 0.6 | -2.0 | 0.5
2026-05-19 12:36:42,547 [INFO] WRITING LOG OUTPUT TO /scicore/home/basler/basler0004/.cellpose/run.log
2026-05-19 12:36:42,548 [INFO] 
cellpose version: 	4.1.1 
platform:       	linux 
python version: 	3.11.15 
torch version:  	2.4.1+cu121
2026-05-19 12:36:42,989 [INFO] ** TORCH CUDA version installed and working. **
2026-05-19 12:36:42,989 [INFO] >>>> using GPU (CUDA)
2026-05-19 12:36:42,989 [WARNING] the '--diam_mean' flag is deprecated in v4.0.1+ and no longer used
2026-05-19 12:36:42,989 [INFO] >>>> running cellpose on 1 images using all channels
2026-05-19 12:36:45,903 [INFO] >>>> loading model /scicore/home/basler/basler0004/.cellpose/models/cpsam
2026-05-19 12:36:46,906 [INFO] 0%|          | 0/1 [00:00<?, ?it/s]
2026-05-19 12:36:46,906 [INFO] loading image as 3D zstack
2026-05-19 12:36:46,908 [INFO] reading tiff with 101 planes
2026-05-19 12:37:08,271 [INFO] 
2026-05-19 12:37:08,271 [INFO] 0%|          | 0/101 [00:00<?, ?it/s]
2026-05-19 12:37:08,271 [INFO] [A
2026-05-19 12:48:08,209 [INFO] 
2026-05-19 12:48:08,210 [INFO] 1%|          | 1/101 [10:59<18:19:53, 659.94s/it]
2026-05-19 12:48:08,210 [INFO] [A
2026-05-19 12:59:08,909 [INFO] 
2026-05-19 12:59:08,910 [INFO] 2%|1         | 2/101 [22:00<18:09:38, 660.39s/it]
2026-05-19 12:59:08,910 [INFO] [A
2026-05-19 13:10:09,716 [INFO] 
2026-05-19 13:10:09,716 [INFO] 3%|2         | 3/101 [33:01<17:58:56, 660.58s/it]
2026-05-19 13:10:09,716 [INFO] [A
2026-05-19 13:21:10,863 [INFO] 
2026-05-19 13:21:10,864 [INFO] 4%|3         | 4/101 [44:02<17:48:17, 660.80s/it]
2026-05-19 13:21:10,864 [INFO] [A
2026-05-19 13:32:11,592 [INFO] 
2026-05-19 13:32:11,592 [INFO] 5%|4         | 5/101 [55:03<17:37:14, 660.78s/it]
2026-05-19 13:32:11,592 [INFO] [A
2026-05-19 13:43:12,367 [INFO] 
2026-05-19 13:43:12,368 [INFO] 6%|5         | 6/101 [1:06:04<17:26:13, 660.78s/it]
2026-05-19 13:43:12,368 [INFO] [A
2026-05-19 13:54:13,048 [INFO] 
2026-05-19 13:54:13,048 [INFO] 7%|6         | 7/101 [1:17:04<17:15:09, 660.74s/it]
2026-05-19 13:54:13,048 [INFO] [A
2026-05-19 14:05:15,060 [INFO] 
2026-05-19 14:05:15,061 [INFO] 8%|7         | 8/101 [1:28:06<17:04:46, 661.15s/it]
2026-05-19 14:05:15,061 [INFO] [A
2026-05-19 14:16:16,036 [INFO] 
2026-05-19 14:16:16,037 [INFO] 9%|8         | 9/101 [1:39:07<16:53:40, 661.09s/it]
2026-05-19 14:16:16,037 [INFO] [A
2026-05-19 14:27:16,811 [INFO] 
2026-05-19 14:27:16,812 [INFO] 10%|9         | 10/101 [1:50:08<16:42:30, 661.00s/it]
2026-05-19 14:27:16,812 [INFO] [A
2026-05-19 14:38:17,903 [INFO] 
2026-05-19 14:38:17,904 [INFO] 11%|#         | 11/101 [2:01:09<16:31:32, 661.03s/it]
2026-05-19 14:38:17,904 [INFO] [A
2026-05-19 14:49:18,774 [INFO] 
2026-05-19 14:49:18,777 [INFO] 12%|#1        | 12/101 [2:12:10<16:20:27, 660.98s/it]
2026-05-19 14:49:18,777 [INFO] [A
