PARAMS | Bacteria Sweep SAM | 32 | 6 | 0.4 | -1.0 | 0.5
2026-05-19 12:36:40,737 [INFO] WRITING LOG OUTPUT TO /scicore/home/basler/basler0004/.cellpose/run.log
2026-05-19 12:36:40,737 [INFO] 
cellpose version: 	4.1.1 
platform:       	linux 
python version: 	3.11.15 
torch version:  	2.4.1+cu121
2026-05-19 12:36:41,247 [INFO] ** TORCH CUDA version installed and working. **
2026-05-19 12:36:41,247 [INFO] >>>> using GPU (CUDA)
2026-05-19 12:36:41,247 [WARNING] the '--diam_mean' flag is deprecated in v4.0.1+ and no longer used
2026-05-19 12:36:41,248 [INFO] >>>> running cellpose on 1 images using all channels
2026-05-19 12:36:44,279 [INFO] >>>> loading model /scicore/home/basler/basler0004/.cellpose/models/cpsam
2026-05-19 12:36:45,480 [INFO] 0%|          | 0/1 [00:00<?, ?it/s]
2026-05-19 12:36:45,480 [INFO] loading image as 3D zstack
2026-05-19 12:36:45,483 [INFO] reading tiff with 101 planes
2026-05-19 12:37:09,565 [INFO] 
2026-05-19 12:37:09,565 [INFO] 0%|          | 0/101 [00:00<?, ?it/s]
2026-05-19 12:37:09,565 [INFO] [A
2026-05-19 12:50:37,927 [INFO] 
2026-05-19 12:50:37,927 [INFO] 1%|          | 1/101 [13:28<22:27:16, 808.36s/it]
2026-05-19 12:50:37,927 [INFO] [A
2026-05-19 13:04:14,325 [INFO] 
2026-05-19 13:04:14,326 [INFO] 2%|1         | 2/101 [27:04<22:21:35, 813.09s/it]
2026-05-19 13:04:14,326 [INFO] [A
2026-05-19 13:17:53,512 [INFO] 
2026-05-19 13:17:53,512 [INFO] 3%|2         | 3/101 [40:43<22:12:35, 815.87s/it]
2026-05-19 13:17:53,512 [INFO] [A
2026-05-19 13:31:30,983 [INFO] 
2026-05-19 13:31:30,983 [INFO] 4%|3         | 4/101 [54:21<22:00:00, 816.50s/it]
2026-05-19 13:31:30,983 [INFO] [A
2026-05-19 13:45:08,320 [INFO] 
2026-05-19 13:45:08,321 [INFO] 5%|4         | 5/101 [1:07:58<21:46:53, 816.80s/it]
2026-05-19 13:45:08,321 [INFO] [A
2026-05-19 13:58:43,209 [INFO] 
2026-05-19 13:58:43,209 [INFO] 6%|5         | 6/101 [1:21:33<21:32:14, 816.15s/it]
2026-05-19 13:58:43,209 [INFO] [A
2026-05-19 14:13:17,190 [INFO] 
2026-05-19 14:13:17,191 [INFO] 7%|6         | 7/101 [1:36:07<21:48:15, 835.06s/it]
2026-05-19 14:13:17,191 [INFO] [A
2026-05-19 14:26:59,488 [INFO] 
2026-05-19 14:26:59,488 [INFO] 8%|7         | 8/101 [1:49:49<21:28:02, 831.00s/it]
2026-05-19 14:26:59,488 [INFO] [A
2026-05-19 14:40:36,632 [INFO] 
2026-05-19 14:40:36,632 [INFO] 9%|8         | 9/101 [2:03:27<21:07:33, 826.67s/it]
2026-05-19 14:40:36,632 [INFO] [A
