PARAMS | Bacteria Sweep SAM | 32 | 6 | 0.6 | -1.0 | 0.5
2026-05-19 12:36:43,051 [INFO] WRITING LOG OUTPUT TO /scicore/home/basler/basler0004/.cellpose/run.log
2026-05-19 12:36:43,051 [INFO] 
cellpose version: 	4.1.1 
platform:       	linux 
python version: 	3.11.15 
torch version:  	2.4.1+cu121
2026-05-19 12:36:43,495 [INFO] ** TORCH CUDA version installed and working. **
2026-05-19 12:36:43,495 [INFO] >>>> using GPU (CUDA)
2026-05-19 12:36:43,495 [WARNING] the '--diam_mean' flag is deprecated in v4.0.1+ and no longer used
2026-05-19 12:36:43,495 [INFO] >>>> running cellpose on 1 images using all channels
2026-05-19 12:36:46,291 [INFO] >>>> loading model /scicore/home/basler/basler0004/.cellpose/models/cpsam
2026-05-19 12:36:47,240 [INFO] 0%|          | 0/1 [00:00<?, ?it/s]
2026-05-19 12:36:47,240 [INFO] loading image as 3D zstack
2026-05-19 12:36:47,243 [INFO] reading tiff with 101 planes
2026-05-19 12:37:08,393 [INFO] 
2026-05-19 12:37:08,394 [INFO] 0%|          | 0/101 [00:00<?, ?it/s]
2026-05-19 12:37:08,394 [INFO] [A
2026-05-19 12:47:25,211 [INFO] 
2026-05-19 12:47:25,211 [INFO] 1%|          | 1/101 [10:16<17:08:01, 616.82s/it]
2026-05-19 12:47:25,211 [INFO] [A
2026-05-19 12:57:43,511 [INFO] 
2026-05-19 12:57:43,512 [INFO] 2%|1         | 2/101 [20:35<16:59:11, 617.69s/it]
2026-05-19 12:57:43,512 [INFO] [A
2026-05-19 13:08:02,520 [INFO] 
2026-05-19 13:08:02,521 [INFO] 3%|2         | 3/101 [30:54<16:49:52, 618.29s/it]
2026-05-19 13:08:02,521 [INFO] [A
2026-05-19 13:18:21,431 [INFO] 
2026-05-19 13:18:21,431 [INFO] 4%|3         | 4/101 [41:13<16:39:58, 618.54s/it]
2026-05-19 13:18:21,431 [INFO] [A
2026-05-19 13:28:40,337 [INFO] 
2026-05-19 13:28:40,337 [INFO] 5%|4         | 5/101 [51:31<16:29:52, 618.67s/it]
2026-05-19 13:28:40,337 [INFO] [A
2026-05-19 13:38:58,757 [INFO] 
2026-05-19 13:38:58,757 [INFO] 6%|5         | 6/101 [1:01:50<16:19:25, 618.58s/it]
2026-05-19 13:38:58,757 [INFO] [A
2026-05-19 13:49:17,468 [INFO] 
2026-05-19 13:49:17,469 [INFO] 7%|6         | 7/101 [1:12:09<16:09:10, 618.63s/it]
2026-05-19 13:49:17,471 [INFO] [A
2026-05-19 13:59:36,240 [INFO] 
2026-05-19 13:59:36,240 [INFO] 8%|7         | 8/101 [1:22:27<15:58:56, 618.67s/it]
2026-05-19 13:59:36,241 [INFO] [A
2026-05-19 14:09:55,145 [INFO] 
2026-05-19 14:09:55,145 [INFO] 9%|8         | 9/101 [1:32:46<15:48:44, 618.75s/it]
2026-05-19 14:09:55,145 [INFO] [A
2026-05-19 14:20:14,529 [INFO] 
2026-05-19 14:20:14,530 [INFO] 10%|9         | 10/101 [1:43:06<15:38:43, 618.94s/it]
2026-05-19 14:20:14,530 [INFO] [A
2026-05-19 14:30:33,492 [INFO] 
2026-05-19 14:30:33,493 [INFO] 11%|#         | 11/101 [1:53:25<15:28:25, 618.95s/it]
2026-05-19 14:30:33,493 [INFO] [A
2026-05-19 14:40:52,782 [INFO] 
2026-05-19 14:40:52,783 [INFO] 12%|#1        | 12/101 [2:03:44<15:18:15, 619.05s/it]
2026-05-19 14:40:52,783 [INFO] [A
