PARAMS | Bacteria Sweep SAM | 32 | 6 | 0.6 | -0.5 | 0.5
creating new log file
2026-05-19 12:36:43,049 [INFO] WRITING LOG OUTPUT TO /scicore/home/basler/basler0004/.cellpose/run.log
2026-05-19 12:36:43,050 [INFO] 
cellpose version: 	4.1.1 
platform:       	linux 
python version: 	3.11.15 
torch version:  	2.4.1+cu121
2026-05-19 12:36:43,505 [INFO] ** TORCH CUDA version installed and working. **
2026-05-19 12:36:43,505 [INFO] >>>> using GPU (CUDA)
2026-05-19 12:36:43,505 [WARNING] the '--diam_mean' flag is deprecated in v4.0.1+ and no longer used
2026-05-19 12:36:43,505 [INFO] >>>> running cellpose on 1 images using all channels
2026-05-19 12:36:46,318 [INFO] >>>> loading model /scicore/home/basler/basler0004/.cellpose/models/cpsam
2026-05-19 12:36:47,252 [INFO] 0%|          | 0/1 [00:00<?, ?it/s]
2026-05-19 12:36:47,252 [INFO] loading image as 3D zstack
2026-05-19 12:36:47,255 [INFO] reading tiff with 101 planes
2026-05-19 12:37:08,266 [INFO] 
2026-05-19 12:37:08,267 [INFO] 0%|          | 0/101 [00:00<?, ?it/s]
2026-05-19 12:37:08,267 [INFO] [A
2026-05-19 12:47:23,879 [INFO] 
2026-05-19 12:47:23,880 [INFO] 1%|          | 1/101 [10:15<17:06:01, 615.61s/it]
2026-05-19 12:47:23,880 [INFO] [A
2026-05-19 12:57:39,743 [INFO] 
2026-05-19 12:57:39,744 [INFO] 2%|1         | 2/101 [20:31<16:56:00, 615.76s/it]
2026-05-19 12:57:39,744 [INFO] [A
2026-05-19 13:07:56,135 [INFO] 
2026-05-19 13:07:56,136 [INFO] 3%|2         | 3/101 [30:47<16:46:12, 616.05s/it]
2026-05-19 13:07:56,136 [INFO] [A
2026-05-19 13:18:12,990 [INFO] 
2026-05-19 13:18:12,990 [INFO] 4%|3         | 4/101 [41:04<16:36:27, 616.37s/it]
2026-05-19 13:18:12,990 [INFO] [A
2026-05-19 13:28:28,990 [INFO] 
2026-05-19 13:28:28,990 [INFO] 5%|4         | 5/101 [51:20<16:25:58, 616.23s/it]
2026-05-19 13:28:28,991 [INFO] [A
2026-05-19 13:38:45,365 [INFO] 
2026-05-19 13:38:45,366 [INFO] 6%|5         | 6/101 [1:01:37<16:15:46, 616.28s/it]
2026-05-19 13:38:45,366 [INFO] [A
2026-05-19 13:49:01,420 [INFO] 
2026-05-19 13:49:01,420 [INFO] 7%|6         | 7/101 [1:11:53<16:05:23, 616.21s/it]
2026-05-19 13:49:01,421 [INFO] [A
2026-05-19 13:59:18,392 [INFO] 
2026-05-19 13:59:18,393 [INFO] 8%|7         | 8/101 [1:22:10<15:55:29, 616.45s/it]
2026-05-19 13:59:18,393 [INFO] [A
2026-05-19 14:09:34,367 [INFO] 
2026-05-19 14:09:34,368 [INFO] 9%|8         | 9/101 [1:32:26<15:44:59, 616.30s/it]
2026-05-19 14:09:34,368 [INFO] [A
2026-05-19 14:19:51,189 [INFO] 
2026-05-19 14:19:51,189 [INFO] 10%|9         | 10/101 [1:42:42<15:34:58, 616.46s/it]
2026-05-19 14:19:51,189 [INFO] [A
2026-05-19 14:30:07,290 [INFO] 
2026-05-19 14:30:07,290 [INFO] 11%|#         | 11/101 [1:52:59<15:24:31, 616.35s/it]
2026-05-19 14:30:07,291 [INFO] [A
2026-05-19 14:40:23,920 [INFO] 
2026-05-19 14:40:23,921 [INFO] 12%|#1        | 12/101 [2:03:15<15:14:22, 616.44s/it]
2026-05-19 14:40:23,921 [INFO] [A
