PARAMS | Bacteria Sweep SAM | 32 | 6 | 0.4 | 0.0 | 0.5
creating new log file
2026-05-19 12:36:39,858 [INFO] WRITING LOG OUTPUT TO /scicore/home/basler/basler0004/.cellpose/run.log
2026-05-19 12:36:39,858 [INFO] 
cellpose version: 	4.1.1 
platform:       	linux 
python version: 	3.11.15 
torch version:  	2.4.1+cu121
2026-05-19 12:36:40,316 [INFO] ** TORCH CUDA version installed and working. **
2026-05-19 12:36:40,316 [INFO] >>>> using GPU (CUDA)
2026-05-19 12:36:40,316 [WARNING] the '--diam_mean' flag is deprecated in v4.0.1+ and no longer used
2026-05-19 12:36:40,316 [INFO] >>>> running cellpose on 1 images using all channels
2026-05-19 12:36:43,175 [INFO] >>>> loading model /scicore/home/basler/basler0004/.cellpose/models/cpsam
2026-05-19 12:36:44,149 [INFO] 0%|          | 0/1 [00:00<?, ?it/s]
2026-05-19 12:36:44,149 [INFO] loading image as 3D zstack
2026-05-19 12:36:44,152 [INFO] reading tiff with 101 planes
2026-05-19 12:37:05,046 [INFO] 
2026-05-19 12:37:05,047 [INFO] 0%|          | 0/101 [00:00<?, ?it/s]
2026-05-19 12:37:05,047 [INFO] [A
2026-05-19 12:47:22,455 [INFO] 
2026-05-19 12:47:22,456 [INFO] 1%|          | 1/101 [10:17<17:09:00, 617.41s/it]
2026-05-19 12:47:22,456 [INFO] [A
2026-05-19 12:57:40,440 [INFO] 
2026-05-19 12:57:40,441 [INFO] 2%|1         | 2/101 [20:35<16:59:16, 617.75s/it]
2026-05-19 12:57:40,441 [INFO] [A
2026-05-19 13:07:58,737 [INFO] 
2026-05-19 13:07:58,738 [INFO] 3%|2         | 3/101 [30:53<16:49:23, 618.00s/it]
2026-05-19 13:07:58,738 [INFO] [A
2026-05-19 13:18:17,127 [INFO] 
2026-05-19 13:18:17,127 [INFO] 4%|3         | 4/101 [41:12<16:39:20, 618.15s/it]
2026-05-19 13:18:17,127 [INFO] [A
2026-05-19 13:28:34,980 [INFO] 
2026-05-19 13:28:34,981 [INFO] 5%|4         | 5/101 [51:29<16:28:52, 618.04s/it]
2026-05-19 13:28:34,981 [INFO] [A
2026-05-19 13:38:53,230 [INFO] 
2026-05-19 13:38:53,231 [INFO] 6%|5         | 6/101 [1:01:48<16:18:40, 618.11s/it]
2026-05-19 13:38:53,231 [INFO] [A
2026-05-19 13:49:11,405 [INFO] 
2026-05-19 13:49:11,405 [INFO] 7%|6         | 7/101 [1:12:06<16:08:24, 618.13s/it]
2026-05-19 13:49:11,405 [INFO] [A
2026-05-19 13:59:29,543 [INFO] 
2026-05-19 13:59:29,543 [INFO] 8%|7         | 8/101 [1:22:24<15:58:06, 618.14s/it]
2026-05-19 13:59:29,543 [INFO] [A
2026-05-19 14:09:47,944 [INFO] 
2026-05-19 14:09:47,944 [INFO] 9%|8         | 9/101 [1:32:42<15:47:56, 618.22s/it]
2026-05-19 14:09:47,944 [INFO] [A
2026-05-19 14:20:05,834 [INFO] 
2026-05-19 14:20:05,834 [INFO] 10%|9         | 10/101 [1:43:00<15:37:28, 618.12s/it]
2026-05-19 14:20:05,834 [INFO] [A
2026-05-19 14:30:24,238 [INFO] 
2026-05-19 14:30:24,239 [INFO] 11%|#         | 11/101 [1:53:19<15:27:18, 618.20s/it]
2026-05-19 14:30:24,239 [INFO] [A
2026-05-19 14:40:42,650 [INFO] 
2026-05-19 14:40:42,651 [INFO] 12%|#1        | 12/101 [2:03:37<15:17:05, 618.27s/it]
2026-05-19 14:40:42,651 [INFO] [A
