PARAMS | Bacteria Sweep SAM | 32 | 6 | 0.4 | -2.0 | 0.5
creating new log file
2026-05-19 12:36:40,737 [INFO] WRITING LOG OUTPUT TO /scicore/home/basler/basler0004/.cellpose/run.log
2026-05-19 12:36:40,737 [INFO] 
cellpose version: 	4.1.1 
platform:       	linux 
python version: 	3.11.15 
torch version:  	2.4.1+cu121
2026-05-19 12:36:41,226 [INFO] ** TORCH CUDA version installed and working. **
2026-05-19 12:36:41,227 [INFO] >>>> using GPU (CUDA)
2026-05-19 12:36:41,227 [WARNING] the '--diam_mean' flag is deprecated in v4.0.1+ and no longer used
2026-05-19 12:36:41,227 [INFO] >>>> running cellpose on 1 images using all channels
2026-05-19 12:36:44,270 [INFO] >>>> loading model /scicore/home/basler/basler0004/.cellpose/models/cpsam
2026-05-19 12:36:45,476 [INFO] 0%|          | 0/1 [00:00<?, ?it/s]
2026-05-19 12:36:45,476 [INFO] loading image as 3D zstack
2026-05-19 12:36:45,479 [INFO] reading tiff with 101 planes
2026-05-19 12:37:09,600 [INFO] 
2026-05-19 12:37:09,601 [INFO] 0%|          | 0/101 [00:00<?, ?it/s]
2026-05-19 12:37:09,601 [INFO] [A
2026-05-19 12:48:16,759 [INFO] 
2026-05-19 12:48:16,759 [INFO] 1%|          | 1/101 [11:07<18:31:55, 667.16s/it]
2026-05-19 12:48:16,759 [INFO] [A
2026-05-19 12:59:25,624 [INFO] 
2026-05-19 12:59:25,625 [INFO] 2%|1         | 2/101 [22:16<18:22:28, 668.16s/it]
2026-05-19 12:59:25,625 [INFO] [A
2026-05-19 13:10:33,549 [INFO] 
2026-05-19 13:10:33,549 [INFO] 3%|2         | 3/101 [33:23<18:11:09, 668.05s/it]
2026-05-19 13:10:33,549 [INFO] [A
2026-05-19 13:21:42,587 [INFO] 
2026-05-19 13:21:42,587 [INFO] 4%|3         | 4/101 [44:32<18:00:38, 668.44s/it]
2026-05-19 13:21:42,587 [INFO] [A
2026-05-19 13:32:51,383 [INFO] 
2026-05-19 13:32:51,383 [INFO] 5%|4         | 5/101 [55:41<17:49:42, 668.57s/it]
2026-05-19 13:32:51,384 [INFO] [A
2026-05-19 13:44:01,111 [INFO] 
2026-05-19 13:44:01,112 [INFO] 6%|5         | 6/101 [1:06:51<17:39:11, 668.96s/it]
2026-05-19 13:44:01,112 [INFO] [A
2026-05-19 13:55:10,853 [INFO] 
2026-05-19 13:55:10,854 [INFO] 7%|6         | 7/101 [1:18:01<17:28:26, 669.22s/it]
2026-05-19 13:55:10,854 [INFO] [A
2026-05-19 14:06:23,113 [INFO] 
2026-05-19 14:06:23,114 [INFO] 8%|7         | 8/101 [1:29:13<17:18:47, 670.19s/it]
2026-05-19 14:06:23,116 [INFO] [A
2026-05-19 14:17:34,528 [INFO] 
2026-05-19 14:17:34,529 [INFO] 9%|8         | 9/101 [1:40:24<17:08:12, 670.57s/it]
2026-05-19 14:17:34,529 [INFO] [A
2026-05-19 14:28:42,813 [INFO] 
2026-05-19 14:28:42,814 [INFO] 10%|9         | 10/101 [1:51:33<16:55:57, 669.87s/it]
2026-05-19 14:28:42,814 [INFO] [A
2026-05-19 14:39:51,048 [INFO] 
2026-05-19 14:39:51,048 [INFO] 11%|#         | 11/101 [2:02:41<16:44:02, 669.37s/it]
2026-05-19 14:39:51,048 [INFO] [A
