PARAMS | Bacteria Sweep SAM | 32 | 6 | 0.4 | 1.0 | 0.5
creating new log file
2026-05-19 12:36:42,547 [INFO] WRITING LOG OUTPUT TO /scicore/home/basler/basler0004/.cellpose/run.log
2026-05-19 12:36:42,548 [INFO] 
cellpose version: 	4.1.1 
platform:       	linux 
python version: 	3.11.15 
torch version:  	2.4.1+cu121
2026-05-19 12:36:42,969 [INFO] ** TORCH CUDA version installed and working. **
2026-05-19 12:36:42,970 [INFO] >>>> using GPU (CUDA)
2026-05-19 12:36:42,970 [WARNING] the '--diam_mean' flag is deprecated in v4.0.1+ and no longer used
2026-05-19 12:36:42,970 [INFO] >>>> running cellpose on 1 images using all channels
2026-05-19 12:36:45,783 [INFO] >>>> loading model /scicore/home/basler/basler0004/.cellpose/models/cpsam
2026-05-19 12:36:46,810 [INFO] 0%|          | 0/1 [00:00<?, ?it/s]
2026-05-19 12:36:46,810 [INFO] loading image as 3D zstack
2026-05-19 12:36:46,814 [INFO] reading tiff with 101 planes
2026-05-19 12:37:08,074 [INFO] 
2026-05-19 12:37:08,074 [INFO] 0%|          | 0/101 [00:00<?, ?it/s]
2026-05-19 12:37:08,074 [INFO] [A
2026-05-19 12:48:18,448 [INFO] 
2026-05-19 12:48:18,449 [INFO] 1%|          | 1/101 [11:10<18:37:17, 670.37s/it]
2026-05-19 12:48:18,449 [INFO] [A
2026-05-19 12:59:30,063 [INFO] 
2026-05-19 12:59:30,063 [INFO] 2%|1         | 2/101 [22:21<18:27:19, 671.10s/it]
2026-05-19 12:59:30,063 [INFO] [A
2026-05-19 13:10:41,639 [INFO] 
2026-05-19 13:10:41,639 [INFO] 3%|2         | 3/101 [33:33<18:16:29, 671.32s/it]
2026-05-19 13:10:41,639 [INFO] [A
2026-05-19 13:21:53,504 [INFO] 
2026-05-19 13:21:53,505 [INFO] 4%|3         | 4/101 [44:45<18:05:38, 671.53s/it]
2026-05-19 13:21:53,505 [INFO] [A
2026-05-19 13:33:05,890 [INFO] 
2026-05-19 13:33:05,891 [INFO] 5%|4         | 5/101 [55:57<17:54:56, 671.84s/it]
2026-05-19 13:33:05,891 [INFO] [A
2026-05-19 13:44:17,606 [INFO] 
2026-05-19 13:44:17,607 [INFO] 6%|5         | 6/101 [1:07:09<17:43:40, 671.80s/it]
2026-05-19 13:44:17,607 [INFO] [A
2026-05-19 13:55:29,171 [INFO] 
2026-05-19 13:55:29,172 [INFO] 7%|6         | 7/101 [1:18:21<17:32:21, 671.72s/it]
2026-05-19 13:55:29,174 [INFO] [A
2026-05-19 14:06:41,167 [INFO] 
2026-05-19 14:06:41,167 [INFO] 8%|7         | 8/101 [1:29:33<17:21:18, 671.81s/it]
2026-05-19 14:06:41,168 [INFO] [A
2026-05-19 14:17:52,891 [INFO] 
2026-05-19 14:17:52,891 [INFO] 9%|8         | 9/101 [1:40:44<17:10:04, 671.78s/it]
2026-05-19 14:17:52,891 [INFO] [A
2026-05-19 14:29:04,849 [INFO] 
2026-05-19 14:29:04,849 [INFO] 10%|9         | 10/101 [1:51:56<16:58:57, 671.84s/it]
2026-05-19 14:29:04,850 [INFO] [A
2026-05-19 14:40:16,820 [INFO] 
2026-05-19 14:40:16,821 [INFO] 11%|#         | 11/101 [2:03:08<16:47:49, 671.88s/it]
2026-05-19 14:40:16,821 [INFO] [A
