PARAMS | Bacteria Sweep SAM | 32 | 6 | 0.4 | -0.5 | 0.5
2026-05-19 12:36:39,858 [INFO] WRITING LOG OUTPUT TO /scicore/home/basler/basler0004/.cellpose/run.log
2026-05-19 12:36:39,858 [INFO] 
cellpose version: 	4.1.1 
platform:       	linux 
python version: 	3.11.15 
torch version:  	2.4.1+cu121
2026-05-19 12:36:40,303 [INFO] ** TORCH CUDA version installed and working. **
2026-05-19 12:36:40,304 [INFO] >>>> using GPU (CUDA)
2026-05-19 12:36:40,304 [WARNING] the '--diam_mean' flag is deprecated in v4.0.1+ and no longer used
2026-05-19 12:36:40,304 [INFO] >>>> running cellpose on 1 images using all channels
2026-05-19 12:36:43,082 [INFO] >>>> loading model /scicore/home/basler/basler0004/.cellpose/models/cpsam
2026-05-19 12:36:44,051 [INFO] 0%|          | 0/1 [00:00<?, ?it/s]
2026-05-19 12:36:44,051 [INFO] loading image as 3D zstack
2026-05-19 12:36:44,054 [INFO] reading tiff with 101 planes
2026-05-19 12:37:04,989 [INFO] 
2026-05-19 12:37:04,990 [INFO] 0%|          | 0/101 [00:00<?, ?it/s]
2026-05-19 12:37:04,990 [INFO] [A
2026-05-19 12:48:12,149 [INFO] 
2026-05-19 12:48:12,150 [INFO] 1%|          | 1/101 [11:07<18:31:55, 667.16s/it]
2026-05-19 12:48:12,150 [INFO] [A
2026-05-19 12:59:20,432 [INFO] 
2026-05-19 12:59:20,432 [INFO] 2%|1         | 2/101 [22:15<18:21:54, 667.82s/it]
2026-05-19 12:59:20,432 [INFO] [A
2026-05-19 13:10:29,158 [INFO] 
2026-05-19 13:10:29,159 [INFO] 3%|2         | 3/101 [33:24<18:11:26, 668.23s/it]
2026-05-19 13:10:29,159 [INFO] [A
2026-05-19 13:21:37,365 [INFO] 
2026-05-19 13:21:37,365 [INFO] 4%|3         | 4/101 [44:32<18:00:17, 668.22s/it]
2026-05-19 13:21:37,366 [INFO] [A
2026-05-19 13:32:45,512 [INFO] 
2026-05-19 13:32:45,512 [INFO] 5%|4         | 5/101 [55:40<17:49:06, 668.20s/it]
2026-05-19 13:32:45,513 [INFO] [A
2026-05-19 13:43:54,128 [INFO] 
2026-05-19 13:43:54,128 [INFO] 6%|5         | 6/101 [1:06:49<17:38:12, 668.34s/it]
2026-05-19 13:43:54,128 [INFO] [A
2026-05-19 13:55:02,409 [INFO] 
2026-05-19 13:55:02,409 [INFO] 7%|6         | 7/101 [1:17:57<17:27:02, 668.32s/it]
2026-05-19 13:55:02,412 [INFO] [A
2026-05-19 14:06:10,885 [INFO] 
2026-05-19 14:06:10,886 [INFO] 8%|7         | 8/101 [1:29:05<17:15:58, 668.37s/it]
2026-05-19 14:06:10,886 [INFO] [A
2026-05-19 14:17:19,263 [INFO] 
2026-05-19 14:17:19,264 [INFO] 9%|8         | 9/101 [1:40:14<17:04:50, 668.37s/it]
2026-05-19 14:17:19,264 [INFO] [A
2026-05-19 14:28:27,335 [INFO] 
2026-05-19 14:28:27,335 [INFO] 10%|9         | 10/101 [1:51:22<16:53:33, 668.28s/it]
2026-05-19 14:28:27,335 [INFO] [A
2026-05-19 14:39:35,492 [INFO] 
2026-05-19 14:39:35,493 [INFO] 11%|#         | 11/101 [2:02:30<16:42:21, 668.24s/it]
2026-05-19 14:39:35,493 [INFO] [A
