Traceback (most recent call last):
  File "<frozen runpy>", line 198, in _run_module_as_main
  File "<frozen runpy>", line 88, in _run_code
  File "/scicore/home/basler/basler0004/Imaging_Project_sciCORE/CLEAN/Pipeline_Final/Scripts/Cellpose_3/.pixi/envs/default/lib/python3.11/site-packages/cellpose/__main__.py", line 380, in <module>
    main()
  File "/scicore/home/basler/basler0004/Imaging_Project_sciCORE/CLEAN/Pipeline_Final/Scripts/Cellpose_3/.pixi/envs/default/lib/python3.11/site-packages/cellpose/__main__.py", line 163, in main
    model = models.Cellpose(gpu=gpu, device=device, model_type=model_type,
            ^^^^^^^^^^^^^^^^^^^^^^^^^^^^^^^^^^^^^^^^^^^^^^^^^^^^^^^^^^^^^^
  File "/scicore/home/basler/basler0004/Imaging_Project_sciCORE/CLEAN/Pipeline_Final/Scripts/Cellpose_3/.pixi/envs/default/lib/python3.11/site-packages/cellpose/models.py", line 145, in __init__
    self.pretrained_size = size_model_path(model_type)
                           ^^^^^^^^^^^^^^^^^^^^^^^^^^^
  File "/scicore/home/basler/basler0004/Imaging_Project_sciCORE/CLEAN/Pipeline_Final/Scripts/Cellpose_3/.pixi/envs/default/lib/python3.11/site-packages/cellpose/models.py", line 68, in size_model_path
    return cache_model_path(basename)
           ^^^^^^^^^^^^^^^^^^^^^^^^^^
  File "/scicore/home/basler/basler0004/Imaging_Project_sciCORE/CLEAN/Pipeline_Final/Scripts/Cellpose_3/.pixi/envs/default/lib/python3.11/site-packages/cellpose/models.py", line 82, in cache_model_path
    utils.download_url_to_file(url, cached_file, progress=True)
  File "/scicore/home/basler/basler0004/Imaging_Project_sciCORE/CLEAN/Pipeline_Final/Scripts/Cellpose_3/.pixi/envs/default/lib/python3.11/site-packages/cellpose/utils.py", line 75, in download_url_to_file
    u = urlopen(url)
        ^^^^^^^^^^^^
  File "/scicore/home/basler/basler0004/Imaging_Project_sciCORE/CLEAN/Pipeline_Final/Scripts/Cellpose_3/.pixi/envs/default/lib/python3.11/urllib/request.py", line 216, in urlopen
    return opener.open(url, data, timeout)
           ^^^^^^^^^^^^^^^^^^^^^^^^^^^^^^^
  File "/scicore/home/basler/basler0004/Imaging_Project_sciCORE/CLEAN/Pipeline_Final/Scripts/Cellpose_3/.pixi/envs/default/lib/python3.11/urllib/request.py", line 525, in open
    response = meth(req, response)
               ^^^^^^^^^^^^^^^^^^^
  File "/scicore/home/basler/basler0004/Imaging_Project_sciCORE/CLEAN/Pipeline_Final/Scripts/Cellpose_3/.pixi/envs/default/lib/python3.11/urllib/request.py", line 634, in http_response
    response = self.parent.error(
               ^^^^^^^^^^^^^^^^^^
  File "/scicore/home/basler/basler0004/Imaging_Project_sciCORE/CLEAN/Pipeline_Final/Scripts/Cellpose_3/.pixi/envs/default/lib/python3.11/urllib/request.py", line 563, in error
    return self._call_chain(*args)
           ^^^^^^^^^^^^^^^^^^^^^^^
  File "/scicore/home/basler/basler0004/Imaging_Project_sciCORE/CLEAN/Pipeline_Final/Scripts/Cellpose_3/.pixi/envs/default/lib/python3.11/urllib/request.py", line 496, in _call_chain
    result = func(*args)
             ^^^^^^^^^^^
  File "/scicore/home/basler/basler0004/Imaging_Project_sciCORE/CLEAN/Pipeline_Final/Scripts/Cellpose_3/.pixi/envs/default/lib/python3.11/urllib/request.py", line 643, in http_error_default
    raise HTTPError(req.full_url, code, msg, hdrs, fp)
urllib.error.HTTPError: HTTP Error 403: Forbidden
