2026-05-20 02:09:07,905 [INFO] WRITING LOG OUTPUT TO /scicore/home/basler/basler0004/.cellpose/run.log
2026-05-20 02:09:07,905 [INFO] 
cellpose version: 	3.1.1.3 
platform:       	linux 
python version: 	3.11.15 
torch version:  	2.9.0+cu130
2026-05-20 02:09:08,415 [INFO] ** TORCH CUDA version installed and working. **
2026-05-20 02:09:08,416 [INFO] >>>> using GPU (CUDA)
2026-05-20 02:09:08,416 [INFO] >>>> running cellpose on 1 images using chan_to_seg GRAY and chan (opt) NONE
2026-05-20 02:09:08,416 [INFO] >> cyto2 << model set to be used
2026-05-20 02:09:08,496 [INFO] >>>> loading model /scicore/home/basler/basler0004/.cellpose/models/cyto2torch_0
2026-05-20 02:09:08,612 [INFO] >>>> model diam_mean =  30.000 (ROIs rescaled to this size during training)
2026-05-20 02:09:08,613 [INFO] >>>> loading ortho model /scicore/home/basler/basler0004/.cellpose/models/cyto2torch_0
2026-05-20 02:09:08,779 [INFO] >>>> using diameter 69.970 for all images
2026-05-20 02:09:08,781 [INFO] 0%|          | 0/1 [00:00<?, ?it/s]
2026-05-20 02:09:08,783 [INFO] reading tiff with 101 planes
2026-05-20 02:09:09,500 [WARNING] z_axis not specified, assuming it is dim 0
2026-05-20 02:09:09,500 [WARNING] if this is actually the channel_axis, use 'model.eval(channel_axis=0, ...)'
2026-05-20 02:09:09,501 [INFO] multi-stack tiff read in as having 101 planes 1 channels
2026-05-20 02:09:14,688 [INFO] resizing 3D image with rescale=0.43 and anisotropy=2.43
2026-05-20 02:09:15,838 [INFO] running YX: 105 planes of size (1166, 1166)
2026-05-20 02:09:15,839 [INFO] 
2026-05-20 02:09:15,839 [INFO] 0%|          | 0/7 [00:00<?, ?it/s]
2026-05-20 02:09:15,839 [INFO] [A
2026-05-20 02:09:28,914 [INFO] 100%|##########| 7/7 [00:13<00:00,  1.87s/it]
2026-05-20 02:09:30,383 [INFO] running ZY: 1166 planes of size (105, 1166)
2026-05-20 02:09:30,386 [INFO] 
2026-05-20 02:09:30,386 [INFO] 0%|          | 0/11 [00:00<?, ?it/s]
2026-05-20 02:09:30,386 [INFO] [A
2026-05-20 02:09:41,491 [INFO] 100%|##########| 11/11 [00:11<00:00,  1.01s/it]
2026-05-20 02:09:42,309 [INFO] running ZX: 1166 planes of size (105, 1166)
2026-05-20 02:09:42,310 [INFO] 
2026-05-20 02:09:42,310 [INFO] 0%|          | 0/11 [00:00<?, ?it/s]
2026-05-20 02:09:42,310 [INFO] [A
2026-05-20 02:09:59,003 [INFO] 100%|##########| 11/11 [00:16<00:00,  1.52s/it]
2026-05-20 02:10:03,248 [INFO] resizing 3D flows and cellprob to original image size
