2026-05-20 02:34:46,829 [INFO] WRITING LOG OUTPUT TO /scicore/home/basler/basler0004/.cellpose/run.log
2026-05-20 02:34:46,830 [INFO] 
cellpose version: 	3.1.1.3 
platform:       	linux 
python version: 	3.11.15 
torch version:  	2.9.0+cu130
2026-05-20 02:34:47,429 [INFO] ** TORCH CUDA version installed and working. **
2026-05-20 02:34:47,430 [INFO] >>>> using GPU (CUDA)
2026-05-20 02:34:47,430 [INFO] >>>> running cellpose on 1 images using chan_to_seg GRAY and chan (opt) NONE
2026-05-20 02:34:47,430 [INFO] >> nuclei << model set to be used
2026-05-20 02:34:47,507 [INFO] >>>> loading model /scicore/home/basler/basler0004/.cellpose/models/nucleitorch_0
2026-05-20 02:34:47,617 [INFO] >>>> model diam_mean =  17.000 (ROIs rescaled to this size during training)
2026-05-20 02:34:47,617 [INFO] >>>> loading ortho model /scicore/home/basler/basler0004/.cellpose/models/nucleitorch_0
2026-05-20 02:34:47,779 [INFO] >>>> using diameter 69.970 for all images
2026-05-20 02:34:47,780 [INFO] 0%|          | 0/1 [00:00<?, ?it/s]
2026-05-20 02:34:47,782 [INFO] reading tiff with 101 planes
2026-05-20 02:34:48,439 [WARNING] z_axis not specified, assuming it is dim 0
2026-05-20 02:34:48,439 [WARNING] if this is actually the channel_axis, use 'model.eval(channel_axis=0, ...)'
2026-05-20 02:34:48,439 [INFO] multi-stack tiff read in as having 101 planes 1 channels
2026-05-20 02:34:53,904 [INFO] resizing 3D image with rescale=0.24 and anisotropy=2.43
2026-05-20 02:34:54,288 [INFO] running YX: 59 planes of size (660, 660)
2026-05-20 02:34:54,289 [INFO] 
2026-05-20 02:34:54,289 [INFO] 0%|          | 0/1 [00:00<?, ?it/s]
2026-05-20 02:34:54,289 [INFO] [A
2026-05-20 02:34:56,729 [INFO] 100%|##########| 1/1 [00:02<00:00,  2.44s/it]
2026-05-20 02:34:57,042 [INFO] running ZY: 660 planes of size (59, 660)
2026-05-20 02:34:57,043 [INFO] 
2026-05-20 02:34:57,043 [INFO] 0%|          | 0/3 [00:00<?, ?it/s]
2026-05-20 02:34:57,043 [INFO] [A
2026-05-20 02:34:59,381 [INFO] 100%|##########| 3/3 [00:02<00:00,  1.28it/s]
2026-05-20 02:34:59,546 [INFO] running ZX: 660 planes of size (59, 660)
2026-05-20 02:34:59,546 [INFO] 
2026-05-20 02:34:59,546 [INFO] 0%|          | 0/3 [00:00<?, ?it/s]
2026-05-20 02:34:59,547 [INFO] [A
2026-05-20 02:35:02,127 [INFO] 100%|##########| 3/3 [00:02<00:00,  1.16it/s]
2026-05-20 02:35:02,403 [INFO] resizing 3D flows and cellprob to original image size
2026-05-20 02:35:09,528 [INFO] network run in 15.62s
2026-05-20 02:35:09,538 [INFO] smoothing flows with sigma=1.74
2026-05-20 02:37:12,454 [INFO] masks created in 47.03s
2026-05-20 02:37:58,220 [INFO] 100%|##########| 1/1 [03:10<00:00, 190.44s/it]
2026-05-20 02:37:58,220 [INFO] 100%|##########| 1/1 [03:10<00:00, 190.44s/it]
2026-05-20 02:37:58,220 [INFO] >>>> completed in 190.790 sec
