2026-05-20 02:34:10,959 [INFO] WRITING LOG OUTPUT TO /scicore/home/basler/basler0004/.cellpose/run.log
2026-05-20 02:34:10,959 [INFO] 
cellpose version: 	3.1.1.3 
platform:       	linux 
python version: 	3.11.15 
torch version:  	2.9.0+cu130
2026-05-20 02:34:11,454 [INFO] ** TORCH CUDA version installed and working. **
2026-05-20 02:34:11,454 [INFO] >>>> using GPU (CUDA)
2026-05-20 02:34:11,454 [INFO] >>>> running cellpose on 1 images using chan_to_seg GRAY and chan (opt) NONE
2026-05-20 02:34:11,454 [INFO] ** TORCH CUDA version installed and working. **
2026-05-20 02:34:11,454 [INFO] >>>> using GPU (CUDA)
2026-05-20 02:34:11,455 [INFO] >> nuclei << model set to be used
2026-05-20 02:34:11,513 [INFO] >>>> loading model /scicore/home/basler/basler0004/.cellpose/models/nucleitorch_0
2026-05-20 02:34:11,900 [INFO] >>>> model diam_mean =  17.000 (ROIs rescaled to this size during training)
2026-05-20 02:34:11,903 [INFO] >>>> using diameter 69.970 for all images
2026-05-20 02:34:11,904 [INFO] 0%|          | 0/1 [00:00<?, ?it/s]
2026-05-20 02:34:11,938 [INFO] reading tiff with 101 planes
2026-05-20 02:34:17,435 [INFO] channels set to [0, 0]
2026-05-20 02:34:17,435 [INFO] ~~~ FINDING MASKS ~~~
2026-05-20 02:34:17,435 [WARNING] z_axis not specified, assuming it is dim 0
2026-05-20 02:34:17,435 [WARNING] if this is actually the channel_axis, use 'model.eval(channel_axis=0, ...)'
2026-05-20 02:34:17,436 [INFO] multi-stack tiff read in as having 101 planes 1 channels
2026-05-20 02:34:22,657 [INFO] 
2026-05-20 02:34:22,657 [INFO] 0%|          | 0/2 [00:00<?, ?it/s]
2026-05-20 02:34:22,657 [INFO] [A
2026-05-20 02:34:27,047 [INFO] 100%|##########| 2/2 [00:04<00:00,  2.20s/it]
2026-05-20 02:34:31,098 [INFO] network run in 8.44s
2026-05-20 02:34:31,098 [INFO] 
2026-05-20 02:34:31,098 [INFO] 0%|          | 0/101 [00:00<?, ?it/s]
2026-05-20 02:34:31,098 [INFO] [A
2026-05-20 02:35:01,459 [INFO] 
2026-05-20 02:35:01,461 [INFO] 30%|##9       | 30/101 [00:30<01:11,  1.01s/it]
2026-05-20 02:35:01,461 [INFO] [A
2026-05-20 02:35:11,906 [INFO] 
2026-05-20 02:35:11,913 [INFO] 30%|##9       | 30/101 [00:40<01:11,  1.01s/it]
2026-05-20 02:35:11,913 [INFO] [A
2026-05-20 02:35:31,712 [INFO] 
2026-05-20 02:35:31,716 [INFO] 61%|######1   | 62/101 [01:00<00:37,  1.03it/s]
2026-05-20 02:35:31,716 [INFO] [A
2026-05-20 02:35:41,914 [INFO] 
2026-05-20 02:35:41,914 [INFO] 61%|######1   | 62/101 [01:10<00:37,  1.03it/s]
2026-05-20 02:35:41,914 [INFO] [A
2026-05-20 02:35:57,147 [INFO] 100%|##########| 101/101 [01:26<00:00,  1.17it/s]
2026-05-20 02:35:57,149 [INFO] stitching 101 planes using stitch_threshold=0.500 to make 3D masks
2026-05-20 02:36:16,859 [INFO] masks created in 105.76s
2026-05-20 02:37:13,299 [INFO] >>>> TOTAL TIME 175.86 sec
2026-05-20 02:37:17,883 [INFO] 100%|##########| 1/1 [03:05<00:00, 185.98s/it]
2026-05-20 02:37:17,883 [INFO] 100%|##########| 1/1 [03:05<00:00, 185.98s/it]
2026-05-20 02:37:17,883 [INFO] >>>> completed in 186.429 sec
