2026-05-20 02:45:45,637 [INFO] WRITING LOG OUTPUT TO /scicore/home/basler/basler0004/.cellpose/run.log
2026-05-20 02:45:45,638 [INFO] 
cellpose version: 	3.1.1.3 
platform:       	linux 
python version: 	3.11.15 
torch version:  	2.9.0+cu130
2026-05-20 02:45:46,182 [INFO] ** TORCH CUDA version installed and working. **
2026-05-20 02:45:46,182 [INFO] >>>> using GPU (CUDA)
2026-05-20 02:45:46,182 [INFO] >>>> running cellpose on 1 images using chan_to_seg GRAY and chan (opt) NONE
2026-05-20 02:45:46,182 [INFO] >> cyto2 << model set to be used
2026-05-20 02:45:46,239 [INFO] >>>> loading model /scicore/home/basler/basler0004/.cellpose/models/cyto2torch_0
2026-05-20 02:45:46,359 [INFO] >>>> model diam_mean =  30.000 (ROIs rescaled to this size during training)
2026-05-20 02:45:46,359 [INFO] >>>> loading ortho model /scicore/home/basler/basler0004/.cellpose/models/cyto2torch_0
2026-05-20 02:45:46,525 [INFO] >>>> using diameter 69.970 for all images
2026-05-20 02:45:46,527 [INFO] 0%|          | 0/1 [00:00<?, ?it/s]
2026-05-20 02:45:46,530 [INFO] reading tiff with 101 planes
2026-05-20 02:45:47,231 [WARNING] z_axis not specified, assuming it is dim 0
2026-05-20 02:45:47,232 [WARNING] if this is actually the channel_axis, use 'model.eval(channel_axis=0, ...)'
2026-05-20 02:45:47,232 [INFO] multi-stack tiff read in as having 101 planes 1 channels
2026-05-20 02:45:52,472 [INFO] resizing 3D image with rescale=0.43 and anisotropy=2.43
2026-05-20 02:45:53,504 [INFO] running YX: 105 planes of size (1166, 1166)
2026-05-20 02:45:53,505 [INFO] 
2026-05-20 02:45:53,505 [INFO] 0%|          | 0/6 [00:00<?, ?it/s]
2026-05-20 02:45:53,505 [INFO] [A
2026-05-20 02:46:06,768 [INFO] 100%|##########| 6/6 [00:13<00:00,  2.21s/it]
2026-05-20 02:46:08,239 [INFO] running ZY: 1166 planes of size (105, 1166)
2026-05-20 02:46:08,239 [INFO] 
2026-05-20 02:46:08,239 [INFO] 0%|          | 0/9 [00:00<?, ?it/s]
2026-05-20 02:46:08,240 [INFO] [A
2026-05-20 02:46:19,331 [INFO] 100%|##########| 9/9 [00:11<00:00,  1.23s/it]
2026-05-20 02:46:20,152 [INFO] running ZX: 1166 planes of size (105, 1166)
2026-05-20 02:46:20,153 [INFO] 
2026-05-20 02:46:20,153 [INFO] 0%|          | 0/9 [00:00<?, ?it/s]
2026-05-20 02:46:20,153 [INFO] [A
