2026-05-20 02:55:39,676 [INFO] WRITING LOG OUTPUT TO /scicore/home/basler/basler0004/.cellpose/run.log
2026-05-20 02:55:39,676 [INFO] 
cellpose version: 	3.1.1.3 
platform:       	linux 
python version: 	3.11.15 
torch version:  	2.9.0+cu130
2026-05-20 02:55:40,197 [INFO] ** TORCH CUDA version installed and working. **
2026-05-20 02:55:40,197 [INFO] >>>> using GPU (CUDA)
2026-05-20 02:55:40,198 [WARNING] pretrained model has incorrect path, using cyto3
2026-05-20 02:55:40,198 [INFO] >>>> running cellpose on 1 images using chan_to_seg GRAY and chan (opt) NONE
2026-05-20 02:55:40,198 [INFO] >> cyto3 << model set to be used
2026-05-20 02:55:40,282 [INFO] >>>> loading model /scicore/home/basler/basler0004/.cellpose/models/cyto3
2026-05-20 02:55:40,656 [INFO] >>>> model diam_mean =  30.000 (ROIs rescaled to this size during training)
2026-05-20 02:55:40,656 [INFO] >>>> using diameter 50.000 for all images
2026-05-20 02:55:40,659 [INFO] 0%|          | 0/1 [00:00<?, ?it/s]
2026-05-20 02:55:40,663 [INFO] reading tiff with 101 planes
2026-05-20 02:55:41,356 [WARNING] z_axis not specified, assuming it is dim 0
2026-05-20 02:55:41,356 [WARNING] if this is actually the channel_axis, use 'model.eval(channel_axis=0, ...)'
2026-05-20 02:55:41,356 [INFO] multi-stack tiff read in as having 101 planes 1 channels
2026-05-20 02:55:46,550 [INFO] resizing 3D image with rescale=0.60 and anisotropy=2.43
2026-05-20 02:55:48,594 [INFO] running YX: 147 planes of size (1632, 1632)
2026-05-20 02:55:48,594 [INFO] 
2026-05-20 02:55:48,594 [INFO] 0%|          | 0/17 [00:00<?, ?it/s]
2026-05-20 02:55:48,594 [INFO] [A
