2026-05-20 02:54:33,670 [INFO] WRITING LOG OUTPUT TO /scicore/home/basler/basler0004/.cellpose/run.log
2026-05-20 02:54:33,670 [INFO] 
cellpose version: 	3.1.1.3 
platform:       	linux 
python version: 	3.11.15 
torch version:  	2.9.0+cu130
2026-05-20 02:54:34,278 [INFO] ** TORCH CUDA version installed and working. **
2026-05-20 02:54:34,279 [INFO] >>>> using GPU (CUDA)
2026-05-20 02:54:34,279 [INFO] >>>> running cellpose on 1 images using chan_to_seg GRAY and chan (opt) NONE
2026-05-20 02:54:34,279 [INFO] >> cyto2 << model set to be used
2026-05-20 02:54:34,336 [INFO] >>>> loading model /scicore/home/basler/basler0004/.cellpose/models/cyto2torch_0
2026-05-20 02:54:34,453 [INFO] >>>> model diam_mean =  30.000 (ROIs rescaled to this size during training)
2026-05-20 02:54:34,454 [INFO] >>>> loading ortho model /scicore/home/basler/basler0004/.cellpose/models/cyto2torch_0
2026-05-20 02:54:34,618 [INFO] >>>> using diameter 69.970 for all images
2026-05-20 02:54:34,619 [INFO] 0%|          | 0/1 [00:00<?, ?it/s]
2026-05-20 02:54:34,639 [INFO] reading tiff with 101 planes
2026-05-20 02:54:43,801 [WARNING] z_axis not specified, assuming it is dim 0
2026-05-20 02:54:43,801 [WARNING] if this is actually the channel_axis, use 'model.eval(channel_axis=0, ...)'
2026-05-20 02:54:43,801 [INFO] multi-stack tiff read in as having 101 planes 1 channels
2026-05-20 02:54:49,031 [INFO] resizing 3D image with rescale=0.43 and anisotropy=2.43
2026-05-20 02:54:50,063 [INFO] running YX: 105 planes of size (1166, 1166)
2026-05-20 02:54:50,064 [INFO] 
2026-05-20 02:54:50,064 [INFO] 0%|          | 0/6 [00:00<?, ?it/s]
2026-05-20 02:54:50,064 [INFO] [A
